################################################################################
#                                                                              #
#      IAR Universal Linker V5.0.2.5/W32                                       #
#                                                                              #
#           Link time     =  18/Dec/2017  21:03:14                             #
#           Target CPU    =  x51                                               #
#           List file     =  "D:\Texas Instruments\CC2530\DSP_Wireless_¶i¶¥´Ú\ #
#                            Slave_C\ex_M230\debug\List\M230.map"              #
#           Output file 1 =  "D:\Texas Instruments\CC2530\DSP_Wireless_¶i¶¥´Ú\ #
#                            Slave_C\ex_M230\debug\Exe\M230.hex"               #
#                            Format: intel-extended                            #
#           Output file 2 =  "D:\Texas Instruments\CC2530\DSP_Wireless_¶i¶¥´Ú\ #
#                            Slave_C\ex_M230\debug\Exe\M230.d51"               #
#                            Format: debug                                     #
#                            UBROF version 10.0.3                              #
#                            Using library modules for C-SPY (-rt)             #
#           Command line  =  -IP:\IAR\8051\CONFIG\ -D_NR_OF_BANKS=0x07         #
#                            -D_CODEBANK_END=0xFFFF -D_CODEBANK_START=0x8000   #
#                            -D?CBANK_MASK=0x07 -D?CBANK=0x9F                  #
#                            "D:\Texas Instruments\CC2530\DSP_Wireless_¶i¶¥´Ú\ #
#                            Slave_C\ex_M230\debug\Obj\M230.r51"               #
#                            "D:\Texas Instruments\CC2530\DSP_Wireless_¶i¶¥´Ú\ #
#                            Slave_C\ex_M230\debug\Obj\Slave_C.r51"            #
#                            "D:\Texas Instruments\CC2530\DSP_Wireless_¶i¶¥´Ú\ #
#                            Slave_C\ex_M230\debug\Obj\basic_rf.r51"           #
#                            "D:\Texas Instruments\CC2530\DSP_Wireless_¶i¶¥´Ú\ #
#                            Slave_C\ex_M230\debug\Obj\basic_rf_security.r51"  #
#                            "D:\Texas Instruments\CC2530\DSP_Wireless_¶i¶¥´Ú\ #
#                            Slave_C\ex_M230\debug\Obj\hal_adc.r51"            #
#                            "D:\Texas Instruments\CC2530\DSP_Wireless_¶i¶¥´Ú\ #
#                            Slave_C\ex_M230\debug\Obj\hal_board.r51"          #
#                            "D:\Texas Instruments\CC2530\DSP_Wireless_¶i¶¥´Ú\ #
#                            Slave_C\ex_M230\debug\Obj\hal_button.r51"         #
#                            "D:\Texas Instruments\CC2530\DSP_Wireless_¶i¶¥´Ú\ #
#                            Slave_C\ex_M230\debug\Obj\hal_buzzer.r51"         #
#                            "D:\Texas Instruments\CC2530\DSP_Wireless_¶i¶¥´Ú\ #
#                            Slave_C\ex_M230\debug\Obj\hal_clock.r51"          #
#                            "D:\Texas Instruments\CC2530\DSP_Wireless_¶i¶¥´Ú\ #
#                            Slave_C\ex_M230\debug\Obj\hal_digio.r51"          #
#                            "D:\Texas Instruments\CC2530\DSP_Wireless_¶i¶¥´Ú\ #
#                            Slave_C\ex_M230\debug\Obj\hal_drink.r51"          #
#                            "D:\Texas Instruments\CC2530\DSP_Wireless_¶i¶¥´Ú\ #
#                            Slave_C\ex_M230\debug\Obj\hal_int.r51"            #
#                            "D:\Texas Instruments\CC2530\DSP_Wireless_¶i¶¥´Ú\ #
#                            Slave_C\ex_M230\debug\Obj\hal_keypad.r51"         #
#                            "D:\Texas Instruments\CC2530\DSP_Wireless_¶i¶¥´Ú\ #
#                            Slave_C\ex_M230\debug\Obj\hal_lcd.r51"            #
#                            "D:\Texas Instruments\CC2530\DSP_Wireless_¶i¶¥´Ú\ #
#                            Slave_C\ex_M230\debug\Obj\hal_led.r51"            #
#                            "D:\Texas Instruments\CC2530\DSP_Wireless_¶i¶¥´Ú\ #
#                            Slave_C\ex_M230\debug\Obj\hal_ledmatrix.r51"      #
#                            "D:\Texas Instruments\CC2530\DSP_Wireless_¶i¶¥´Ú\ #
#                            Slave_C\ex_M230\debug\Obj\hal_mcu.r51"            #
#                            "D:\Texas Instruments\CC2530\DSP_Wireless_¶i¶¥´Ú\ #
#                            Slave_C\ex_M230\debug\Obj\hal_rf.r51"             #
#                            "D:\Texas Instruments\CC2530\DSP_Wireless_¶i¶¥´Ú\ #
#                            Slave_C\ex_M230\debug\Obj\hal_rf_security.r51"    #
#                            "D:\Texas Instruments\CC2530\DSP_Wireless_¶i¶¥´Ú\ #
#                            Slave_C\ex_M230\debug\Obj\hal_rf_util.r51"        #
#                            "D:\Texas Instruments\CC2530\DSP_Wireless_¶i¶¥´Ú\ #
#                            Slave_C\ex_M230\debug\Obj\hal_uart.r51"           #
#                            "D:\Texas Instruments\CC2530\DSP_Wireless_¶i¶¥´Ú\ #
#                            Slave_C\ex_M230\debug\Obj\util.r51"               #
#                            "D:\Texas Instruments\CC2530\DSP_Wireless_¶i¶¥´Ú\ #
#                            Slave_C\ex_M230\debug\Obj\util_buffer.r51"        #
#                            "D:\Texas Instruments\CC2530\DSP_Wireless_¶i¶¥´Ú\ #
#                            Slave_C\ex_M230\debug\Obj\util_lcd.r51"           #
#                            -o                                                #
#                            "D:\Texas Instruments\CC2530\DSP_Wireless_¶i¶¥´Ú\ #
#                            Slave_C\ex_M230\debug\Exe\M230.d51"               #
#                            -l                                                #
#                            "D:\Texas Instruments\CC2530\DSP_Wireless_¶i¶¥´Ú\ #
#                            Slave_C\ex_M230\debug\List\M230.map"              #
#                            -xmsn -IP:\IAR\8051\CONFIG\ -f                    #
#                            "P:\IAR\8051\config\devices\Texas Instruments\lnk #
#                            51ew_cc2530F256_banked.xcl"                       #
#                            (-D_IDATA0_START=0x00 -D_IDATA0_END=0xFF          #
#                            -D_PDATA0_START=0x1E00 -D_PDATA0_END=0x1EFF       #
#                            -D_IXDATA0_START=0x0001 -D_IXDATA0_END=0x1EFF     #
#                            -D_XDATA0_START=_IXDATA0_START                    #
#                            -D_XDATA0_END=_IXDATA0_END                        #
#                            -D_NEAR_CODE_START=0x0000                         #
#                            -D_FIRST_BANK_ADDR=0x10000 -D?REGISTER_BANK=0x0   #
#                            -D_REGISTER_BANK_START=0x0 -D_BREG_START=0x00     #
#                            -D?VB=0x20 -D?ESP=0x9B -Z(BIT)BREG=_BREG_START    #
#                            -Z(BIT)BIT_N=0-7F                                 #
#                            -Z(DATA)REGISTERS+8=_REGISTER_BANK_START          #
#                            -Z(DATA)BDATA_Z,BDATA_N,BDATA_I=20-2F             #
#                            -Z(DATA)VREG+_NR_OF_VIRTUAL_REGISTERS=08-7F       #
#                            -Z(DATA)PSP,XSP=08-7F -Z(DATA)DOVERLAY=08-7F      #
#                            -Z(DATA)DATA_I,DATA_Z,DATA_N=08-7F                #
#                            -U(IDATA)0-7F=(DATA)0-7F                          #
#                            -Z(IDATA)IDATA_I,IDATA_Z,IDATA_N=08-_IDATA0_END   #
#                            -Z(IDATA)ISTACK+_IDATA_STACK_SIZE#08-_IDATA0_END  #
#                            -Z(IDATA)IOVERLAY=08-FF -Z(CODE)INTVEC=0          #
#                            -Z(CODE)CSTART=_NEAR_CODE_START-(_CODEBANK_START- #
#                            1)                                                #
#                            -Z(CODE)BIT_ID,BDATA_ID,DATA_ID,IDATA_ID,IXDATA_I #
#                            D,PDATA_ID,XDATA_ID=_NEAR_CODE_START-(_CODEBANK_S #
#                            TART-1)                                           #
#                            -Z(CODE)BANK_RELAYS,RCODE,DIFUNCT,CODE_C,CODE_N,N #
#                            EAR_CODE=_NEAR_CODE_START-(_CODEBANK_START-1)     #
#                            -P(CODE)BANKED_CODE=_NEAR_CODE_START-(_CODEBANK_S #
#                            TART-1),[(_CODEBANK_START+_FIRST_BANK_ADDR)-(_COD #
#                            EBANK_END+_FIRST_BANK_ADDR)]*_NR_OF_BANKS+10000   #
#                            -Z(CODE)CHECKSUM#(_CODEBANK_START-1)              #
#                            -Z(XDATA)PDATA_Z,PDATA_I=_PDATA0_START-_PDATA0_EN #
#                            D                                                 #
#                            -P(XDATA)PDATA_N=_PDATA0_START-_PDATA0_END        #
#                            -Z(XDATA)PSTACK+_PDATA_STACK_SIZE=_PDATA0_START-_ #
#                            PDATA0_END                                        #
#                            -Z(XDATA)EXT_STACK+_EXTENDED_STACK_SIZE=_EXTENDED #
#                            _STACK_START                                      #
#                            -Z(XDATA)XSTACK+_XDATA_STACK_SIZE=_XDATA0_START-_ #
#                            XDATA0_END                                        #
#                            -Z(XDATA)IXDATA_Z,IXDATA_I=_IXDATA0_START-_IXDATA #
#                            0_END                                             #
#                            -P(XDATA)IXDATA_N=_IXDATA0_START-_IXDATA0_END     #
#                            -Z(XDATA)XDATA_Z,XDATA_I=_XDATA0_START-_XDATA0_EN #
#                            D                                                 #
#                            -P(XDATA)XDATA_N=_XDATA0_START-_XDATA0_END        #
#                            -Z(XDATA)XDATA_HEAP+_XDATA_HEAP_SIZE=_XDATA0_STAR #
#                            T-_XDATA0_END                                     #
#                            -Z(CONST)XDATA_ROM_C=_XDATA0_START-_XDATA0_END    #
#                            -cx51                                             #
#                            -M(CODE)[(_CODEBANK_START+_FIRST_BANK_ADDR)-(_COD #
#                            EBANK_END+_FIRST_BANK_ADDR)]*_NR_OF_BANKS+0x10000 #
#                            =0x8000                                           #
#                            -ww69=i -D_BANK0_START=0x00000                    #
#                            -D_BANK0_END=0x07FFF -D_BANK1_START=0x18000       #
#                            -D_BANK1_END=0x1FFFF -D_BANK2_START=0x28000       #
#                            -D_BANK2_END=0x2FFFF -D_BANK3_START=0x38000       #
#                            -D_BANK3_END=0x3FFFF -D_BANK4_START=0x48000       #
#                            -D_BANK4_END=0x4FFFF -D_BANK5_START=0x58000       #
#                            -D_BANK5_END=0x5FFFF -D_BANK6_START=0x68000       #
#                            -D_BANK6_END=0x6FFFF -D_BANK7_START=0x78000       #
#                            -D_BANK7_END=0x7FFFF                              #
#                            -P(CODE)BANK0=_BANK0_START-_BANK0_END             #
#                            -P(CODE)BANK1=_BANK1_START-_BANK1_END             #
#                            -P(CODE)BANK2=_BANK2_START-_BANK2_END             #
#                            -P(CODE)BANK3=_BANK3_START-_BANK3_END             #
#                            -P(CODE)BANK4=_BANK4_START-_BANK4_END             #
#                            -P(CODE)BANK5=_BANK5_START-_BANK5_END             #
#                            -P(CODE)BANK6=_BANK6_START-_BANK6_END             #
#                            -P(CODE)BANK7=_BANK7_START-_BANK7_END             #
#                            -D_FLASH_LOCK_BITS_START=0x7FFF0                  #
#                            -D_FLASH_LOCK_BITS_END=0x7FFFF                    #
#                            -Z(CODE)FLASH_LOCK_BITS=_FLASH_LOCK_BITS_START-_F #
#                            LASH_LOCK_BITS_END                                #
#                            -U(CODE)0x0000=(CODE)_FLASH_LOCK_BITS_START-_FLAS #
#                            H_LOCK_BITS_END)                                  #
#                            -e?BCALL_07=?BCALL -e?BRET_07=?BRET               #
#                            -e?BDISPATCH_07=?BDISPATCH                        #
#                            -D_NR_OF_VIRTUAL_REGISTERS=8 -D?PBANK=0xA0        #
#                            -e_medium_write=_formatted_write                  #
#                            -e_medium_read=_formatted_read -rt                #
#                            "-Ointel-extended=D:\Texas Instruments\CC2530\DSP #
#                            _Wireless_¶i¶¥´Ú\Slave_C\ex_M230\debug\Exe\M230.h #
#                            ex"                                               #
#                            -s __program_start                                #
#                            P:\IAR\8051\LIB\CLIB\cl-pli-blxd-1e16x01.r51      #
#                            -D_IDATA_STACK_SIZE=0x40                          #
#                            -D_EXTENDED_STACK_START=0x00                      #
#                            -D_EXTENDED_STACK_SIZE=0x00                       #
#                            -D_PDATA_STACK_SIZE=0x80                          #
#                            -D_XDATA_STACK_SIZE=0x100                         #
#                            -D_XDATA_HEAP_SIZE=0xFF -D_FAR_HEAP_SIZE=0xFFF    #
#                            -D_HUGE_HEAP_SIZE=0xFFF                           #
#                            -D_FAR22_HEAP_SIZE=0xFFF                          #
#                                                                              #
#                           Copyright (C) 1987-2010 IAR Systems AB.            #
################################################################################





                ****************************************
                *                                      *
                *           CROSS REFERENCE            *
                *                                      *
                ****************************************

       Program entry at : CODE      000000E3  Relocatable, from module : CSTARTUP




                ****************************************
                *                                      *
                *            RUNTIME MODEL             *
                *                                      *
                ****************************************

  __SystemLibrary          = CLib
  __calling_convention     = xdata_reentrant
  __code_model             = banked
  __core                   = plain
  __data_model             = large
  __dptr_size              = 16
  __extended_stack         = disabled
  __location_for_constants = data
  __number_of_dptrs        = 1
  __rt_version             = 1



                ****************************************
                *                                      *
                *              MODULE MAP              *
                *                                      *
                ****************************************


  DEFINED ABSOLUTE ENTRIES
    *************************************************************************

  DEFINED ABSOLUTE ENTRIES
  PROGRAM MODULE, NAME : ?ABS_ENTRY_MOD

Absolute parts
           ENTRY                   ADDRESS         REF BY
           =====                   =======         ======
           _FAR22_HEAP_SIZE        00000FFF 
           _HUGE_HEAP_SIZE         00000FFF 
           _FAR_HEAP_SIZE          00000FFF 
           _XDATA_HEAP_SIZE        000000FF 
           _XDATA_STACK_SIZE       00000100 
           _PDATA_STACK_SIZE       00000080 
           _EXTENDED_STACK_SIZE    00000000 
           _EXTENDED_STACK_START   00000000 
           _IDATA_STACK_SIZE       00000040 
           ?PBANK                  000000A0 
           _NR_OF_VIRTUAL_REGISTERS
                                   00000008 
           _FLASH_LOCK_BITS_END    0003FFFF 
           _FLASH_LOCK_BITS_START
                                   0003FFF0 
           _BANK7_END              0003FFFF 
           _BANK7_START            00038000 
           _BANK6_END              00037FFF 
           _BANK6_START            00030000 
           _BANK5_END              0002FFFF 
           _BANK5_START            00028000 
           _BANK4_END              00027FFF 
           _BANK4_START            00020000 
           _BANK3_END              0001FFFF 
           _BANK3_START            00018000 
           _BANK2_END              00017FFF 
           _BANK2_START            00010000 
           _BANK1_END              0000FFFF 
           _BANK1_START            00008000 
           _BANK0_END              00007FFF 
           _BANK0_START            00000000 
           ?ESP                    0000009B 
           ?VB                     00000020        ?BANKED_ENTER_XDATA (?BANKED_ENTER_XDATA)
                                                   ?BANKED_LEAVE_XDATA (?BANKED_LEAVE_XDATA)
                                                   ?INTERRUPT_ENTER_XSP (?INTERRUPT_ENTER_XSP)
                                                   ?INTERRUPT_LEAVE_XSP (?INTERRUPT_LEAVE_XSP)
           _BREG_START             00000000 
           _REGISTER_BANK_START    00000000 
           ?REGISTER_BANK          00000000        Segment part 6 (CSTARTUP)
           _FIRST_BANK_ADDR        00010000 
           _NEAR_CODE_START        00000000 
           _XDATA0_END             00001EFF 
           _XDATA0_START           00000001 
           _IXDATA0_END            00001EFF 
           _IXDATA0_START          00000001 
           _PDATA0_END             00001EFF 
           _PDATA0_START           00001E00 
           _IDATA0_END             000000FF 
           _IDATA0_START           00000000 
           ?CBANK                  0000009F        ?RESET_CODE_BANK (CSTARTUP)
                                                   Segment part 3 (?BANKED_CODE_SUPPORT)
           ?CBANK_MASK             00000007 
           _CODEBANK_START         00008000 
           _CODEBANK_END           0000FFFF 
           _NR_OF_BANKS            00000007 
    *************************************************************************

  FILE NAME : D:\Texas Instruments\CC2530\DSP_Wireless_¶i¶¥´Ú\Slave_C\ex_M230\debug\Obj\M230.r51
  PROGRAM MODULE, NAME : M230

  SEGMENTS IN THE MODULE
  ======================
SFR_AN
  Relative segment, address: DATA 00000080 - 00000080 (0x1 bytes), align: 0
  Segment part 1. ROOT.       Intra module refs:   halBoardInit (hal_board)
           ENTRY                   ADDRESS         REF BY
           =====                   =======         ======
           _A_P0                   00000080 
           LOCAL                   ADDRESS         
           =====                   =======         
           P0                      00000080 
    -------------------------------------------------------------------------
SFR_AN
  Relative segment, address: DATA 0000008F - 0000008F (0x1 bytes), align: 0
  Segment part 2. ROOT.
           ENTRY                   ADDRESS         REF BY
           =====                   =======         ======
           P0INP                   0000008F 
    -------------------------------------------------------------------------
SFR_AN
  Relative segment, address: DATA 000000F3 - 000000F3 (0x1 bytes), align: 0
  Segment part 3. ROOT.       Intra module refs:   halBoardInit (hal_board)
                                                   halUartInit (hal_uart)
           ENTRY                   ADDRESS         REF BY
           =====                   =======         ======
           P0SEL                   000000F3 
    -------------------------------------------------------------------------
SFR_AN
  Relative segment, address: DATA 000000F7 - 000000F7 (0x1 bytes), align: 0
  Segment part 4. ROOT.       Intra module refs:   halBoardInit (hal_board)
                                                   halKeypadI2cRead (hal_keypad)
           ENTRY                   ADDRESS         REF BY
           =====                   =======         ======
           P2INP                   000000F7 
    -------------------------------------------------------------------------
SFR_AN
  Relative segment, address: DATA 000000FD - 000000FD (0x1 bytes), align: 0
  Segment part 5. ROOT.       Intra module refs:   halBoardInit (hal_board)
           ENTRY                   ADDRESS         REF BY
           =====                   =======         ======
           P0DIR                   000000FD 

    *************************************************************************

  FILE NAME : D:\Texas Instruments\CC2530\DSP_Wireless_¶i¶¥´Ú\Slave_C\ex_M230\debug\Obj\Slave_C.r51
  PROGRAM MODULE, NAME : Slave_C

  SEGMENTS IN THE MODULE
  ======================
XDATA_Z
  Relative segment, address: XDATA 00000101 - 0000017F (0x7f bytes), align: 0
  Segment part 24.            Intra module refs:   main
           LOCAL                   ADDRESS         
           =====                   =======         
           pRxData                 00000101 
    -------------------------------------------------------------------------
XDATA_Z
  Relative segment, address: XDATA 00000180 - 00000185 (0x6 bytes), align: 0
  Segment part 25.            Intra module refs:   main
           LOCAL                   ADDRESS         
           =====                   =======         
           basicRfConfig           00000180 
    -------------------------------------------------------------------------
XDATA_Z
  Relative segment, address: XDATA 00000186 - 0000018D (0x8 bytes), align: 0
  Segment part 26.            Intra module refs:   ?Subroutine11
                                                   Mode
           ENTRY                   ADDRESS         REF BY
           =====                   =======         ======
           ProgramROM              00000186 
    -------------------------------------------------------------------------
XDATA_Z
  Relative segment, address: XDATA 0000018E - 00000191 (0x4 bytes), align: 0
  Segment part 27.            Intra module refs:   Mode
           ENTRY                   ADDRESS         REF BY
           =====                   =======         ======
           ProgramDelayI           0000018E 
    -------------------------------------------------------------------------
XDATA_Z
  Relative segment, address: XDATA 00000192 - 00000195 (0x4 bytes), align: 0
  Segment part 28.            Intra module refs:   ?Subroutine5
                                                   Mode
           ENTRY                   ADDRESS         REF BY
           =====                   =======         ======
           ProgramOrder            00000192 
    -------------------------------------------------------------------------
XDATA_Z
  Relative segment, address: XDATA 00000196 - 00000196 (0x1 bytes), align: 0
  Segment part 29.            Intra module refs:   Program
           ENTRY                   ADDRESS         REF BY
           =====                   =======         ======
           ProgramText             00000196 
    -------------------------------------------------------------------------
XDATA_Z
  Relative segment, address: XDATA 00000197 - 00000197 (0x1 bytes), align: 0
  Segment part 30.            Intra module refs:   ReadKeyInt
           ENTRY                   ADDRESS         REF BY
           =====                   =======         ======
           key                     00000197 
    -------------------------------------------------------------------------
XDATA_Z
  Relative segment, address: XDATA 00000198 - 00000198 (0x1 bytes), align: 0
  Segment part 31.            Intra module refs:   ?Subroutine5
                                                   Client
                                                   Mode
                                                   main
           ENTRY                   ADDRESS         REF BY
           =====                   =======         ======
           KeyCount                00000198 
    -------------------------------------------------------------------------
XDATA_Z
  Relative segment, address: XDATA 00000199 - 0000019A (0x2 bytes), align: 0
  Segment part 32.            Intra module refs:   ?Subroutine1
                                                   Mode
                                                   main
           ENTRY                   ADDRESS         REF BY
           =====                   =======         ======
           ProgramDelay            00000199 
    -------------------------------------------------------------------------
<BANKED_CODE> 1 (was BANKED_CODE)
  Relative segment, address: CODE 00000EEB - 0000102E (0x144 bytes), align: 0
  Segment part 33.
           ENTRY                   ADDRESS         REF BY
           =====                   =======         ======
           main                    00000EEB        ?call_main (?cmain)
               calls direct
    -------------------------------------------------------------------------
<BANKED_CODE> 1 (was BANKED_CODE)
  Relative segment, address: CODE 0000102F - 00001039 (0xb bytes), align: 0
  Segment part 35.            Intra module refs:   main
           LOCAL                   ADDRESS         
           =====                   =======         
           ?Subroutine2            0000102F 
    -------------------------------------------------------------------------
<BANKED_CODE> 1 (was BANKED_CODE)
  Relative segment, address: CODE 0000103A - 00001048 (0xf bytes), align: 0
  Segment part 36.            Intra module refs:   ?Subroutine2
           LOCAL                   ADDRESS         
           =====                   =======         
           ?Subroutine12           0000103A 
    -------------------------------------------------------------------------
<BANKED_CODE> 1 (was BANKED_CODE)
  Relative segment, address: CODE 00001049 - 0000104F (0x7 bytes), align: 0
  Segment part 39.            Intra module refs:   Client
                                                   ReadKeyInt
           LOCAL                   ADDRESS         
           =====                   =======         
           ?Subroutine0            00001049 
    -------------------------------------------------------------------------
<BANKED_CODE> 1 (was BANKED_CODE)
  Relative segment, address: CODE 00001050 - 00001062 (0x13 bytes), align: 0
  Segment part 40.            Intra module refs:   main
           LOCAL                   ADDRESS         
           =====                   =======         
           ?Subroutine6            00001050 
    -------------------------------------------------------------------------
<BANKED_CODE> 1 (was BANKED_CODE)
  Relative segment, address: CODE 00001063 - 0000118B (0x129 bytes), align: 0
  Segment part 41.            Intra module refs:   Mode::?relay
           ENTRY                   ADDRESS         REF BY
           =====                   =======         ======
           Mode                    00001063 
               calls direct
               XSTACK = 00000000 ( 0000000B )
               ISTACK = 00000000 ( 00000001 )
    -------------------------------------------------------------------------
<BANKED_CODE> 1 (was BANKED_CODE)
  Relative segment, address: CODE 0000118C - 00001196 (0xb bytes), align: 0
  Segment part 43.            Intra module refs:   Mode
           LOCAL                   ADDRESS         
           =====                   =======         
           ?Subroutine10           0000118C 
    -------------------------------------------------------------------------
<BANKED_CODE> 1 (was BANKED_CODE)
  Relative segment, address: CODE 00001197 - 000011A6 (0x10 bytes), align: 0
  Segment part 44.            Intra module refs:   Mode
           LOCAL                   ADDRESS         
           =====                   =======         
           ?Subroutine9            00001197 
    -------------------------------------------------------------------------
<BANKED_CODE> 1 (was BANKED_CODE)
  Relative segment, address: CODE 000011A7 - 000011B5 (0xf bytes), align: 0
  Segment part 45.            Intra module refs:   Mode
           LOCAL                   ADDRESS         
           =====                   =======         
           ?Subroutine8            000011A7 
    -------------------------------------------------------------------------
<BANKED_CODE> 1 (was BANKED_CODE)
  Relative segment, address: CODE 000011B6 - 000011B7 (0x2 bytes), align: 0
  Segment part 46.            Intra module refs:   Mode
           LOCAL                   ADDRESS         
           =====                   =======         
           ?Subroutine7            000011B6 
    -------------------------------------------------------------------------
<BANKED_CODE> 1 (was BANKED_CODE)
  Relative segment, address: CODE 000011B8 - 000011BF (0x8 bytes), align: 0
  Segment part 47.            Intra module refs:   ?Subroutine7
                                                   Mode
    -------------------------------------------------------------------------
<BANKED_CODE> 1 (was BANKED_CODE)
  Relative segment, address: CODE 000011C0 - 000011D7 (0x18 bytes), align: 0
  Segment part 48.            Intra module refs:   Mode
           LOCAL                   ADDRESS         
           =====                   =======         
           ?Subroutine1            000011C0 
    -------------------------------------------------------------------------
<BANKED_CODE> 1 (was BANKED_CODE)
  Relative segment, address: CODE 000011D8 - 0000127B (0xa4 bytes), align: 0
  Segment part 49.            Intra module refs:   Program::?relay
           ENTRY                   ADDRESS         REF BY
           =====                   =======         ======
           Program                 000011D8 
               calls direct
               XSTACK = 0000000B ( 00000009 )
    -------------------------------------------------------------------------
<BANKED_CODE> 1 (was BANKED_CODE)
  Relative segment, address: CODE 0000127C - 0000127F (0x4 bytes), align: 0
  Segment part 51.            Intra module refs:   Program
           LOCAL                   ADDRESS         
           =====                   =======         
           ?Subroutine4            0000127C 
    -------------------------------------------------------------------------
<BANKED_CODE> 1 (was BANKED_CODE)
  Relative segment, address: CODE 00001280 - 0000128C (0xd bytes), align: 0
  Segment part 52.            Intra module refs:   ?Subroutine3
                                                   ?Subroutine4
           LOCAL                   ADDRESS         
           =====                   =======         
           ?Subroutine11           00001280 
    -------------------------------------------------------------------------
<BANKED_CODE> 1 (was BANKED_CODE)
  Relative segment, address: CODE 0000128D - 00001294 (0x8 bytes), align: 0
  Segment part 53.            Intra module refs:   Program
           LOCAL                   ADDRESS         
           =====                   =======         
           ?Subroutine3            0000128D 
    -------------------------------------------------------------------------
<BANKED_CODE> 1 (was BANKED_CODE)
  Relative segment, address: CODE 00001295 - 000012F5 (0x61 bytes), align: 0
  Segment part 54.            Intra module refs:   Client::?relay
           ENTRY                   ADDRESS         REF BY
           =====                   =======         ======
           Client                  00001295 
               calls direct
               ISTACK = 00000000 ( 00000002 )
    -------------------------------------------------------------------------
<BANKED_CODE> 1 (was BANKED_CODE)
  Relative segment, address: CODE 000012F6 - 00001306 (0x11 bytes), align: 0
  Segment part 56.            Intra module refs:   Client
           LOCAL                   ADDRESS         
           =====                   =======         
           ?Subroutine5            000012F6 
    -------------------------------------------------------------------------
<BANKED_CODE> 1 (was BANKED_CODE)
  Relative segment, address: CODE 00001307 - 00001370 (0x6a bytes), align: 0
  Segment part 57.            Intra module refs:   ReadKeyInt::?relay
           ENTRY                   ADDRESS         REF BY
           =====                   =======         ======
           ReadKeyInt              00001307 
               calls direct
               XSTACK = 0000000B ( 00000000 )
               ISTACK = 00000000 ( 00000002 )
    -------------------------------------------------------------------------
XDATA_ID
  Relative segment, address: CODE 00000142 - 00000152 (0x11 bytes), align: 0
  Segment part 7.             Intra module refs:   Segment part 6
    -------------------------------------------------------------------------
XDATA_ID
  Relative segment, address: CODE 00000153 - 00000157 (0x5 bytes), align: 0
  Segment part 9.             Intra module refs:   Segment part 8
    -------------------------------------------------------------------------
XDATA_ID
  Relative segment, address: CODE 00000158 - 00000160 (0x9 bytes), align: 0
  Segment part 11.            Intra module refs:   Segment part 10
    -------------------------------------------------------------------------
XDATA_ID
  Relative segment, address: CODE 00000161 - 00000166 (0x6 bytes), align: 0
  Segment part 13.            Intra module refs:   Segment part 12
    -------------------------------------------------------------------------
XDATA_ID
  Relative segment, address: CODE 00000167 - 0000016D (0x7 bytes), align: 0
  Segment part 15.            Intra module refs:   Segment part 14
    -------------------------------------------------------------------------
XDATA_ID
  Relative segment, address: CODE 0000016E - 0000017D (0x10 bytes), align: 0
  Segment part 17.            Intra module refs:   Segment part 16
    -------------------------------------------------------------------------
XDATA_ID
  Relative segment, address: CODE 0000017E - 0000018E (0x11 bytes), align: 0
  Segment part 19.            Intra module refs:   Segment part 18
    -------------------------------------------------------------------------
XDATA_ID
  Relative segment, address: CODE 0000018F - 00000196 (0x8 bytes), align: 0
  Segment part 21.            Intra module refs:   Segment part 20
    -------------------------------------------------------------------------
XDATA_ID
  Relative segment, address: CODE 00000197 - 000001A7 (0x11 bytes), align: 0
  Segment part 23.            Intra module refs:   Segment part 22
    -------------------------------------------------------------------------
BANK_RELAYS
  Relative segment, address: CODE 000001CC - 000001D1 (0x6 bytes), align: 0
  Segment part 42.            Intra module refs:   main
           ENTRY                   ADDRESS         REF BY
           =====                   =======         ======
           Mode::?relay            000001CC 
    -------------------------------------------------------------------------
BANK_RELAYS
  Relative segment, address: CODE 000001D2 - 000001D7 (0x6 bytes), align: 0
  Segment part 50.            Intra module refs:   Mode
           ENTRY                   ADDRESS         REF BY
           =====                   =======         ======
           Program::?relay         000001D2 
    -------------------------------------------------------------------------
BANK_RELAYS
  Relative segment, address: CODE 000001D8 - 000001DD (0x6 bytes), align: 0
  Segment part 55.            Intra module refs:   main
           ENTRY                   ADDRESS         REF BY
           =====                   =======         ======
           Client::?relay          000001D8 
    -------------------------------------------------------------------------
BANK_RELAYS
  Relative segment, address: CODE 000001DE - 000001E3 (0x6 bytes), align: 0
  Segment part 58.            Intra module refs:   Mode
           ENTRY                   ADDRESS         REF BY
           =====                   =======         ======
           ReadKeyInt::?relay      000001DE 
    -------------------------------------------------------------------------
XDATA_I
  Relative segment, address: XDATA 00000364 - 00000374 (0x11 bytes), align: 0
  Segment part 6.             Intra module refs:   main
    -------------------------------------------------------------------------
XDATA_I
  Relative segment, address: XDATA 00000375 - 00000379 (0x5 bytes), align: 0
  Segment part 8.             Intra module refs:   ?Subroutine12
    -------------------------------------------------------------------------
XDATA_I
  Relative segment, address: XDATA 0000037A - 00000382 (0x9 bytes), align: 0
  Segment part 10.            Intra module refs:   ?Subroutine6
    -------------------------------------------------------------------------
XDATA_I
  Relative segment, address: XDATA 00000383 - 00000388 (0x6 bytes), align: 0
  Segment part 12.            Intra module refs:   main
    -------------------------------------------------------------------------
XDATA_I
  Relative segment, address: XDATA 00000389 - 0000038F (0x7 bytes), align: 0
  Segment part 14.            Intra module refs:   main
    -------------------------------------------------------------------------
XDATA_I
  Relative segment, address: XDATA 00000390 - 0000039F (0x10 bytes), align: 0
  Segment part 16.            Intra module refs:   main
    -------------------------------------------------------------------------
XDATA_I
  Relative segment, address: XDATA 000003A0 - 000003B0 (0x11 bytes), align: 0
  Segment part 18.            Intra module refs:   main
    -------------------------------------------------------------------------
XDATA_I
  Relative segment, address: XDATA 000003B1 - 000003B8 (0x8 bytes), align: 0
  Segment part 20.            Intra module refs:   main
    -------------------------------------------------------------------------
XDATA_I
  Relative segment, address: XDATA 000003B9 - 000003C9 (0x11 bytes), align: 0
  Segment part 22.            Intra module refs:   Mode

    *************************************************************************

  FILE NAME : D:\Texas Instruments\CC2530\DSP_Wireless_¶i¶¥´Ú\Slave_C\ex_M230\debug\Obj\basic_rf.r51
  PROGRAM MODULE, NAME : basic_rf

  SEGMENTS IN THE MODULE
  ======================
XDATA_I
  Relative segment, address: XDATA 000003CA - 000003D5 (0xc bytes), align: 0
  Segment part 6.             Intra module refs:   ?Subroutine2
                                                   basicRfInit
                                                   basicRfPacketIsReady
                                                   basicRfReceive
                                                   basicRfRxFrmDoneIsr
           LOCAL                   ADDRESS         
           =====                   =======         
           rxi                     000003CA 
    -------------------------------------------------------------------------
XDATA_I
  Relative segment, address: XDATA 000003D6 - 000003D9 (0x4 bytes), align: 0
  Segment part 12.            Intra module refs:   basicRfInit
                                                   convInt32ToText (util)
           ENTRY                   ADDRESS         REF BY
           =====                   =======         ======
           __Constant_0            000003D6 
    -------------------------------------------------------------------------
XDATA_Z
  Relative segment, address: XDATA 0000019B - 000001A1 (0x7 bytes), align: 0
  Segment part 8.             Intra module refs:   basicRfInit
                                                   basicRfReceiveOn
                                                   basicRfRxFrmDoneIsr
           LOCAL                   ADDRESS         
           =====                   =======         
           txState                 0000019B 
    -------------------------------------------------------------------------
XDATA_Z
  Relative segment, address: XDATA 000001A2 - 000001A3 (0x2 bytes), align: 0
  Segment part 9.             Intra module refs:   ?Subroutine5
                                                   ?Subroutine6
                                                   basicRfInit
           LOCAL                   ADDRESS         
           =====                   =======         
           pConfig                 000001A2 
    -------------------------------------------------------------------------
XDATA_Z
  Relative segment, address: XDATA 000001A4 - 00000223 (0x80 bytes), align: 0
  Segment part 11.            Intra module refs:   ?Subroutine4
                                                   basicRfRxFrmDoneIsr
           LOCAL                   ADDRESS         
           =====                   =======         
           rxMpdu                  000001A4 
    -------------------------------------------------------------------------
<BANKED_CODE> 1 (was BANKED_CODE)
  Relative segment, address: CODE 0000186C - 00001940 (0xd5 bytes), align: 0
  Segment part 14.            Intra module refs:   basicRfRxFrmDoneIsr::?relay
           LOCAL                   ADDRESS         
           =====                   =======         
           basicRfRxFrmDoneIsr     0000186C 
               calls direct, is indirectly called
               ISTACK = 00000000 ( 00000002 )
    -------------------------------------------------------------------------
<BANKED_CODE> 1 (was BANKED_CODE)
  Relative segment, address: CODE 00001941 - 0000194E (0xe bytes), align: 0
  Segment part 16.            Intra module refs:   basicRfRxFrmDoneIsr
           LOCAL                   ADDRESS         
           =====                   =======         
           ?Subroutine4            00001941 
    -------------------------------------------------------------------------
<BANKED_CODE> 1 (was BANKED_CODE)
  Relative segment, address: CODE 0000194F - 00001951 (0x3 bytes), align: 0
  Segment part 17.            Intra module refs:   basicRfReceive
                                                   basicRfRxFrmDoneIsr
           LOCAL                   ADDRESS         
           =====                   =======         
           ?Subroutine2            0000194F 
    -------------------------------------------------------------------------
<BANKED_CODE> 1 (was BANKED_CODE)
  Relative segment, address: CODE 00001952 - 00001958 (0x7 bytes), align: 0
  Segment part 18.            Intra module refs:   ?Subroutine2
                                                   basicRfReceive
    -------------------------------------------------------------------------
<BANKED_CODE> 1 (was BANKED_CODE)
  Relative segment, address: CODE 00001959 - 00001959 (0x1 bytes), align: 0
  Segment part 19.            Intra module refs:   basicRfPacketIsReady
           LOCAL                   ADDRESS         
           =====                   =======         
           ?Subroutine0            00001959 
    -------------------------------------------------------------------------
<BANKED_CODE> 1 (was BANKED_CODE)
  Relative segment, address: CODE 0000195A - 00001960 (0x7 bytes), align: 0
  Segment part 20.            Intra module refs:   ?Subroutine0
                                                   basicRfReceiveOn
                                                   basicRfRxFrmDoneIsr
    -------------------------------------------------------------------------
<BANKED_CODE> 1 (was BANKED_CODE)
  Relative segment, address: CODE 00001961 - 000019C8 (0x68 bytes), align: 0
  Segment part 21.            Intra module refs:   basicRfInit::?relay
           ENTRY                   ADDRESS         REF BY
           =====                   =======         ======
           basicRfInit             00001961 
               calls direct
               XSTACK = 00000000 ( 00000009 )
    -------------------------------------------------------------------------
<BANKED_CODE> 1 (was BANKED_CODE)
  Relative segment, address: CODE 000019C9 - 000019CC (0x4 bytes), align: 0
  Segment part 23.            Intra module refs:   basicRfInit
           LOCAL                   ADDRESS         
           =====                   =======         
           ?Subroutine3            000019C9 
    -------------------------------------------------------------------------
<BANKED_CODE> 1 (was BANKED_CODE)
  Relative segment, address: CODE 000019CD - 000019D2 (0x6 bytes), align: 0
  Segment part 24.            Intra module refs:   ?Subroutine3
           LOCAL                   ADDRESS         
           =====                   =======         
           ?Subroutine6            000019CD 
    -------------------------------------------------------------------------
<BANKED_CODE> 1 (was BANKED_CODE)
  Relative segment, address: CODE 000019D3 - 000019DA (0x8 bytes), align: 0
  Segment part 25.            Intra module refs:   ?Subroutine6
    -------------------------------------------------------------------------
<BANKED_CODE> 1 (was BANKED_CODE)
  Relative segment, address: CODE 000019DB - 000019E7 (0xd bytes), align: 0
  Segment part 28.            Intra module refs:   basicRfInit
           LOCAL                   ADDRESS         
           =====                   =======         
           ?Subroutine5            000019DB 
    -------------------------------------------------------------------------
<BANKED_CODE> 1 (was BANKED_CODE)
  Relative segment, address: CODE 000019E8 - 000019F2 (0xb bytes), align: 0
  Segment part 30.            Intra module refs:   basicRfPacketIsReady::?relay
           ENTRY                   ADDRESS         REF BY
           =====                   =======         ======
           basicRfPacketIsReady    000019E8 
               ISTACK = 00000000 ( 00000002 )
    -------------------------------------------------------------------------
<BANKED_CODE> 1 (was BANKED_CODE)
  Relative segment, address: CODE 000019F3 - 00001A87 (0x95 bytes), align: 0
  Segment part 32.            Intra module refs:   basicRfReceive::?relay
           ENTRY                   ADDRESS         REF BY
           =====                   =======         ======
           basicRfReceive          000019F3 
               calls direct
               XSTACK = 00000000 ( 00000010 )
    -------------------------------------------------------------------------
<BANKED_CODE> 1 (was BANKED_CODE)
  Relative segment, address: CODE 00001A88 - 00001A97 (0x10 bytes), align: 0
  Segment part 36.            Intra module refs:   basicRfReceiveOn::?relay
           ENTRY                   ADDRESS         REF BY
           =====                   =======         ======
           basicRfReceiveOn        00001A88 
               calls direct
               ISTACK = 00000000 ( 00000002 )
    -------------------------------------------------------------------------
XDATA_ID
  Relative segment, address: CODE 000001A8 - 000001B3 (0xc bytes), align: 0
  Segment part 7.             Intra module refs:   rxi
    -------------------------------------------------------------------------
XDATA_ID
  Relative segment, address: CODE 000001B4 - 000001B7 (0x4 bytes), align: 0
  Segment part 13.            Intra module refs:   __Constant_0
    -------------------------------------------------------------------------
BANK_RELAYS
  Relative segment, address: CODE 000001E4 - 000001E9 (0x6 bytes), align: 0
  Segment part 15.            Intra module refs:   basicRfInit
           LOCAL                   ADDRESS         
           =====                   =======         
           basicRfRxFrmDoneIsr::?relay
                                   000001E4 
    -------------------------------------------------------------------------
BANK_RELAYS
  Relative segment, address: CODE 000001EA - 000001EF (0x6 bytes), align: 0
  Segment part 22.
           ENTRY                   ADDRESS         REF BY
           =====                   =======         ======
           basicRfInit::?relay     000001EA        main (Slave_C)
    -------------------------------------------------------------------------
BANK_RELAYS
  Relative segment, address: CODE 000001F0 - 000001F5 (0x6 bytes), align: 0
  Segment part 31.
           ENTRY                   ADDRESS         REF BY
           =====                   =======         ======
           basicRfPacketIsReady::?relay
                                   000001F0        main (Slave_C)
    -------------------------------------------------------------------------
BANK_RELAYS
  Relative segment, address: CODE 000001F6 - 000001FB (0x6 bytes), align: 0
  Segment part 33.
           ENTRY                   ADDRESS         REF BY
           =====                   =======         ======
           basicRfReceive::?relay
                                   000001F6        main (Slave_C)
    -------------------------------------------------------------------------
BANK_RELAYS
  Relative segment, address: CODE 000001FC - 00000201 (0x6 bytes), align: 0
  Segment part 37.
           ENTRY                   ADDRESS         REF BY
           =====                   =======         ======
           basicRfReceiveOn::?relay
                                   000001FC        main (Slave_C)

    *************************************************************************

  FILE NAME : D:\Texas Instruments\CC2530\DSP_Wireless_¶i¶¥´Ú\Slave_C\ex_M230\debug\Obj\basic_rf_security.r51
    *************************************************************************

  FILE NAME : D:\Texas Instruments\CC2530\DSP_Wireless_¶i¶¥´Ú\Slave_C\ex_M230\debug\Obj\hal_adc.r51
  PROGRAM MODULE, NAME : hal_adc

  SEGMENTS IN THE MODULE
  ======================
SFR_AN
  Relative segment, address: DATA 00000088 - 00000088 (0x1 bytes), align: 0
  Segment part 1. ROOT.
           ENTRY                   ADDRESS         REF BY
           =====                   =======         ======
           _A_TCON                 00000088 
           LOCAL                   ADDRESS         
           =====                   =======         
           TCON                    00000088 
    -------------------------------------------------------------------------
SFR_AN
  Relative segment, address: DATA 000000B6 - 000000B6 (0x1 bytes), align: 0
  Segment part 2. ROOT.
           ENTRY                   ADDRESS         REF BY
           =====                   =======         ======
           ADCCON3                 000000B6 
    -------------------------------------------------------------------------
SFR_AN
  Relative segment, address: DATA 000000BA - 000000BA (0x1 bytes), align: 0
  Segment part 3. ROOT.
           ENTRY                   ADDRESS         REF BY
           =====                   =======         ======
           ADCL                    000000BA 
    -------------------------------------------------------------------------
SFR_AN
  Relative segment, address: DATA 000000BB - 000000BB (0x1 bytes), align: 0
  Segment part 4. ROOT.
           ENTRY                   ADDRESS         REF BY
           =====                   =======         ======
           ADCH                    000000BB 
    -------------------------------------------------------------------------
SFR_AN
  Relative segment, address: DATA 000000F2 - 000000F2 (0x1 bytes), align: 0
  Segment part 5. ROOT.       Intra module refs:   halUartInit (hal_uart)
           ENTRY                   ADDRESS         REF BY
           =====                   =======         ======
           ADCCFG                  000000F2 

    *************************************************************************

  FILE NAME : D:\Texas Instruments\CC2530\DSP_Wireless_¶i¶¥´Ú\Slave_C\ex_M230\debug\Obj\hal_board.r51
  PROGRAM MODULE, NAME : hal_board

  SEGMENTS IN THE MODULE
  ======================
SFR_AN
  Relative segment, address: DATA 00000090 - 00000090 (0x1 bytes), align: 0
  Segment part 2. ROOT.       Intra module refs:   halBoardInit
                                                   halLedSet (hal_led)
                                                   halLedSetPort (hal_led)
                                                   halLedToggle (hal_led)
                                                   lcdCommand (hal_lcd)
                                                   lcdData (hal_lcd)
           ENTRY                   ADDRESS         REF BY
           =====                   =======         ======
           _A_P1                   00000090 
           LOCAL                   ADDRESS         
           =====                   =======         
           P1                      00000090 
    -------------------------------------------------------------------------
SFR_AN
  Relative segment, address: DATA 000000A0 - 000000A0 (0x1 bytes), align: 0
  Segment part 3. ROOT.       Intra module refs:   halBoardInit
                                                   halKeypadI2cAck (hal_keypad)
                                                   halKeypadI2cNack (hal_keypad)
                                                   halKeypadI2cRead (hal_keypad)
                                                   halKeypadI2cStart (hal_keypad)
                                                   halKeypadI2cStop (hal_keypad)
                                                   halKeypadI2cWrite (hal_keypad)
                                                   lcdCommand (hal_lcd)
                                                   lcdData (hal_lcd)
           ENTRY                   ADDRESS         REF BY
           =====                   =======         ======
           _A_P2                   000000A0 
           LOCAL                   ADDRESS         
           =====                   =======         
           P2                      000000A0 
    -------------------------------------------------------------------------
SFR_AN
  Relative segment, address: DATA 000000F4 - 000000F4 (0x1 bytes), align: 0
  Segment part 5. ROOT.       Intra module refs:   halBoardInit
           ENTRY                   ADDRESS         REF BY
           =====                   =======         ======
           P1SEL                   000000F4 
    -------------------------------------------------------------------------
SFR_AN
  Relative segment, address: DATA 000000F5 - 000000F5 (0x1 bytes), align: 0
  Segment part 6. ROOT.       Intra module refs:   halBoardInit
                                                   halKeypadI2cRead (hal_keypad)
           ENTRY                   ADDRESS         REF BY
           =====                   =======         ======
           P2SEL                   000000F5 
    -------------------------------------------------------------------------
SFR_AN
  Relative segment, address: DATA 000000FE - 000000FE (0x1 bytes), align: 0
  Segment part 9. ROOT.       Intra module refs:   halBoardInit
           ENTRY                   ADDRESS         REF BY
           =====                   =======         ======
           P1DIR                   000000FE 
    -------------------------------------------------------------------------
SFR_AN
  Relative segment, address: DATA 000000FF - 000000FF (0x1 bytes), align: 0
  Segment part 10. ROOT.      Intra module refs:   halBoardInit
                                                   halKeypadI2cRead (hal_keypad)
           ENTRY                   ADDRESS         REF BY
           =====                   =======         ======
           P2DIR                   000000FF 
    -------------------------------------------------------------------------
XDATA_Z
  Relative segment, address: XDATA 00000224 - 00000224 (0x1 bytes), align: 0
  Segment part 18.            Intra module refs:   halBoardInit
           ENTRY                   ADDRESS         REF BY
           =====                   =======         ======
           pLedData                00000224        ?Subroutine0 (hal_lcd)
                                                   ?Subroutine0 (hal_led)
                                                   halLedSet (hal_led)
                                                   halLedToggle (hal_led)
    -------------------------------------------------------------------------
<BANKED_CODE> 1 (was BANKED_CODE)
  Relative segment, address: CODE 00001DA2 - 00001DF5 (0x54 bytes), align: 0
  Segment part 19.            Intra module refs:   halBoardInit::?relay
           ENTRY                   ADDRESS         REF BY
           =====                   =======         ======
           halBoardInit            00001DA2 
               calls direct
               ISTACK = 00000000 ( 00000002 )
    -------------------------------------------------------------------------
BANK_RELAYS
  Relative segment, address: CODE 00000202 - 00000207 (0x6 bytes), align: 0
  Segment part 20.
           ENTRY                   ADDRESS         REF BY
           =====                   =======         ======
           halBoardInit::?relay    00000202        main (Slave_C)

    *************************************************************************

  FILE NAME : D:\Texas Instruments\CC2530\DSP_Wireless_¶i¶¥´Ú\Slave_C\ex_M230\debug\Obj\hal_button.r51
  PROGRAM MODULE, NAME : hal_button

  SEGMENTS IN THE MODULE
  ======================

    *************************************************************************

  FILE NAME : D:\Texas Instruments\CC2530\DSP_Wireless_¶i¶¥´Ú\Slave_C\ex_M230\debug\Obj\hal_buzzer.r51
  PROGRAM MODULE, NAME : hal_buzzer

  SEGMENTS IN THE MODULE
  ======================
<BANKED_CODE> 1 (was BANKED_CODE)
  Relative segment, address: CODE 00001ED8 - 00001EDA (0x3 bytes), align: 0
  Segment part 8.             Intra module refs:   halBuzzerOn::?relay
           ENTRY                   ADDRESS         REF BY
           =====                   =======         ======
           halBuzzerOn             00001ED8 
    -------------------------------------------------------------------------
<BANKED_CODE> 1 (was BANKED_CODE)
  Relative segment, address: CODE 00001EDB - 00001EDD (0x3 bytes), align: 0
  Segment part 10.            Intra module refs:   halBuzzerOff::?relay
           ENTRY                   ADDRESS         REF BY
           =====                   =======         ======
           halBuzzerOff            00001EDB 
    -------------------------------------------------------------------------
<BANKED_CODE> 1 (was BANKED_CODE)
  Relative segment, address: CODE 00001EDE - 00001EE0 (0x3 bytes), align: 0
  Segment part 12.            Intra module refs:   halBuzzer::?relay
           ENTRY                   ADDRESS         REF BY
           =====                   =======         ======
           halBuzzer               00001EDE 
    -------------------------------------------------------------------------
BANK_RELAYS
  Relative segment, address: CODE 00000208 - 0000020D (0x6 bytes), align: 0
  Segment part 9.
           ENTRY                   ADDRESS         REF BY
           =====                   =======         ======
           halBuzzerOn::?relay     00000208        halKeypadPushed (hal_keypad)
    -------------------------------------------------------------------------
BANK_RELAYS
  Relative segment, address: CODE 0000020E - 00000213 (0x6 bytes), align: 0
  Segment part 11.
           ENTRY                   ADDRESS         REF BY
           =====                   =======         ======
           halBuzzerOff::?relay    0000020E        halKeypadPushed (hal_keypad)
    -------------------------------------------------------------------------
BANK_RELAYS
  Relative segment, address: CODE 00000214 - 00000219 (0x6 bytes), align: 0
  Segment part 13.
           ENTRY                   ADDRESS         REF BY
           =====                   =======         ======
           halBuzzer::?relay       00000214        ?Subroutine1 (Slave_C)
                                                   ?Subroutine2 (Slave_C)
                                                   main (Slave_C)

    *************************************************************************

  FILE NAME : D:\Texas Instruments\CC2530\DSP_Wireless_¶i¶¥´Ú\Slave_C\ex_M230\debug\Obj\hal_clock.r51
  PROGRAM MODULE, NAME : hal_clock

  SEGMENTS IN THE MODULE
  ======================
SFR_AN
  Relative segment, address: DATA 0000009D - 0000009D (0x1 bytes), align: 0
  Segment part 1. ROOT.       Intra module refs:   clockSetMainSrc
           ENTRY                   ADDRESS         REF BY
           =====                   =======         ======
           SLEEPSTA                0000009D 
    -------------------------------------------------------------------------
SFR_AN
  Relative segment, address: DATA 0000009E - 0000009E (0x1 bytes), align: 0
  Segment part 2. ROOT.       Intra module refs:   clockSetMainSrc
           ENTRY                   ADDRESS         REF BY
           =====                   =======         ======
           CLKCONSTA               0000009E 
    -------------------------------------------------------------------------
SFR_AN
  Relative segment, address: DATA 000000BE - 000000BE (0x1 bytes), align: 0
  Segment part 3. ROOT.       Intra module refs:   clockSetMainSrc
           ENTRY                   ADDRESS         REF BY
           =====                   =======         ======
           SLEEPCMD                000000BE 
    -------------------------------------------------------------------------
SFR_AN
  Relative segment, address: DATA 000000C6 - 000000C6 (0x1 bytes), align: 0
  Segment part 4. ROOT.       Intra module refs:   clockSetMainSrc
           ENTRY                   ADDRESS         REF BY
           =====                   =======         ======
           CLKCONCMD               000000C6 
    -------------------------------------------------------------------------
<BANKED_CODE> 1 (was BANKED_CODE)
  Relative segment, address: CODE 00001E7C - 00001EAF (0x34 bytes), align: 0
  Segment part 10.            Intra module refs:   clockSetMainSrc::?relay
           ENTRY                   ADDRESS         REF BY
           =====                   =======         ======
           clockSetMainSrc         00001E7C 
    -------------------------------------------------------------------------
BANK_RELAYS
  Relative segment, address: CODE 0000021A - 0000021F (0x6 bytes), align: 0
  Segment part 11.
           ENTRY                   ADDRESS         REF BY
           =====                   =======         ======
           clockSetMainSrc::?relay
                                   0000021A        halMcuInit (hal_mcu)

    *************************************************************************

  FILE NAME : D:\Texas Instruments\CC2530\DSP_Wireless_¶i¶¥´Ú\Slave_C\ex_M230\debug\Obj\hal_digio.r51
  PROGRAM MODULE, NAME : hal_digio

  SEGMENTS IN THE MODULE
  ======================
SFR_AN
  Relative segment, address: DATA 00000089 - 00000089 (0x1 bytes), align: 0
  Segment part 2. ROOT.       Intra module refs:   port0_ISR
           ENTRY                   ADDRESS         REF BY
           =====                   =======         ======
           P0IFG                   00000089 
    -------------------------------------------------------------------------
SFR_AN
  Relative segment, address: DATA 0000008A - 0000008A (0x1 bytes), align: 0
  Segment part 3. ROOT.       Intra module refs:   port1_ISR
           ENTRY                   ADDRESS         REF BY
           =====                   =======         ======
           P1IFG                   0000008A 
    -------------------------------------------------------------------------
SFR_AN
  Relative segment, address: DATA 0000008B - 0000008B (0x1 bytes), align: 0
  Segment part 4. ROOT.       Intra module refs:   port2_ISR
           ENTRY                   ADDRESS         REF BY
           =====                   =======         ======
           P2IFG                   0000008B 
    -------------------------------------------------------------------------
SFR_AN
  Relative segment, address: DATA 0000008C - 0000008C (0x1 bytes), align: 0
  Segment part 5. ROOT.
           ENTRY                   ADDRESS         REF BY
           =====                   =======         ======
           PICTL                   0000008C 
    -------------------------------------------------------------------------
SFR_AN
  Relative segment, address: DATA 0000008D - 0000008D (0x1 bytes), align: 0
  Segment part 6. ROOT.
           ENTRY                   ADDRESS         REF BY
           =====                   =======         ======
           P1IEN                   0000008D 
    -------------------------------------------------------------------------
SFR_AN
  Relative segment, address: DATA 0000009A - 0000009A (0x1 bytes), align: 0
  Segment part 8. ROOT.       Intra module refs:   halRfDisableRxInterrupt (hal_rf)
                                                   halRfEnableRxInterrupt (hal_rf)
                                                   halUart0TxIsr (hal_uart)
           ENTRY                   ADDRESS         REF BY
           =====                   =======         ======
           IEN2                    0000009A 
    -------------------------------------------------------------------------
SFR_AN
  Relative segment, address: DATA 000000A8 - 000000A8 (0x1 bytes), align: 0
  Segment part 10. ROOT.      Intra module refs:   halIntOff (hal_int)
                                                   halIntOn (hal_int)
                                                   halRfRxInterruptConfig (hal_rf)
                                                   halUartInit (hal_uart)
                                                   rfIsr (hal_rf)
           ENTRY                   ADDRESS         REF BY
           =====                   =======         ======
           _A_IEN0                 000000A8 
           LOCAL                   ADDRESS         
           =====                   =======         
           IEN0                    000000A8 
    -------------------------------------------------------------------------
SFR_AN
  Relative segment, address: DATA 000000AB - 000000AB (0x1 bytes), align: 0
  Segment part 11. ROOT.
           ENTRY                   ADDRESS         REF BY
           =====                   =======         ======
           P0IEN                   000000AB 
    -------------------------------------------------------------------------
SFR_AN
  Relative segment, address: DATA 000000AC - 000000AC (0x1 bytes), align: 0
  Segment part 12. ROOT.
           ENTRY                   ADDRESS         REF BY
           =====                   =======         ======
           P2IEN                   000000AC 
    -------------------------------------------------------------------------
SFR_AN
  Relative segment, address: DATA 000000B8 - 000000B8 (0x1 bytes), align: 0
  Segment part 13. ROOT.
           ENTRY                   ADDRESS         REF BY
           =====                   =======         ======
           _A_IEN1                 000000B8 
           LOCAL                   ADDRESS         
           =====                   =======         
           IEN1                    000000B8 
    -------------------------------------------------------------------------
SFR_AN
  Relative segment, address: DATA 000000C0 - 000000C0 (0x1 bytes), align: 0
  Segment part 14. ROOT.      Intra module refs:   port0_ISR
           ENTRY                   ADDRESS         REF BY
           =====                   =======         ======
           _A_IRCON                000000C0 
           LOCAL                   ADDRESS         
           =====                   =======         
           IRCON                   000000C0 
    -------------------------------------------------------------------------
SFR_AN
  Relative segment, address: DATA 000000E8 - 000000E8 (0x1 bytes), align: 0
  Segment part 15. ROOT.      Intra module refs:   halUart0TxIsr (hal_uart)
                                                   port1_ISR
                                                   port2_ISR
           ENTRY                   ADDRESS         REF BY
           =====                   =======         ======
           _A_IRCON2               000000E8 
           LOCAL                   ADDRESS         
           =====                   =======         
           IRCON2                  000000E8 
    -------------------------------------------------------------------------
XDATA_Z
  Relative segment, address: XDATA 00000225 - 00000234 (0x10 bytes), align: 0
  Segment part 30.            Intra module refs:   port0_ISR
           LOCAL                   ADDRESS         
           =====                   =======         
           port0_isr_tbl           00000225 
    -------------------------------------------------------------------------
XDATA_Z
  Relative segment, address: XDATA 00000235 - 00000244 (0x10 bytes), align: 0
  Segment part 31.            Intra module refs:   port1_ISR
           LOCAL                   ADDRESS         
           =====                   =======         
           port1_isr_tbl           00000235 
    -------------------------------------------------------------------------
XDATA_Z
  Relative segment, address: XDATA 00000245 - 0000024E (0xa bytes), align: 0
  Segment part 32.            Intra module refs:   port2_ISR
           LOCAL                   ADDRESS         
           =====                   =======         
           port2_isr_tbl           00000245 
    -------------------------------------------------------------------------
NEAR_CODE
  Relative segment, address: CODE 00000CF5 - 00000D48 (0x54 bytes), align: 0
  Segment part 55.            Intra module refs:   port0_ISR::??INTVEC 107
           ENTRY                   ADDRESS         REF BY
           =====                   =======         ======
           port0_ISR               00000CF5 
               interrupt function
               XSTACK = 00000000 ( 0000000F )
    -------------------------------------------------------------------------
NEAR_CODE
  Relative segment, address: CODE 00000D49 - 00000D4D (0x5 bytes), align: 0
  Segment part 56.            Intra module refs:   port0_ISR
                                                   port1_ISR
                                                   port2_ISR
           LOCAL                   ADDRESS         
           =====                   =======         
           ?Subroutine1            00000D49 
    -------------------------------------------------------------------------
NEAR_CODE
  Relative segment, address: CODE 00000D4E - 00000DA3 (0x56 bytes), align: 0
  Segment part 57.            Intra module refs:   port1_ISR::??INTVEC 123
           ENTRY                   ADDRESS         REF BY
           =====                   =======         ======
           port1_ISR               00000D4E 
               interrupt function
               XSTACK = 00000000 ( 0000000F )
    -------------------------------------------------------------------------
NEAR_CODE
  Relative segment, address: CODE 00000DA4 - 00000DAE (0xb bytes), align: 0
  Segment part 58.            Intra module refs:   port0_ISR
                                                   port1_ISR
                                                   port2_ISR
           LOCAL                   ADDRESS         
           =====                   =======         
           ?Subroutine4            00000DA4 
    -------------------------------------------------------------------------
NEAR_CODE
  Relative segment, address: CODE 00000DAF - 00000DBA (0xc bytes), align: 0
  Segment part 59.            Intra module refs:   port0_ISR
                                                   port1_ISR
                                                   port2_ISR
           LOCAL                   ADDRESS         
           =====                   =======         
           ?Subroutine3            00000DAF 
    -------------------------------------------------------------------------
NEAR_CODE
  Relative segment, address: CODE 00000DBB - 00000E11 (0x57 bytes), align: 0
  Segment part 60.            Intra module refs:   port2_ISR::??INTVEC 51
           ENTRY                   ADDRESS         REF BY
           =====                   =======         ======
           port2_ISR               00000DBB 
               interrupt function
               XSTACK = 00000000 ( 0000000F )
    -------------------------------------------------------------------------
INTVEC
  Common segment, address: CODE 00000000 - 00000035 (0x36 bytes), align: 0
  Segment part 22. ROOT.
           ENTRY                   ADDRESS         REF BY
           =====                   =======         ======
           port2_ISR::??INTVEC 51
                                   00000033 
    -------------------------------------------------------------------------
INTVEC
  Common segment, address: CODE 00000000 - 0000006D (0x6e bytes), align: 0
  Segment part 23. ROOT.
           ENTRY                   ADDRESS         REF BY
           =====                   =======         ======
           port0_ISR::??INTVEC 107
                                   0000006B 
    -------------------------------------------------------------------------
INTVEC
  Common segment, address: CODE 00000000 - 0000007D (0x7e bytes), align: 0
  Segment part 24. ROOT.
           ENTRY                   ADDRESS         REF BY
           =====                   =======         ======
           port1_ISR::??INTVEC 123
                                   0000007B 

    *************************************************************************

  FILE NAME : D:\Texas Instruments\CC2530\DSP_Wireless_¶i¶¥´Ú\Slave_C\ex_M230\debug\Obj\hal_drink.r51
    *************************************************************************

  FILE NAME : D:\Texas Instruments\CC2530\DSP_Wireless_¶i¶¥´Ú\Slave_C\ex_M230\debug\Obj\hal_int.r51
  PROGRAM MODULE, NAME : hal_int

  SEGMENTS IN THE MODULE
  ======================
<BANKED_CODE> 1 (was BANKED_CODE)
  Relative segment, address: CODE 00001ECE - 00001ED2 (0x5 bytes), align: 0
  Segment part 7.             Intra module refs:   halIntOn::?relay
           ENTRY                   ADDRESS         REF BY
           =====                   =======         ======
           halIntOn                00001ECE 
    -------------------------------------------------------------------------
<BANKED_CODE> 1 (was BANKED_CODE)
  Relative segment, address: CODE 00001ED3 - 00001ED7 (0x5 bytes), align: 0
  Segment part 9.             Intra module refs:   halIntOff::?relay
           ENTRY                   ADDRESS         REF BY
           =====                   =======         ======
           halIntOff               00001ED3 
    -------------------------------------------------------------------------
BANK_RELAYS
  Relative segment, address: CODE 00000220 - 00000225 (0x6 bytes), align: 0
  Segment part 8.
           ENTRY                   ADDRESS         REF BY
           =====                   =======         ======
           halIntOn::?relay        00000220        basicRfInit (basic_rf)
                                                   basicRfReceive (basic_rf)
                                                   basicRfRxFrmDoneIsr (basic_rf)
                                                   halBoardInit (hal_board)
    -------------------------------------------------------------------------
BANK_RELAYS
  Relative segment, address: CODE 00000226 - 0000022B (0x6 bytes), align: 0
  Segment part 10.
           ENTRY                   ADDRESS         REF BY
           =====                   =======         ======
           halIntOff::?relay       00000226        basicRfInit (basic_rf)
                                                   basicRfReceive (basic_rf)
                                                   basicRfRxFrmDoneIsr (basic_rf)

    *************************************************************************

  FILE NAME : D:\Texas Instruments\CC2530\DSP_Wireless_¶i¶¥´Ú\Slave_C\ex_M230\debug\Obj\hal_keypad.r51
  PROGRAM MODULE, NAME : hal_keypad

  SEGMENTS IN THE MODULE
  ======================
XDATA_Z
  Relative segment, address: XDATA 0000024F - 0000024F (0x1 bytes), align: 0
  Segment part 10.            Intra module refs:   halKeypadPushed
           ENTRY                   ADDRESS         REF BY
           =====                   =======         ======
           halKeypadResetCount     0000024F 
    -------------------------------------------------------------------------
<BANKED_CODE> 1 (was BANKED_CODE)
  Relative segment, address: CODE 0000160C - 0000161E (0x13 bytes), align: 0
  Segment part 11.            Intra module refs:   halKeypadI2cStart::?relay
           ENTRY                   ADDRESS         REF BY
           =====                   =======         ======
           halKeypadI2cStart       0000160C 
               calls direct
               XSTACK = 0000000A ( 00000000 )
               ISTACK = 00000000 ( 00000002 )
    -------------------------------------------------------------------------
<BANKED_CODE> 1 (was BANKED_CODE)
  Relative segment, address: CODE 0000161F - 00001620 (0x2 bytes), align: 0
  Segment part 13.            Intra module refs:   halKeypadI2cAck
                                                   halKeypadI2cNack
           LOCAL                   ADDRESS         
           =====                   =======         
           ?Subroutine0            0000161F 
    -------------------------------------------------------------------------
<BANKED_CODE> 1 (was BANKED_CODE)
  Relative segment, address: CODE 00001621 - 00001629 (0x9 bytes), align: 0
  Segment part 14.            Intra module refs:   ?Subroutine0
                                                   halKeypadI2cStart
    -------------------------------------------------------------------------
<BANKED_CODE> 1 (was BANKED_CODE)
  Relative segment, address: CODE 0000162A - 00001630 (0x7 bytes), align: 0
  Segment part 15.            Intra module refs:   Segment part 14
                                                   halKeypadI2cStop
    -------------------------------------------------------------------------
<BANKED_CODE> 1 (was BANKED_CODE)
  Relative segment, address: CODE 00001631 - 00001637 (0x7 bytes), align: 0
  Segment part 16.            Intra module refs:   Segment part 15
                                                   halKeypadInit
    -------------------------------------------------------------------------
<BANKED_CODE> 1 (was BANKED_CODE)
  Relative segment, address: CODE 00001638 - 00001651 (0x1a bytes), align: 0
  Segment part 17.            Intra module refs:   halKeypadI2cStop::?relay
           ENTRY                   ADDRESS         REF BY
           =====                   =======         ======
           halKeypadI2cStop        00001638 
               calls direct
               XSTACK = 0000000A ( 00000000 )
               ISTACK = 00000000 ( 00000002 )
    -------------------------------------------------------------------------
<BANKED_CODE> 1 (was BANKED_CODE)
  Relative segment, address: CODE 00001652 - 00001659 (0x8 bytes), align: 0
  Segment part 19.            Intra module refs:   halKeypadI2cAck::?relay
           ENTRY                   ADDRESS         REF BY
           =====                   =======         ======
           halKeypadI2cAck         00001652 
               calls direct
               XSTACK = 0000000A ( 00000000 )
               ISTACK = 00000000 ( 00000002 )
    -------------------------------------------------------------------------
<BANKED_CODE> 1 (was BANKED_CODE)
[...]

    -------------------------------------------------------------------------
  LIBRARY MODULE, NAME : ?ALLOC_XSTACK8

  SEGMENTS IN THE MODULE
  ======================
RCODE
  Relative segment, address: CODE 0000046E - 00000483 (0x16 bytes), align: 0
  Segment part 0.
           ENTRY                   ADDRESS         REF BY
           =====                   =======         ======
           ?ALLOC_XSTACK8          0000046E        convInt32ToText (util)

    -------------------------------------------------------------------------
  LIBRARY MODULE, NAME : ?DEALLOC_XSTACK8

  SEGMENTS IN THE MODULE
  ======================
RCODE
  Relative segment, address: CODE 00000484 - 0000049D (0x1a bytes), align: 0
  Segment part 0.
           ENTRY                   ADDRESS         REF BY
           =====                   =======         ======
           ?DEALLOC_XSTACK8        00000484        basicRfReceive (basic_rf)
                                                   convInt32ToText (util)

    -------------------------------------------------------------------------
  LIBRARY MODULE, NAME : ?ADD_XSTACK_DISP8

  SEGMENTS IN THE MODULE
  ======================
RCODE
  Relative segment, address: CODE 0000049E - 000004B8 (0x1b bytes), align: 0
  Segment part 1.
           ENTRY                   ADDRESS         REF BY
           =====                   =======         ======
           ?ADD_XSTACK_DISP0_8     0000049E        ?PUSH_XSTACK_I (?PUSH_XSTACK_I)

    -------------------------------------------------------------------------
  LIBRARY MODULE, NAME : ?XSTACK_DISP8

  SEGMENTS IN THE MODULE
  ======================
RCODE
  Relative segment, address: CODE 000004B9 - 000004C2 (0xa bytes), align: 0
  Segment part 1.
           ENTRY                   ADDRESS         REF BY
           =====                   =======         ======
           ?XSTACK_DISP0_8         000004B9        convInt32ToText (util)
                                                   memcpy (?memcpy)

    -------------------------------------------------------------------------
  LIBRARY MODULE, NAME : ?CALL_IND

  SEGMENTS IN THE MODULE
  ======================
RCODE
  Relative segment, address: CODE 000004C3 - 000004C4 (0x2 bytes), align: 0
  Segment part 0.
           ENTRY                   ADDRESS         REF BY
           =====                   =======         ======
           ?CALL_IND               000004C3        port0_ISR (hal_digio)
                                                   port1_ISR (hal_digio)
                                                   port2_ISR (hal_digio)
                                                   rfIsr (hal_rf)

    -------------------------------------------------------------------------
  LIBRARY MODULE, NAME : ?BANKED_ENTER_XDATA

  SEGMENTS IN THE MODULE
  ======================
RCODE
  Relative segment, address: CODE 000004C5 - 00000530 (0x6c bytes), align: 0
  Segment part 1.
           ENTRY                   ADDRESS         REF BY
           =====                   =======         ======
           ?BANKED_ENTER_XDATA     000004C5        Mode (Slave_C)
                                                   Program (Slave_C)
                                                   basicRfInit (basic_rf)
                                                   basicRfReceive (basic_rf)
                                                   convInt32ToText (util)
                                                   halKeypadI2cRead (hal_keypad)
                                                   halKeypadI2cWrite (hal_keypad)
                                                   halKeypadPushed (hal_keypad)
                                                   halKeypadSensorData (hal_keypad)
                                                   halKeypadWriteRegister (hal_keypad)
                                                   halLcdClear (hal_lcd)
                                                   halLcdDisplayUint8 (hal_lcd)
                                                   halLcdWriteChar (hal_lcd)
                                                   halLcdWriteString (hal_lcd)
                                                   halMcuWaitMs (hal_mcu)
                                                   lcdCommand (hal_lcd)
                                                   lcdData (hal_lcd)
                                                   memcpy (?memcpy)

    -------------------------------------------------------------------------
  LIBRARY MODULE, NAME : ?BANKED_LEAVE_XDATA

  SEGMENTS IN THE MODULE
  ======================
RCODE
  Relative segment, address: CODE 00000531 - 00000576 (0x46 bytes), align: 0
  Segment part 1.
           ENTRY                   ADDRESS         REF BY
           =====                   =======         ======
           ?BANKED_LEAVE_XDATA     00000531        ?Subroutine1 (hal_lcd)
                                                   ?Subroutine2 (hal_keypad)
                                                   ?Subroutine2 (hal_lcd)
                                                   ?Subroutine3 (hal_lcd)
                                                   ?Subroutine4 (hal_lcd)
                                                   Mode (Slave_C)
                                                   Program (Slave_C)
                                                   Segment part 23 (hal_lcd)
                                                   Segment part 26 (hal_keypad)
                                                   basicRfInit (basic_rf)
                                                   basicRfReceive (basic_rf)
                                                   convInt32ToText (util)
                                                   halMcuWaitMs (hal_mcu)
                                                   memcpy (?memcpy)

    -------------------------------------------------------------------------
  LIBRARY MODULE, NAME : ?INTERRUPT_ENTER_XSP

  SEGMENTS IN THE MODULE
  ======================
RCODE
  Relative segment, address: CODE 00000577 - 000005D5 (0x5f bytes), align: 0
  Segment part 1.
           ENTRY                   ADDRESS         REF BY
           =====                   =======         ======
           ?INTERRUPT_ENTER_XSP    00000577        port0_ISR (hal_digio)
                                                   port1_ISR (hal_digio)
                                                   port2_ISR (hal_digio)
                                                   rfIsr (hal_rf)

    -------------------------------------------------------------------------
  LIBRARY MODULE, NAME : ?INTERRUPT_LEAVE_XSP

  SEGMENTS IN THE MODULE
  ======================
RCODE
  Relative segment, address: CODE 000005D6 - 0000062D (0x58 bytes), align: 0
  Segment part 1.
           ENTRY                   ADDRESS         REF BY
           =====                   =======         ======
           ?INTERRUPT_LEAVE_XSP    000005D6        ?Subroutine1 (hal_digio)
                                                   rfIsr (hal_rf)

    -------------------------------------------------------------------------
  LIBRARY MODULE, NAME : ?PUSH_XSTACK_I

  SEGMENTS IN THE MODULE
  ======================
RCODE
  Relative segment, address: CODE 0000062E - 00000631 (0x4 bytes), align: 0
  Segment part 2.
           ENTRY                   ADDRESS         REF BY
           =====                   =======         ======
           ?PUSH_XSTACK_I_TWO      0000062E        basicRfReceive (basic_rf)
    -------------------------------------------------------------------------
RCODE
  Relative segment, address: CODE 00000632 - 0000063E (0xd bytes), align: 0
  Segment part 4.             Intra module refs:   ?PUSH_XSTACK_I_TWO
           ENTRY                   ADDRESS         REF BY
           =====                   =======         ======
           ?PUSH_XSTACK_I          00000632 

    -------------------------------------------------------------------------
  LIBRARY MODULE, NAME : ?US_SWITCH_SPARSE

  SEGMENTS IN THE MODULE
  ======================
RCODE
  Relative segment, address: CODE 0000063F - 00000648 (0xa bytes), align: 0
  Segment part 0.
           ENTRY                   ADDRESS         REF BY
           =====                   =======         ======
           ?US_SWITCH_SPARSE       0000063F        halKeypadPushed (hal_keypad)
    -------------------------------------------------------------------------
RCODE
  Relative segment, address: CODE 00000649 - 00000689 (0x41 bytes), align: 0
  Segment part 2.             Intra module refs:   ?US_SWITCH_SPARSE
           ENTRY                   ADDRESS         REF BY
           =====                   =======         ======
           ?US_SWITCH_SPARSE_LEAVE
                                   0000067B        ?US_JMP_IF_IN_RANGE (?US_JMP_IF_IN_RANGE)
                                                   ?US_JMP_IF_VALUE (?US_JMP_IF_VALUE)
    -------------------------------------------------------------------------
RCODE
  Relative segment, address: CODE 0000068A - 0000068A (0x1 bytes), align: 0
  Segment part 4.             Intra module refs:   ?US_SWITCH_SPARSE

    -------------------------------------------------------------------------
  LIBRARY MODULE, NAME : ?US_JMP_IF_IN_RANGE

  SEGMENTS IN THE MODULE
  ======================
RCODE
  Relative segment, address: CODE 0000068B - 000006C9 (0x3f bytes), align: 0
  Segment part 0.
           ENTRY                   ADDRESS         REF BY
           =====                   =======         ======
           ?US_JMP_IF_IN_RANGE     0000068B        ?US_SWITCH_SPARSE_LEAVE (?US_SWITCH_SPARSE)

    -------------------------------------------------------------------------
  LIBRARY MODULE, NAME : ?US_JMP_IF_VALUE

  SEGMENTS IN THE MODULE
  ======================
RCODE
  Relative segment, address: CODE 000006CA - 000006F4 (0x2b bytes), align: 0
  Segment part 0.
           ENTRY                   ADDRESS         REF BY
           =====                   =======         ======
           ?US_JMP_IF_VALUE        000006CA        ?US_SWITCH_SPARSE_LEAVE (?US_SWITCH_SPARSE)

    -------------------------------------------------------------------------
  LIBRARY MODULE, NAME : ?memcpy

  SEGMENTS IN THE MODULE
  ======================
<BANKED_CODE> 1 (was BANKED_CODE)
  Relative segment, address: CODE 00001DF6 - 00001E3B (0x46 bytes), align: 0
  Segment part 6.             Intra module refs:   memcpy::?relay
           ENTRY                   ADDRESS         REF BY
           =====                   =======         ======
           memcpy                  00001DF6 
               XSTACK = 00000002 ( 0000000A )
               ISTACK = 00000000 ( 00000001 )
    -------------------------------------------------------------------------
BANK_RELAYS
  Relative segment, address: CODE 000002FE - 00000303 (0x6 bytes), align: 0
  Segment part 7.
           ENTRY                   ADDRESS         REF BY
           =====                   =======         ======
           memcpy::?relay          000002FE        basicRfReceive (basic_rf)

    -------------------------------------------------------------------------
  LIBRARY MODULE, NAME : ?strlen

  SEGMENTS IN THE MODULE
  ======================
<BANKED_CODE> 1 (was BANKED_CODE)
  Relative segment, address: CODE 00001EB0 - 00001ECD (0x1e bytes), align: 0
  Segment part 6.             Intra module refs:   strlen::?relay
           ENTRY                   ADDRESS         REF BY
           =====                   =======         ======
           strlen                  00001EB0 
               ISTACK = 00000000 ( 00000002 )
    -------------------------------------------------------------------------
BANK_RELAYS
  Relative segment, address: CODE 00000304 - 00000309 (0x6 bytes), align: 0
  Segment part 7.
           ENTRY                   ADDRESS         REF BY
           =====                   =======         ======
           strlen::?relay          00000304        halLcdWriteString (hal_lcd)

    -------------------------------------------------------------------------
  LIBRARY MODULE, NAME : ?low_level_init

  SEGMENTS IN THE MODULE
  ======================
CSTART
  Relative segment, address: CODE 0000013F - 00000141 (0x3 bytes), align: 0
  Segment part 6. ROOT.
           ENTRY                   ADDRESS         REF BY
           =====                   =======         ======
           __low_level_init        0000013F        __low_level_init_call (?cmain)




                ****************************************
                *                                      *
                *            MODULE SUMMARY            *
                *                                      *
                ****************************************

Module                    CODE      DATA      XDATA  IDATA    BIT
------                    ----      ----      -----  -----    ---
                         (Rel)  (Rel)  (Abs)  (Rel)  (Rel)  (Rel)
?ADD_XSTACK_DISP8           27
?ALLOC_XSTACK8              22
?BANKED_CODE_SUPPORT        74
?BANKED_ENTER_XDATA        108
?BANKED_LEAVE_XDATA         70
?CALL_IND                    2
?DEALLOC_XSTACK8            26
?INTERRUPT_ENTER_XSP        95
?INTERRUPT_LEAVE_XSP        88
?L_DIV_MOD                  87
?L_MOV_TO_X                 15
?L_MOV_X                    15
?L_NEG                      17
?L_NEG_R1                   17
?MOVE_LONG8_XDATA_IDATA     13
?PUSH_XSTACK_I              17
?SL_GT_X                    21
?SS_SHR                     16
?S_SHL                      19
?UL_DIV_MOD                112
?US_JMP_IF_IN_RANGE         63
?US_JMP_IF_VALUE            43
?US_SWITCH_SPARSE           76
?XLOAD_R2345                12
?XSTACK_DISP8               10
?XSTORE_R2345               12
?cexit                       5
?cmain                      88
?low_level_init              3
?memcpy                     76
?strlen                     36
CSTARTUP                    18
  + common                   3
M230                                       1
  + shared                                 4
Slave_C                  1 284                  256
VIRTUAL_REGISTERS                   2                           8
basic_rf                   602                  149
  + shared                                        4
hal_adc                                    4
  + shared                                 1
hal_board                   90                    1
  + shared                                 6
hal_buzzer                  27
hal_clock                   58             4
hal_digio                  285             9     42
  + shared                 126             3
  + common
hal_int                     22
hal_keypad                 668                    1
hal_lcd                  2 261                   16
hal_led                    227
hal_mcu                    117             1
hal_rf                     302             5      2
  + common                 134
hal_rf_security                            3
hal_uart                   231             7    262
  + common                  62
util                       294                   16
N/A (command line)                 16           256     64
N/A (alignment)
----------               -----     --     --  -----     --      -
Total:                   7 771     18     48  1 005     64      8
  + common                 134


                ****************************************
                *                                      *
                *      SEGMENTS IN ADDRESS ORDER       *
                *                                      *
                ****************************************


SEGMENT              SPACE    START ADDRESS   END ADDRESS     SIZE  TYPE  ALIGN
=======              =====    =============   ===========     ====  ====  =====
INTVEC               CODE          00000000 - 00000085          86   com    0
CSTART               CODE          00000086 - 00000141          BC   rel    0
BDATA_ID             CODE               00000142                     dse    0
BIT_ID               CODE               00000142                     dse    0
DATA_ID              CODE               00000142                     dse    0
IDATA_ID             CODE               00000142                     dse    0
IXDATA_ID            CODE               00000142                     dse    0
PDATA_ID             CODE               00000142                     dse    0
XDATA_ID             CODE          00000142 - 000001CB          8A   rel    0
BANK_RELAYS          CODE          000001CC - 00000309         13E   rel    0
RCODE                CODE          0000030A - 000006F4         3EB   rel    0
DIFUNCT              CODE               000006F5                     dse    0
CODE_C               CODE          000006F5 - 00000CF4         600   rel    0
CODE_N               CODE               00000CF5                     dse    0
NEAR_CODE            CODE          00000CF5 - 00000EEA         1F6   rel    0
<BANKED_CODE> 1      CODE          00000EEB - 00001EE0         FF6   rel    0
REGISTERS            DATA          00000000 - 00000007           8   rel    0
VREG                 DATA          00000008 - 0000000F           8   rel    0
PSP                  DATA               00000010                     dse    0
XSP                  DATA          00000010 - 00000011           2   rel    0
BREG                 BIT        00000020.0  -  00000020.7        8   rel    0
SFR_AN               DATA          00000080 - 00000080           1   rel    0
                     DATA          00000086 - 00000086           1 
                     DATA          00000088 - 0000008D           6 
                     DATA          0000008F - 00000091           3 
                     DATA          00000095 - 00000095           1 
                     DATA          0000009A - 0000009B           2 
                     DATA          0000009D - 0000009E           2 
                     DATA          000000A0 - 000000A0           1 
                     DATA          000000A8 - 000000A8           1 
                     DATA          000000AB - 000000AC           2 
                     DATA          000000B1 - 000000B3           3 
                     DATA          000000B6 - 000000B6           1 
                     DATA          000000B8 - 000000B8           1 
                     DATA          000000BA - 000000BB           2 
                     DATA          000000BE - 000000BE           1 
                     DATA          000000C0 - 000000C2           3 
                     DATA          000000C4 - 000000C6           3 
                     DATA          000000C9 - 000000C9           1 
                     DATA          000000D9 - 000000D9           1 
                     DATA          000000E1 - 000000E1           1 
                     DATA          000000E8 - 000000E9           2 
                     DATA          000000F1 - 000000F5           5 
                     DATA          000000F7 - 000000F7           1 
                     DATA          000000FD - 000000FF           3 
XSTACK               XDATA         00000001 - 00000100         100   rel    0
XDATA_Z              XDATA         00000101 - 00000363         263   rel    0
XDATA_I              XDATA         00000364 - 000003ED          8A   rel    0
ISTACK               IDATA         000000C0 - 000000FF          40   rel    0

                ****************************************
                *                                      *
                *        END OF CROSS REFERENCE        *
                *                                      *
                ****************************************

 7 905 bytes of CODE  memory
    18 bytes of DATA  memory (+ 48 absolute )
 1 005 bytes of XDATA memory
    64 bytes of IDATA memory
     8 bits  of BIT   memory

Errors: none
Warnings: none

