################################################################################
#                                                                              #
#      IAR Universal Linker V5.0.2.5/W32                                       #
#                                                                              #
#           Link time     =  05/Jan/2018  00:51:41                             #
#           Target CPU    =  x51                                               #
#           List file     =  C:\Users\´^§Ó»¨\Desktop\DSP_Wireless_¶i¶¥´Ú\DSP_2 #
#                            530_Code\Master_A\ex_M230\debug\List\M230.map     #
#           Output file 1 =  C:\Users\´^§Ó»¨\Desktop\DSP_Wireless_¶i¶¥´Ú\DSP_2 #
#                            530_Code\Master_A\ex_M230\debug\Exe\M230.hex      #
#                            Format: intel-extended                            #
#           Output file 2 =  C:\Users\´^§Ó»¨\Desktop\DSP_Wireless_¶i¶¥´Ú\DSP_2 #
#                            530_Code\Master_A\ex_M230\debug\Exe\M230.d51      #
#                            Format: debug                                     #
#                            UBROF version 10.0.3                              #
#                            Using library modules for C-SPY (-rt)             #
#           Command line  =  "-IC:\Program Files (x86)\IAR Systems\Embedded Wo #
#                            rkbench 6.0 Evaluation\8051\CONFIG\"              #
#                            -D_NR_OF_BANKS=0x07 -D_CODEBANK_END=0xFFFF        #
#                            -D_CODEBANK_START=0x8000 -D?CBANK_MASK=0x07       #
#                            -D?CBANK=0x9F                                     #
#                            C:\Users\´^§Ó»¨\Desktop\DSP_Wireless_¶i¶¥´Ú\DSP_2 #
#                            530_Code\Master_A\ex_M230\debug\Obj\M230.r51      #
#                            C:\Users\´^§Ó»¨\Desktop\DSP_Wireless_¶i¶¥´Ú\DSP_2 #
#                            530_Code\Master_A\ex_M230\debug\Obj\Master_A.r51  #
#                            C:\Users\´^§Ó»¨\Desktop\DSP_Wireless_¶i¶¥´Ú\DSP_2 #
#                            530_Code\Master_A\ex_M230\debug\Obj\basic_rf.r51  #
#                            C:\Users\´^§Ó»¨\Desktop\DSP_Wireless_¶i¶¥´Ú\DSP_2 #
#                            530_Code\Master_A\ex_M230\debug\Obj\basic_rf_secu #
#                            rity.r51                                          #
#                            C:\Users\´^§Ó»¨\Desktop\DSP_Wireless_¶i¶¥´Ú\DSP_2 #
#                            530_Code\Master_A\ex_M230\debug\Obj\hal_adc.r51   #
#                            C:\Users\´^§Ó»¨\Desktop\DSP_Wireless_¶i¶¥´Ú\DSP_2 #
#                            530_Code\Master_A\ex_M230\debug\Obj\hal_board.r51 #
#                            C:\Users\´^§Ó»¨\Desktop\DSP_Wireless_¶i¶¥´Ú\DSP_2 #
#                            530_Code\Master_A\ex_M230\debug\Obj\hal_button.r5 #
#                            1                                                 #
#                            C:\Users\´^§Ó»¨\Desktop\DSP_Wireless_¶i¶¥´Ú\DSP_2 #
#                            530_Code\Master_A\ex_M230\debug\Obj\hal_buzzer.r5 #
#                            1                                                 #
#                            C:\Users\´^§Ó»¨\Desktop\DSP_Wireless_¶i¶¥´Ú\DSP_2 #
#                            530_Code\Master_A\ex_M230\debug\Obj\hal_clock.r51 #
#                            C:\Users\´^§Ó»¨\Desktop\DSP_Wireless_¶i¶¥´Ú\DSP_2 #
#                            530_Code\Master_A\ex_M230\debug\Obj\hal_digio.r51 #
#                            C:\Users\´^§Ó»¨\Desktop\DSP_Wireless_¶i¶¥´Ú\DSP_2 #
#                            530_Code\Master_A\ex_M230\debug\Obj\hal_drink.r51 #
#                            C:\Users\´^§Ó»¨\Desktop\DSP_Wireless_¶i¶¥´Ú\DSP_2 #
#                            530_Code\Master_A\ex_M230\debug\Obj\hal_int.r51   #
#                            C:\Users\´^§Ó»¨\Desktop\DSP_Wireless_¶i¶¥´Ú\DSP_2 #
#                            530_Code\Master_A\ex_M230\debug\Obj\hal_keypad.r5 #
#                            1                                                 #
#                            C:\Users\´^§Ó»¨\Desktop\DSP_Wireless_¶i¶¥´Ú\DSP_2 #
#                            530_Code\Master_A\ex_M230\debug\Obj\hal_lcd.r51   #
#                            C:\Users\´^§Ó»¨\Desktop\DSP_Wireless_¶i¶¥´Ú\DSP_2 #
#                            530_Code\Master_A\ex_M230\debug\Obj\hal_led.r51   #
#                            C:\Users\´^§Ó»¨\Desktop\DSP_Wireless_¶i¶¥´Ú\DSP_2 #
#                            530_Code\Master_A\ex_M230\debug\Obj\hal_ledmatrix #
#                            .r51                                              #
#                            C:\Users\´^§Ó»¨\Desktop\DSP_Wireless_¶i¶¥´Ú\DSP_2 #
#                            530_Code\Master_A\ex_M230\debug\Obj\hal_mcu.r51   #
#                            C:\Users\´^§Ó»¨\Desktop\DSP_Wireless_¶i¶¥´Ú\DSP_2 #
#                            530_Code\Master_A\ex_M230\debug\Obj\hal_rf.r51    #
#                            C:\Users\´^§Ó»¨\Desktop\DSP_Wireless_¶i¶¥´Ú\DSP_2 #
#                            530_Code\Master_A\ex_M230\debug\Obj\hal_rf_securi #
#                            ty.r51                                            #
#                            C:\Users\´^§Ó»¨\Desktop\DSP_Wireless_¶i¶¥´Ú\DSP_2 #
#                            530_Code\Master_A\ex_M230\debug\Obj\hal_rf_util.r #
#                            51                                                #
#                            C:\Users\´^§Ó»¨\Desktop\DSP_Wireless_¶i¶¥´Ú\DSP_2 #
#                            530_Code\Master_A\ex_M230\debug\Obj\hal_uart.r51  #
#                            C:\Users\´^§Ó»¨\Desktop\DSP_Wireless_¶i¶¥´Ú\DSP_2 #
#                            530_Code\Master_A\ex_M230\debug\Obj\util.r51      #
#                            C:\Users\´^§Ó»¨\Desktop\DSP_Wireless_¶i¶¥´Ú\DSP_2 #
#                            530_Code\Master_A\ex_M230\debug\Obj\util_buffer.r #
#                            51                                                #
#                            C:\Users\´^§Ó»¨\Desktop\DSP_Wireless_¶i¶¥´Ú\DSP_2 #
#                            530_Code\Master_A\ex_M230\debug\Obj\util_lcd.r51  #
#                            -o                                                #
#                            C:\Users\´^§Ó»¨\Desktop\DSP_Wireless_¶i¶¥´Ú\DSP_2 #
#                            530_Code\Master_A\ex_M230\debug\Exe\M230.d51      #
#                            -l                                                #
#                            C:\Users\´^§Ó»¨\Desktop\DSP_Wireless_¶i¶¥´Ú\DSP_2 #
#                            530_Code\Master_A\ex_M230\debug\List\M230.map     #
#                            -xmsn                                             #
#                            "-IC:\Program Files (x86)\IAR Systems\Embedded Wo #
#                            rkbench 6.0 Evaluation\8051\CONFIG\"              #
#                            -f                                                #
#                            "C:\Program Files (x86)\IAR Systems\Embedded Work #
#                            bench 6.0 Evaluation\8051\config\devices\Texas In #
#                            struments\lnk51ew_cc2530F256_banked.xcl"          #
#                            (-D_IDATA0_START=0x00 -D_IDATA0_END=0xFF          #
#                            -D_PDATA0_START=0x1E00 -D_PDATA0_END=0x1EFF       #
#                            -D_IXDATA0_START=0x0001 -D_IXDATA0_END=0x1EFF     #
#                            -D_XDATA0_START=_IXDATA0_START                    #
#                            -D_XDATA0_END=_IXDATA0_END                        #
#                            -D_NEAR_CODE_START=0x0000                         #
#                            -D_FIRST_BANK_ADDR=0x10000 -D?REGISTER_BANK=0x0   #
#                            -D_REGISTER_BANK_START=0x0 -D_BREG_START=0x00     #
#                            -D?VB=0x20 -D?ESP=0x9B -Z(BIT)BREG=_BREG_START    #
#                            -Z(BIT)BIT_N=0-7F                                 #
#                            -Z(DATA)REGISTERS+8=_REGISTER_BANK_START          #
#                            -Z(DATA)BDATA_Z,BDATA_N,BDATA_I=20-2F             #
#                            -Z(DATA)VREG+_NR_OF_VIRTUAL_REGISTERS=08-7F       #
#                            -Z(DATA)PSP,XSP=08-7F -Z(DATA)DOVERLAY=08-7F      #
#                            -Z(DATA)DATA_I,DATA_Z,DATA_N=08-7F                #
#                            -U(IDATA)0-7F=(DATA)0-7F                          #
#                            -Z(IDATA)IDATA_I,IDATA_Z,IDATA_N=08-_IDATA0_END   #
#                            -Z(IDATA)ISTACK+_IDATA_STACK_SIZE#08-_IDATA0_END  #
#                            -Z(IDATA)IOVERLAY=08-FF -Z(CODE)INTVEC=0          #
#                            -Z(CODE)CSTART=_NEAR_CODE_START-(_CODEBANK_START- #
#                            1)                                                #
#                            -Z(CODE)BIT_ID,BDATA_ID,DATA_ID,IDATA_ID,IXDATA_I #
#                            D,PDATA_ID,XDATA_ID=_NEAR_CODE_START-(_CODEBANK_S #
#                            TART-1)                                           #
#                            -Z(CODE)BANK_RELAYS,RCODE,DIFUNCT,CODE_C,CODE_N,N #
#                            EAR_CODE=_NEAR_CODE_START-(_CODEBANK_START-1)     #
#                            -P(CODE)BANKED_CODE=_NEAR_CODE_START-(_CODEBANK_S #
#                            TART-1),[(_CODEBANK_START+_FIRST_BANK_ADDR)-(_COD #
#                            EBANK_END+_FIRST_BANK_ADDR)]*_NR_OF_BANKS+10000   #
#                            -Z(CODE)CHECKSUM#(_CODEBANK_START-1)              #
#                            -Z(XDATA)PDATA_Z,PDATA_I=_PDATA0_START-_PDATA0_EN #
#                            D                                                 #
#                            -P(XDATA)PDATA_N=_PDATA0_START-_PDATA0_END        #
#                            -Z(XDATA)PSTACK+_PDATA_STACK_SIZE=_PDATA0_START-_ #
#                            PDATA0_END                                        #
#                            -Z(XDATA)EXT_STACK+_EXTENDED_STACK_SIZE=_EXTENDED #
#                            _STACK_START                                      #
#                            -Z(XDATA)XSTACK+_XDATA_STACK_SIZE=_XDATA0_START-_ #
#                            XDATA0_END                                        #
#                            -Z(XDATA)IXDATA_Z,IXDATA_I=_IXDATA0_START-_IXDATA #
#                            0_END                                             #
#                            -P(XDATA)IXDATA_N=_IXDATA0_START-_IXDATA0_END     #
#                            -Z(XDATA)XDATA_Z,XDATA_I=_XDATA0_START-_XDATA0_EN #
#                            D                                                 #
#                            -P(XDATA)XDATA_N=_XDATA0_START-_XDATA0_END        #
#                            -Z(XDATA)XDATA_HEAP+_XDATA_HEAP_SIZE=_XDATA0_STAR #
#                            T-_XDATA0_END                                     #
#                            -Z(CONST)XDATA_ROM_C=_XDATA0_START-_XDATA0_END    #
#                            -cx51                                             #
#                            -M(CODE)[(_CODEBANK_START+_FIRST_BANK_ADDR)-(_COD #
#                            EBANK_END+_FIRST_BANK_ADDR)]*_NR_OF_BANKS+0x10000 #
#                            =0x8000                                           #
#                            -ww69=i -D_BANK0_START=0x00000                    #
#                            -D_BANK0_END=0x07FFF -D_BANK1_START=0x18000       #
#                            -D_BANK1_END=0x1FFFF -D_BANK2_START=0x28000       #
#                            -D_BANK2_END=0x2FFFF -D_BANK3_START=0x38000       #
#                            -D_BANK3_END=0x3FFFF -D_BANK4_START=0x48000       #
#                            -D_BANK4_END=0x4FFFF -D_BANK5_START=0x58000       #
#                            -D_BANK5_END=0x5FFFF -D_BANK6_START=0x68000       #
#                            -D_BANK6_END=0x6FFFF -D_BANK7_START=0x78000       #
#                            -D_BANK7_END=0x7FFFF                              #
#                            -P(CODE)BANK0=_BANK0_START-_BANK0_END             #
#                            -P(CODE)BANK1=_BANK1_START-_BANK1_END             #
#                            -P(CODE)BANK2=_BANK2_START-_BANK2_END             #
#                            -P(CODE)BANK3=_BANK3_START-_BANK3_END             #
#                            -P(CODE)BANK4=_BANK4_START-_BANK4_END             #
#                            -P(CODE)BANK5=_BANK5_START-_BANK5_END             #
#                            -P(CODE)BANK6=_BANK6_START-_BANK6_END             #
#                            -P(CODE)BANK7=_BANK7_START-_BANK7_END             #
#                            -D_FLASH_LOCK_BITS_START=0x7FFF0                  #
#                            -D_FLASH_LOCK_BITS_END=0x7FFFF                    #
#                            -Z(CODE)FLASH_LOCK_BITS=_FLASH_LOCK_BITS_START-_F #
#                            LASH_LOCK_BITS_END                                #
#                            -U(CODE)0x0000=(CODE)_FLASH_LOCK_BITS_START-_FLAS #
#                            H_LOCK_BITS_END)                                  #
#                            -e?BCALL_07=?BCALL -e?BRET_07=?BRET               #
#                            -e?BDISPATCH_07=?BDISPATCH                        #
#                            -D_NR_OF_VIRTUAL_REGISTERS=8 -D?PBANK=0xA0        #
#                            -e_medium_write=_formatted_write                  #
#                            -e_medium_read=_formatted_read -rt                #
#                            -Ointel-extended=C:\Users\´^§Ó»¨\Desktop\DSP_Wire #
#                            less_¶i¶¥´Ú\DSP_2530_Code\Master_A\ex_M230\debug\ #
#                            Exe\M230.hex                                      #
#                            -s __program_start                                #
#                            "C:\Program Files (x86)\IAR Systems\Embedded Work #
#                            bench 6.0 Evaluation\8051\LIB\CLIB\cl-pli-blxd-1e #
#                            16x01.r51"                                        #
#                            -D_IDATA_STACK_SIZE=0x40                          #
#                            -D_EXTENDED_STACK_START=0x00                      #
#                            -D_EXTENDED_STACK_SIZE=0x00                       #
#                            -D_PDATA_STACK_SIZE=0x80                          #
#                            -D_XDATA_STACK_SIZE=0x100                         #
#                            -D_XDATA_HEAP_SIZE=0xFF -D_FAR_HEAP_SIZE=0xFFF    #
#                            -D_HUGE_HEAP_SIZE=0xFFF                           #
#                            -D_FAR22_HEAP_SIZE=0xFFF                          #
#                                                                              #
#                           Copyright (C) 1987-2010 IAR Systems AB.            #
################################################################################





                ****************************************
                *                                      *
                *           CROSS REFERENCE            *
                *                                      *
                ****************************************

       Program entry at : CODE      000000E3  Relocatable, from module : CSTARTUP




                ****************************************
                *                                      *
                *            RUNTIME MODEL             *
                *                                      *
                ****************************************

  __SystemLibrary          = CLib
  __calling_convention     = xdata_reentrant
  __code_model             = banked
  __core                   = plain
  __data_model             = large
  __dptr_size              = 16
  __extended_stack         = disabled
  __location_for_constants = data
  __number_of_dptrs        = 1
  __rt_version             = 1



                ****************************************
                *                                      *
                *              MODULE MAP              *
                *                                      *
                ****************************************


  DEFINED ABSOLUTE ENTRIES
    *************************************************************************

  DEFINED ABSOLUTE ENTRIES
  PROGRAM MODULE, NAME : ?ABS_ENTRY_MOD

Absolute parts
           ENTRY                   ADDRESS         REF BY
           =====                   =======         ======
           _FAR22_HEAP_SIZE        00000FFF 
           _HUGE_HEAP_SIZE         00000FFF 
           _FAR_HEAP_SIZE          00000FFF 
           _XDATA_HEAP_SIZE        000000FF 
           _XDATA_STACK_SIZE       00000100 
           _PDATA_STACK_SIZE       00000080 
           _EXTENDED_STACK_SIZE    00000000 
           _EXTENDED_STACK_START   00000000 
           _IDATA_STACK_SIZE       00000040 
           ?PBANK                  000000A0 
           _NR_OF_VIRTUAL_REGISTERS
                                   00000008 
           _FLASH_LOCK_BITS_END    0003FFFF 
           _FLASH_LOCK_BITS_START
                                   0003FFF0 
           _BANK7_END              0003FFFF 
           _BANK7_START            00038000 
           _BANK6_END              00037FFF 
           _BANK6_START            00030000 
           _BANK5_END              0002FFFF 
           _BANK5_START            00028000 
           _BANK4_END              00027FFF 
           _BANK4_START            00020000 
           _BANK3_END              0001FFFF 
           _BANK3_START            00018000 
           _BANK2_END              00017FFF 
           _BANK2_START            00010000 
           _BANK1_END              0000FFFF 
           _BANK1_START            00008000 
           _BANK0_END              00007FFF 
           _BANK0_START            00000000 
           ?ESP                    0000009B 
           ?VB                     00000020        ?BANKED_ENTER_XDATA (?BANKED_ENTER_XDATA)
                                                   ?BANKED_LEAVE_XDATA (?BANKED_LEAVE_XDATA)
                                                   ?INTERRUPT_ENTER_XSP (?INTERRUPT_ENTER_XSP)
                                                   ?INTERRUPT_LEAVE_XSP (?INTERRUPT_LEAVE_XSP)
           _BREG_START             00000000 
           _REGISTER_BANK_START    00000000 
           ?REGISTER_BANK          00000000        Segment part 6 (CSTARTUP)
           _FIRST_BANK_ADDR        00010000 
           _NEAR_CODE_START        00000000 
           _XDATA0_END             00001EFF 
           _XDATA0_START           00000001 
           _IXDATA0_END            00001EFF 
           _IXDATA0_START          00000001 
           _PDATA0_END             00001EFF 
           _PDATA0_START           00001E00 
           _IDATA0_END             000000FF 
           _IDATA0_START           00000000 
           ?CBANK                  0000009F        ?RESET_CODE_BANK (CSTARTUP)
                                                   Segment part 3 (?BANKED_CODE_SUPPORT)
           ?CBANK_MASK             00000007 
           _CODEBANK_START         00008000 
           _CODEBANK_END           0000FFFF 
           _NR_OF_BANKS            00000007 
    *************************************************************************

  FILE NAME : C:\Users\´^§Ó»¨\Desktop\DSP_Wireless_¶i¶¥´Ú\DSP_2530_Code\Master_A\ex_M230\debug\Obj\M230.r51
  PROGRAM MODULE, NAME : M230

  SEGMENTS IN THE MODULE
  ======================
SFR_AN
  Relative segment, address: DATA 00000080 - 00000080 (0x1 bytes), align: 0
  Segment part 1. ROOT.       Intra module refs:   M230_I2cAck
                                                   M230_I2cNack
                                                   M230_I2cRead
                                                   M230_I2cStart
                                                   M230_I2cStop
                                                   M230_I2cWrite
                                                   M230_Init
                                                   halBoardInit (hal_board)
                                                   lcdControl (hal_lcd)
                                                   lcdWrite (hal_lcd)
           ENTRY                   ADDRESS         REF BY
           =====                   =======         ======
           _A_P0                   00000080 
           LOCAL                   ADDRESS         
           =====                   =======         
           P0                      00000080 
    -------------------------------------------------------------------------
SFR_AN
  Relative segment, address: DATA 0000008F - 0000008F (0x1 bytes), align: 0
  Segment part 2. ROOT.       Intra module refs:   M230_I2cRead
           ENTRY                   ADDRESS         REF BY
           =====                   =======         ======
           P0INP                   0000008F 
    -------------------------------------------------------------------------
SFR_AN
  Relative segment, address: DATA 000000F3 - 000000F3 (0x1 bytes), align: 0
  Segment part 3. ROOT.       Intra module refs:   M230_I2cRead
                                                   M230_Init
                                                   halBoardInit (hal_board)
                                                   halUartInit (hal_uart)
           ENTRY                   ADDRESS         REF BY
           =====                   =======         ======
           P0SEL                   000000F3 
    -------------------------------------------------------------------------
SFR_AN
  Relative segment, address: DATA 000000F7 - 000000F7 (0x1 bytes), align: 0
  Segment part 4. ROOT.       Intra module refs:   M230_I2cRead
                                                   halBoardInit (hal_board)
                                                   halKeypadI2cRead (hal_keypad)
           ENTRY                   ADDRESS         REF BY
           =====                   =======         ======
           P2INP                   000000F7 
    -------------------------------------------------------------------------
SFR_AN
  Relative segment, address: DATA 000000FD - 000000FD (0x1 bytes), align: 0
  Segment part 5. ROOT.       Intra module refs:   M230_I2cRead
                                                   M230_Init
                                                   halBoardInit (hal_board)
                                                   halLcdInit (hal_lcd)
                                                   lcdControl (hal_lcd)
                                                   lcdWrite (hal_lcd)
           ENTRY                   ADDRESS         REF BY
           =====                   =======         ======
           P0DIR                   000000FD 
    -------------------------------------------------------------------------
<BANKED_CODE> 1 (was BANKED_CODE)
  Relative segment, address: CODE 000015DF - 000015F1 (0x13 bytes), align: 0
  Segment part 11.            Intra module refs:   M230_I2cStart::?relay
           ENTRY                   ADDRESS         REF BY
           =====                   =======         ======
           M230_I2cStart           000015DF 
               calls direct
               XSTACK = 00000009 ( 00000000 )
               ISTACK = 00000000 ( 00000002 )
    -------------------------------------------------------------------------
<BANKED_CODE> 1 (was BANKED_CODE)
  Relative segment, address: CODE 000015F2 - 000015F3 (0x2 bytes), align: 0
  Segment part 13.            Intra module refs:   M230_I2cAck
                                                   M230_I2cNack
           LOCAL                   ADDRESS         
           =====                   =======         
           ?Subroutine0            000015F2 
    -------------------------------------------------------------------------
<BANKED_CODE> 1 (was BANKED_CODE)
  Relative segment, address: CODE 000015F4 - 000015FC (0x9 bytes), align: 0
  Segment part 14.            Intra module refs:   ?Subroutine0
                                                   M230_I2cStart
    -------------------------------------------------------------------------
<BANKED_CODE> 1 (was BANKED_CODE)
  Relative segment, address: CODE 000015FD - 00001603 (0x7 bytes), align: 0
  Segment part 15.            Intra module refs:   M230_I2cStop
                                                   Segment part 14
    -------------------------------------------------------------------------
<BANKED_CODE> 1 (was BANKED_CODE)
  Relative segment, address: CODE 00001604 - 0000160A (0x7 bytes), align: 0
  Segment part 16.            Intra module refs:   M230_Init
                                                   Segment part 15
    -------------------------------------------------------------------------
<BANKED_CODE> 1 (was BANKED_CODE)
  Relative segment, address: CODE 0000160B - 00001624 (0x1a bytes), align: 0
  Segment part 17.            Intra module refs:   M230_I2cStop::?relay
           ENTRY                   ADDRESS         REF BY
           =====                   =======         ======
           M230_I2cStop            0000160B 
               calls direct
               XSTACK = 00000009 ( 00000000 )
               ISTACK = 00000000 ( 00000002 )
    -------------------------------------------------------------------------
<BANKED_CODE> 1 (was BANKED_CODE)
  Relative segment, address: CODE 00001625 - 0000162C (0x8 bytes), align: 0
  Segment part 19.            Intra module refs:   M230_I2cAck::?relay
           ENTRY                   ADDRESS         REF BY
           =====                   =======         ======
           M230_I2cAck             00001625 
               calls direct
               XSTACK = 00000009 ( 00000000 )
               ISTACK = 00000000 ( 00000002 )
    -------------------------------------------------------------------------
<BANKED_CODE> 1 (was BANKED_CODE)
  Relative segment, address: CODE 0000162D - 00001634 (0x8 bytes), align: 0
  Segment part 21.            Intra module refs:   M230_I2cNack::?relay
           ENTRY                   ADDRESS         REF BY
           =====                   =======         ======
           M230_I2cNack            0000162D 
               calls direct
               XSTACK = 00000009 ( 00000000 )
               ISTACK = 00000000 ( 00000002 )
    -------------------------------------------------------------------------
<BANKED_CODE> 1 (was BANKED_CODE)
  Relative segment, address: CODE 00001635 - 00001656 (0x22 bytes), align: 0
  Segment part 23.            Intra module refs:   M230_I2cWrite::?relay
           ENTRY                   ADDRESS         REF BY
           =====                   =======         ======
           M230_I2cWrite           00001635 
               calls direct
               XSTACK = 00000009 ( 00000009 )
    -------------------------------------------------------------------------
<BANKED_CODE> 1 (was BANKED_CODE)
  Relative segment, address: CODE 00001657 - 00001658 (0x2 bytes), align: 0
  Segment part 25.            Intra module refs:   M230_I2cRead
                                                   M230_ReadEEPROM
           LOCAL                   ADDRESS         
           =====                   =======         
           ?Subroutine1            00001657 
    -------------------------------------------------------------------------
<BANKED_CODE> 1 (was BANKED_CODE)
  Relative segment, address: CODE 00001659 - 0000165D (0x5 bytes), align: 0
  Segment part 26.            Intra module refs:   ?Subroutine1
                                                   M230_I2cWrite
                                                   M230_WriteEEPROM
    -------------------------------------------------------------------------
<BANKED_CODE> 1 (was BANKED_CODE)
  Relative segment, address: CODE 0000165E - 00001694 (0x37 bytes), align: 0
  Segment part 27.            Intra module refs:   M230_I2cRead::?relay
           ENTRY                   ADDRESS         REF BY
           =====                   =======         ======
           M230_I2cRead            0000165E 
               calls direct
               XSTACK = 00000009 ( 00000009 )
    -------------------------------------------------------------------------
<BANKED_CODE> 1 (was BANKED_CODE)
  Relative segment, address: CODE 00001695 - 000016A5 (0x11 bytes), align: 0
  Segment part 29.            Intra module refs:   M230_I2cRead
                                                   M230_I2cWrite
           LOCAL                   ADDRESS         
           =====                   =======         
           ?Subroutine3            00001695 
    -------------------------------------------------------------------------
<BANKED_CODE> 1 (was BANKED_CODE)
  Relative segment, address: CODE 000016A6 - 000016BC (0x17 bytes), align: 0
  Segment part 30.            Intra module refs:   M230_Init::?relay
           ENTRY                   ADDRESS         REF BY
           =====                   =======         ======
           M230_Init               000016A6 
               calls direct
               ISTACK = 00000000 ( 00000002 )
    -------------------------------------------------------------------------
<BANKED_CODE> 1 (was BANKED_CODE)
  Relative segment, address: CODE 000016BD - 000016C5 (0x9 bytes), align: 0
  Segment part 32.            Intra module refs:   M230_I2cRead
                                                   M230_Init
           LOCAL                   ADDRESS         
           =====                   =======         
           ?Subroutine4            000016BD 
    -------------------------------------------------------------------------
<BANKED_CODE> 1 (was BANKED_CODE)
  Relative segment, address: CODE 000016C6 - 000016E2 (0x1d bytes), align: 0
  Segment part 33.            Intra module refs:   M230_WriteEEPROM::?relay
           ENTRY                   ADDRESS         REF BY
           =====                   =======         ======
           M230_WriteEEPROM        000016C6 
               calls direct
               XSTACK = 00000000 ( 00000009 )
    -------------------------------------------------------------------------
<BANKED_CODE> 1 (was BANKED_CODE)
  Relative segment, address: CODE 000016E3 - 00001702 (0x20 bytes), align: 0
  Segment part 35.            Intra module refs:   M230_ReadEEPROM::?relay
           ENTRY                   ADDRESS         REF BY
           =====                   =======         ======
           M230_ReadEEPROM         000016E3 
               calls direct
               XSTACK = 00000000 ( 00000009 )
    -------------------------------------------------------------------------
<BANKED_CODE> 1 (was BANKED_CODE)
  Relative segment, address: CODE 00001703 - 0000170F (0xd bytes), align: 0
  Segment part 37.            Intra module refs:   M230_ReadEEPROM
                                                   M230_WriteEEPROM
           LOCAL                   ADDRESS         
           =====                   =======         
           ?Subroutine2            00001703 
    -------------------------------------------------------------------------
<BANKED_CODE> 1 (was BANKED_CODE)
  Relative segment, address: CODE 00001710 - 00001710 (0x1 bytes), align: 0
  Segment part 38.            Intra module refs:   ?Subroutine2
                                                   M230_WriteEEPROM
           LOCAL                   ADDRESS         
           =====                   =======         
           ?Subroutine5            00001710 
    -------------------------------------------------------------------------
<BANKED_CODE> 1 (was BANKED_CODE)
  Relative segment, address: CODE 00001711 - 00001717 (0x7 bytes), align: 0
  Segment part 39.            Intra module refs:   ?Subroutine2
                                                   ?Subroutine5
                                                   M230_ReadEEPROM
    -------------------------------------------------------------------------
BANK_RELAYS
  Relative segment, address: CODE 0000024D - 00000252 (0x6 bytes), align: 0
  Segment part 12.            Intra module refs:   ?Subroutine2
                                                   M230_ReadEEPROM
           ENTRY                   ADDRESS         REF BY
           =====                   =======         ======
           M230_I2cStart::?relay   0000024D 
    -------------------------------------------------------------------------
BANK_RELAYS
  Relative segment, address: CODE 00000253 - 00000258 (0x6 bytes), align: 0
  Segment part 18.            Intra module refs:   M230_ReadEEPROM
                                                   M230_WriteEEPROM
           ENTRY                   ADDRESS         REF BY
           =====                   =======         ======
           M230_I2cStop::?relay    00000253 
    -------------------------------------------------------------------------
BANK_RELAYS
  Relative segment, address: CODE 00000259 - 0000025E (0x6 bytes), align: 0
  Segment part 20.            Intra module refs:   Segment part 39
           ENTRY                   ADDRESS         REF BY
           =====                   =======         ======
           M230_I2cAck::?relay     00000259 
    -------------------------------------------------------------------------
BANK_RELAYS
  Relative segment, address: CODE 0000025F - 00000264 (0x6 bytes), align: 0
  Segment part 22.            Intra module refs:   M230_ReadEEPROM
           ENTRY                   ADDRESS         REF BY
           =====                   =======         ======
           M230_I2cNack::?relay    0000025F 
    -------------------------------------------------------------------------
BANK_RELAYS
  Relative segment, address: CODE 00000265 - 0000026A (0x6 bytes), align: 0
  Segment part 24.            Intra module refs:   Segment part 39
           ENTRY                   ADDRESS         REF BY
           =====                   =======         ======
           M230_I2cWrite::?relay   00000265 
    -------------------------------------------------------------------------
BANK_RELAYS
  Relative segment, address: CODE 0000026B - 00000270 (0x6 bytes), align: 0
  Segment part 28.            Intra module refs:   M230_ReadEEPROM
           ENTRY                   ADDRESS         REF BY
           =====                   =======         ======
           M230_I2cRead::?relay    0000026B 
    -------------------------------------------------------------------------
BANK_RELAYS
  Relative segment, address: CODE 00000271 - 00000276 (0x6 bytes), align: 0
  Segment part 31.
           ENTRY                   ADDRESS         REF BY
           =====                   =======         ======
           M230_Init::?relay       00000271        MasterInit (Master_A)
    -------------------------------------------------------------------------
BANK_RELAYS
  Relative segment, address: CODE 00000277 - 0000027C (0x6 bytes), align: 0
  Segment part 34.
           ENTRY                   ADDRESS         REF BY
           =====                   =======         ======
           M230_WriteEEPROM::?relay
                                   00000277        WriteEEPROM (Master_A)
    -------------------------------------------------------------------------
BANK_RELAYS
  Relative segment, address: CODE 0000027D - 00000282 (0x6 bytes), align: 0
  Segment part 36.            Intra module refs:   M230_Init
           ENTRY                   ADDRESS         REF BY
           =====                   =======         ======
           M230_ReadEEPROM::?relay
                                   0000027D        SendData (Master_A)

    *************************************************************************

  FILE NAME : C:\Users\´^§Ó»¨\Desktop\DSP_Wireless_¶i¶¥´Ú\DSP_2530_Code\Master_A\ex_M230\debug\Obj\Master_A.r51
  PROGRAM MODULE, NAME : Master_A

  SEGMENTS IN THE MODULE
  ======================
XDATA_Z
  Relative segment, address: XDATA 00000101 - 000001FF (0xff bytes), align: 0
  Segment part 46.            Intra module refs:   ?Subroutine9
                                                   Client_Program_Order
                                                   Client_Program_Time
                                                   SendData
                                                   WriteEEPROM
           LOCAL                   ADDRESS         
           =====                   =======         
           pTxData                 00000101 
    -------------------------------------------------------------------------
XDATA_Z
  Relative segment, address: XDATA 00000200 - 000002FE (0xff bytes), align: 0
  Segment part 47.            Intra module refs:   ShowZoneMode
           LOCAL                   ADDRESS         
           =====                   =======         
           pRxData                 00000200 
    -------------------------------------------------------------------------
XDATA_Z
  Relative segment, address: XDATA 000002FF - 00000304 (0x6 bytes), align: 0
  Segment part 48.            Intra module refs:   MasterInit
           LOCAL                   ADDRESS         
           =====                   =======         
           basicRfConfig           000002FF 
    -------------------------------------------------------------------------
XDATA_Z
  Relative segment, address: XDATA 00000305 - 00000305 (0x1 bytes), align: 0
  Segment part 49.            Intra module refs:   ?Subroutine10
                                                   Client_Program_Order
           ENTRY                   ADDRESS         REF BY
           =====                   =======         ======
           key                     00000305 
    -------------------------------------------------------------------------
XDATA_Z
  Relative segment, address: XDATA 00000306 - 00000306 (0x1 bytes), align: 0
  Segment part 50.            Intra module refs:   ?Subroutine3
                                                   ?Subroutine4
                                                   Client_Program_Order
                                                   Client_Program_Time
           ENTRY                   ADDRESS         REF BY
           =====                   =======         ======
           KeyCount                00000306 
    -------------------------------------------------------------------------
XDATA_Z
  Relative segment, address: XDATA 00000307 - 00000316 (0x10 bytes), align: 0
  Segment part 51.            Intra module refs:   Client_Program_Order
           ENTRY                   ADDRESS         REF BY
           =====                   =======         ======
           ProgramA                00000307 
    -------------------------------------------------------------------------
XDATA_Z
  Relative segment, address: XDATA 00000317 - 00000319 (0x3 bytes), align: 0
  Segment part 52.            Intra module refs:   MasterInit
           ENTRY                   ADDRESS         REF BY
           =====                   =======         ======
           ShowMode                00000317 
    -------------------------------------------------------------------------
<BANKED_CODE> 1 (was BANKED_CODE)
  Relative segment, address: CODE 000009CE - 000009ED (0x20 bytes), align: 0
  Segment part 53.
           ENTRY                   ADDRESS         REF BY
           =====                   =======         ======
           main                    000009CE        ?call_main (?cmain)
               calls direct
    -------------------------------------------------------------------------
<BANKED_CODE> 1 (was BANKED_CODE)
  Relative segment, address: CODE 000009EE - 00000A46 (0x59 bytes), align: 0
  Segment part 55.            Intra module refs:   MasterInit::?relay
           ENTRY                   ADDRESS         REF BY
           =====                   =======         ======
           MasterInit              000009EE 
               calls direct
               ISTACK = 00000000 ( 00000002 )
    -------------------------------------------------------------------------
<BANKED_CODE> 1 (was BANKED_CODE)
  Relative segment, address: CODE 00000A47 - 00000A4D (0x7 bytes), align: 0
  Segment part 57.            Intra module refs:   MasterInit
                                                   ReadKeyInt
           LOCAL                   ADDRESS         
           =====                   =======         
           ?Subroutine0            00000A47 
    -------------------------------------------------------------------------
<BANKED_CODE> 1 (was BANKED_CODE)
  Relative segment, address: CODE 00000A4E - 00000B55 (0x108 bytes), align: 0
  Segment part 58.            Intra module refs:   Client_Program_Order::?relay
           ENTRY                   ADDRESS         REF BY
           =====                   =======         ======
           Client_Program_Order    00000A4E 
               calls direct
               XSTACK = 00000009 ( 0000000C )
               ISTACK = 00000000 ( 00000001 )
    -------------------------------------------------------------------------
<BANKED_CODE> 1 (was BANKED_CODE)
  Relative segment, address: CODE 00000B56 - 00000B5A (0x5 bytes), align: 0
  Segment part 60.            Intra module refs:   Client_Program_Order
                                                   SendData
           LOCAL                   ADDRESS         
           =====                   =======         
           ?Subroutine1            00000B56 
    -------------------------------------------------------------------------
<BANKED_CODE> 1 (was BANKED_CODE)
  Relative segment, address: CODE 00000B5B - 00000B6A (0x10 bytes), align: 0
  Segment part 61.            Intra module refs:   Client_Program_Order
           LOCAL                   ADDRESS         
           =====                   =======         
           ?Subroutine4            00000B5B 
    -------------------------------------------------------------------------
<BANKED_CODE> 1 (was BANKED_CODE)
  Relative segment, address: CODE 00000B6B - 00000BA0 (0x36 bytes), align: 0
  Segment part 62.            Intra module refs:   halLcdWriteIntToChar::?relay
           ENTRY                   ADDRESS         REF BY
           =====                   =======         ======
           halLcdWriteIntToChar    00000B6B 
               calls direct
               XSTACK = 0000000C ( 0000000C )
    -------------------------------------------------------------------------
<BANKED_CODE> 1 (was BANKED_CODE)
  Relative segment, address: CODE 00000BA1 - 00000C38 (0x98 bytes), align: 0
  Segment part 64.            Intra module refs:   Client_Program_Time::?relay
           ENTRY                   ADDRESS         REF BY
           =====                   =======         ======
           Client_Program_Time     00000BA1 
               calls direct
               XSTACK = 00000009 ( 0000000B )
               ISTACK = 00000000 ( 00000002 )
    -------------------------------------------------------------------------
<BANKED_CODE> 1 (was BANKED_CODE)
  Relative segment, address: CODE 00000C39 - 00000C3E (0x6 bytes), align: 0
  Segment part 66.            Intra module refs:   Client_Program_Order
                                                   Client_Program_Time
           LOCAL                   ADDRESS         
           =====                   =======         
           ?Subroutine5            00000C39 
    -------------------------------------------------------------------------
<BANKED_CODE> 1 (was BANKED_CODE)
  Relative segment, address: CODE 00000C3F - 00000C57 (0x19 bytes), align: 0
  Segment part 67.            Intra module refs:   Client_Program_Order
                                                   Client_Program_Time
           LOCAL                   ADDRESS         
           =====                   =======         
           ?Subroutine3            00000C3F 
    -------------------------------------------------------------------------
<BANKED_CODE> 1 (was BANKED_CODE)
  Relative segment, address: CODE 00000C58 - 00000C5E (0x7 bytes), align: 0
  Segment part 68.            Intra module refs:   CommandZone
                                                   ShowZoneMode
           LOCAL                   ADDRESS         
           =====                   =======         
           ?Subroutine2            00000C58 
    -------------------------------------------------------------------------
<BANKED_CODE> 1 (was BANKED_CODE)
  Relative segment, address: CODE 00000C5F - 00000C63 (0x5 bytes), align: 0
  Segment part 69.            Intra module refs:   ?Subroutine2
                                                   Client_Program_Time
                                                   CommandAction
    -------------------------------------------------------------------------
<BANKED_CODE> 1 (was BANKED_CODE)
  Relative segment, address: CODE 00000C64 - 00000CC8 (0x65 bytes), align: 0
  Segment part 70.            Intra module refs:   ReadKeyInt::?relay
           ENTRY                   ADDRESS         REF BY
           =====                   =======         ======
           ReadKeyInt              00000C64 
               calls direct
               XSTACK = 0000000C ( 00000000 )
               ISTACK = 00000000 ( 00000002 )
    -------------------------------------------------------------------------
<BANKED_CODE> 1 (was BANKED_CODE)
  Relative segment, address: CODE 00000CC9 - 00000CCC (0x4 bytes), align: 0
  Segment part 72.            Intra module refs:   Client_Program_Order
                                                   ReadKeyInt
                                                   ShowZoneMode
                                                   main
           LOCAL                   ADDRESS         
           =====                   =======         
           ?Subroutine6            00000CC9 
    -------------------------------------------------------------------------
<BANKED_CODE> 1 (was BANKED_CODE)
  Relative segment, address: CODE 00000CCD - 00000CD5 (0x9 bytes), align: 0
  Segment part 73.            Intra module refs:   ?Subroutine5
                                                   ?Subroutine6
           LOCAL                   ADDRESS         
           =====                   =======         
           ?Subroutine10           00000CCD 
    -------------------------------------------------------------------------
<BANKED_CODE> 1 (was BANKED_CODE)
  Relative segment, address: CODE 00000CD6 - 00000D4C (0x77 bytes), align: 0
  Segment part 74.            Intra module refs:   CommandZone::?relay
           ENTRY                   ADDRESS         REF BY
           =====                   =======         ======
           CommandZone             00000CD6 
               calls direct
               XSTACK = 00000000 ( 00000009 )
    -------------------------------------------------------------------------
<BANKED_CODE> 1 (was BANKED_CODE)
  Relative segment, address: CODE 00000D4D - 00000DBB (0x6f bytes), align: 0
  Segment part 76.            Intra module refs:   CommandAction::?relay
           ENTRY                   ADDRESS         REF BY
           =====                   =======         ======
           CommandAction           00000D4D 
               calls direct
               XSTACK = 00000009 ( 00000009 )
    -------------------------------------------------------------------------
<BANKED_CODE> 1 (was BANKED_CODE)
  Relative segment, address: CODE 00000DBC - 00000E45 (0x8a bytes), align: 0
  Segment part 78.            Intra module refs:   ShowZoneMode::?relay
           ENTRY                   ADDRESS         REF BY
           =====                   =======         ======
           ShowZoneMode            00000DBC 
               calls direct
               XSTACK = 00000009 ( 00000009 )
    -------------------------------------------------------------------------
<BANKED_CODE> 1 (was BANKED_CODE)
  Relative segment, address: CODE 00000E46 - 00000E54 (0xf bytes), align: 0
  Segment part 80.            Intra module refs:   CommandZone
                                                   ShowZoneMode
           LOCAL                   ADDRESS         
           =====                   =======         
           ?Subroutine7            00000E46 
    -------------------------------------------------------------------------
<BANKED_CODE> 1 (was BANKED_CODE)
  Relative segment, address: CODE 00000E55 - 00000EB3 (0x5f bytes), align: 0
  Segment part 81.            Intra module refs:   WriteEEPROM::?relay
           ENTRY                   ADDRESS         REF BY
           =====                   =======         ======
           WriteEEPROM             00000E55 
               calls direct
               XSTACK = 00000009 ( 0000000B )
    -------------------------------------------------------------------------
<BANKED_CODE> 1 (was BANKED_CODE)
  Relative segment, address: CODE 00000EB4 - 00000F03 (0x50 bytes), align: 0
  Segment part 85.            Intra module refs:   SendData::?relay
           ENTRY                   ADDRESS         REF BY
           =====                   =======         ======
           SendData                00000EB4 
               calls direct
               XSTACK = 00000009 ( 0000000A )
               ISTACK = 00000000 ( 00000001 )
    -------------------------------------------------------------------------
<BANKED_CODE> 1 (was BANKED_CODE)
  Relative segment, address: CODE 00000F04 - 00000F09 (0x6 bytes), align: 0
  Segment part 87.            Intra module refs:   SendData
           LOCAL                   ADDRESS         
           =====                   =======         
           ?Subroutine8            00000F04 
    -------------------------------------------------------------------------
<BANKED_CODE> 1 (was BANKED_CODE)
  Relative segment, address: CODE 00000F0A - 00000F16 (0xd bytes), align: 0
  Segment part 88.            Intra module refs:   ?Subroutine8
                                                   WriteEEPROM
           LOCAL                   ADDRESS         
           =====                   =======         
           ?Subroutine9            00000F0A 
    -------------------------------------------------------------------------
XDATA_ID
  Relative segment, address: CODE 00000142 - 00000152 (0x11 bytes), align: 0
  Segment part 7.             Intra module refs:   Segment part 6
    -------------------------------------------------------------------------
XDATA_ID
  Relative segment, address: CODE 00000153 - 00000160 (0xe bytes), align: 0
  Segment part 9.             Intra module refs:   Segment part 8
    -------------------------------------------------------------------------
XDATA_ID
  Relative segment, address: CODE 00000161 - 00000170 (0x10 bytes), align: 0
  Segment part 11.            Intra module refs:   Segment part 10
    -------------------------------------------------------------------------
XDATA_ID
  Relative segment, address: CODE 00000171 - 00000173 (0x3 bytes), align: 0
  Segment part 13.            Intra module refs:   Segment part 12
    -------------------------------------------------------------------------
XDATA_ID
  Relative segment, address: CODE 00000174 - 00000180 (0xd bytes), align: 0
  Segment part 15.            Intra module refs:   Segment part 14
    -------------------------------------------------------------------------
XDATA_ID
  Relative segment, address: CODE 00000181 - 00000190 (0x10 bytes), align: 0
  Segment part 17.            Intra module refs:   Segment part 16
    -------------------------------------------------------------------------
XDATA_ID
  Relative segment, address: CODE 00000191 - 000001A1 (0x11 bytes), align: 0
  Segment part 19.            Intra module refs:   Segment part 18
    -------------------------------------------------------------------------
XDATA_ID
  Relative segment, address: CODE 000001A2 - 000001B0 (0xf bytes), align: 0
  Segment part 21.            Intra module refs:   Segment part 20
    -------------------------------------------------------------------------
XDATA_ID
  Relative segment, address: CODE 000001B1 - 000001C1 (0x11 bytes), align: 0
  Segment part 23.            Intra module refs:   Segment part 22
    -------------------------------------------------------------------------
XDATA_ID
  Relative segment, address: CODE 000001C2 - 000001D2 (0x11 bytes), align: 0
  Segment part 25.            Intra module refs:   Segment part 24
    -------------------------------------------------------------------------
XDATA_ID
  Relative segment, address: CODE 000001D3 - 000001E3 (0x11 bytes), align: 0
  Segment part 27.            Intra module refs:   Segment part 26
    -------------------------------------------------------------------------
XDATA_ID
  Relative segment, address: CODE 000001E4 - 000001F2 (0xf bytes), align: 0
  Segment part 29.            Intra module refs:   Segment part 28
    -------------------------------------------------------------------------
XDATA_ID
  Relative segment, address: CODE 000001F3 - 00000201 (0xf bytes), align: 0
  Segment part 31.            Intra module refs:   Segment part 30
    -------------------------------------------------------------------------
XDATA_ID
  Relative segment, address: CODE 00000202 - 00000210 (0xf bytes), align: 0
  Segment part 33.            Intra module refs:   Segment part 32
    -------------------------------------------------------------------------
XDATA_ID
  Relative segment, address: CODE 00000211 - 0000021E (0xe bytes), align: 0
  Segment part 35.            Intra module refs:   Segment part 34
    -------------------------------------------------------------------------
XDATA_ID
  Relative segment, address: CODE 0000021F - 00000227 (0x9 bytes), align: 0
  Segment part 37.            Intra module refs:   Segment part 36
    -------------------------------------------------------------------------
XDATA_ID
  Relative segment, address: CODE 00000228 - 00000229 (0x2 bytes), align: 0
  Segment part 39.            Intra module refs:   Segment part 38
    -------------------------------------------------------------------------
XDATA_ID
  Relative segment, address: CODE 0000022A - 0000022B (0x2 bytes), align: 0
  Segment part 41.            Intra module refs:   Segment part 40
    -------------------------------------------------------------------------
XDATA_ID
  Relative segment, address: CODE 0000022C - 0000022D (0x2 bytes), align: 0
  Segment part 43.            Intra module refs:   Segment part 42
    -------------------------------------------------------------------------
XDATA_ID
  Relative segment, address: CODE 0000022E - 00000238 (0xb bytes), align: 0
  Segment part 45.            Intra module refs:   Segment part 44
    -------------------------------------------------------------------------
BANK_RELAYS
  Relative segment, address: CODE 00000283 - 00000288 (0x6 bytes), align: 0
  Segment part 56.            Intra module refs:   main
           ENTRY                   ADDRESS         REF BY
           =====                   =======         ======
           MasterInit::?relay      00000283 
    -------------------------------------------------------------------------
BANK_RELAYS
  Relative segment, address: CODE 00000289 - 0000028E (0x6 bytes), align: 0
  Segment part 59.            Intra module refs:   CommandAction
           ENTRY                   ADDRESS         REF BY
           =====                   =======         ======
           Client_Program_Order::?relay
                                   00000289 
    -------------------------------------------------------------------------
BANK_RELAYS
  Relative segment, address: CODE 0000028F - 00000294 (0x6 bytes), align: 0
  Segment part 63.            Intra module refs:   Client_Program_Order
                                                   Client_Program_Time
                                                   ShowZoneMode
           ENTRY                   ADDRESS         REF BY
           =====                   =======         ======
           halLcdWriteIntToChar::?relay
                                   0000028F 
    -------------------------------------------------------------------------
BANK_RELAYS
  Relative segment, address: CODE 00000295 - 0000029A (0x6 bytes), align: 0
  Segment part 65.            Intra module refs:   CommandAction
           ENTRY                   ADDRESS         REF BY
           =====                   =======         ======
           Client_Program_Time::?relay
                                   00000295 
    -------------------------------------------------------------------------
BANK_RELAYS
  Relative segment, address: CODE 0000029B - 000002A0 (0x6 bytes), align: 0
  Segment part 71.            Intra module refs:   Client_Program_Order
                                                   Client_Program_Time
                                                   CommandAction
           ENTRY                   ADDRESS         REF BY
           =====                   =======         ======
           ReadKeyInt::?relay      0000029B 
    -------------------------------------------------------------------------
BANK_RELAYS
  Relative segment, address: CODE 000002A1 - 000002A6 (0x6 bytes), align: 0
  Segment part 75.            Intra module refs:   main
           ENTRY                   ADDRESS         REF BY
           =====                   =======         ======
           CommandZone::?relay     000002A1 
    -------------------------------------------------------------------------
BANK_RELAYS
  Relative segment, address: CODE 000002A7 - 000002AC (0x6 bytes), align: 0
  Segment part 77.            Intra module refs:   CommandZone
           ENTRY                   ADDRESS         REF BY
           =====                   =======         ======
           CommandAction::?relay   000002A7 
    -------------------------------------------------------------------------
BANK_RELAYS
  Relative segment, address: CODE 000002AD - 000002B2 (0x6 bytes), align: 0
  Segment part 79.            Intra module refs:   CommandAction
           ENTRY                   ADDRESS         REF BY
           =====                   =======         ======
           ShowZoneMode::?relay    000002AD 
    -------------------------------------------------------------------------
BANK_RELAYS
  Relative segment, address: CODE 000002B3 - 000002B8 (0x6 bytes), align: 0
  Segment part 82.            Intra module refs:   CommandAction
           ENTRY                   ADDRESS         REF BY
           =====                   =======         ======
           WriteEEPROM::?relay     000002B3 
    -------------------------------------------------------------------------
BANK_RELAYS
  Relative segment, address: CODE 000002B9 - 000002BE (0x6 bytes), align: 0
  Segment part 86.            Intra module refs:   CommandZone
           ENTRY                   ADDRESS         REF BY
           =====                   =======         ======
           SendData::?relay        000002B9 
    -------------------------------------------------------------------------
XDATA_I
  Relative segment, address: XDATA 00000556 - 00000566 (0x11 bytes), align: 0
  Segment part 6.             Intra module refs:   ?Subroutine7
                                                   MasterInit
    -------------------------------------------------------------------------
XDATA_I
  Relative segment, address: XDATA 00000567 - 00000574 (0xe bytes), align: 0
  Segment part 8.             Intra module refs:   CommandZone
                                                   MasterInit
    -------------------------------------------------------------------------
XDATA_I
  Relative segment, address: XDATA 00000575 - 00000584 (0x10 bytes), align: 0
  Segment part 10.            Intra module refs:   Client_Program_Order
    -------------------------------------------------------------------------
XDATA_I
  Relative segment, address: XDATA 00000585 - 00000587 (0x3 bytes), align: 0
  Segment part 12.            Intra module refs:   Client_Program_Order
    -------------------------------------------------------------------------
XDATA_I
  Relative segment, address: XDATA 00000588 - 00000594 (0xd bytes), align: 0
  Segment part 14.            Intra module refs:   Client_Program_Order
    -------------------------------------------------------------------------
XDATA_I
  Relative segment, address: XDATA 00000595 - 000005A4 (0x10 bytes), align: 0
  Segment part 16.            Intra module refs:   ?Subroutine4
    -------------------------------------------------------------------------
XDATA_I
  Relative segment, address: XDATA 000005A5 - 000005B5 (0x11 bytes), align: 0
  Segment part 18.            Intra module refs:   Client_Program_Time
    -------------------------------------------------------------------------
XDATA_I
  Relative segment, address: XDATA 000005B6 - 000005C4 (0xf bytes), align: 0
  Segment part 20.            Intra module refs:   CommandZone
    -------------------------------------------------------------------------
XDATA_I
  Relative segment, address: XDATA 000005C5 - 000005D5 (0x11 bytes), align: 0
  Segment part 22.            Intra module refs:   CommandZone
    -------------------------------------------------------------------------
XDATA_I
  Relative segment, address: XDATA 000005D6 - 000005E6 (0x11 bytes), align: 0
  Segment part 24.            Intra module refs:   CommandZone
    -------------------------------------------------------------------------
XDATA_I
  Relative segment, address: XDATA 000005E7 - 000005F7 (0x11 bytes), align: 0
  Segment part 26.            Intra module refs:   CommandZone
    -------------------------------------------------------------------------
XDATA_I
  Relative segment, address: XDATA 000005F8 - 00000606 (0xf bytes), align: 0
  Segment part 28.            Intra module refs:   CommandAction
    -------------------------------------------------------------------------
XDATA_I
  Relative segment, address: XDATA 00000607 - 00000615 (0xf bytes), align: 0
  Segment part 30.            Intra module refs:   CommandAction
    -------------------------------------------------------------------------
XDATA_I
  Relative segment, address: XDATA 00000616 - 00000624 (0xf bytes), align: 0
  Segment part 32.            Intra module refs:   CommandAction
    -------------------------------------------------------------------------
XDATA_I
  Relative segment, address: XDATA 00000625 - 00000632 (0xe bytes), align: 0
  Segment part 34.            Intra module refs:   ShowZoneMode
    -------------------------------------------------------------------------
XDATA_I
  Relative segment, address: XDATA 00000633 - 0000063B (0x9 bytes), align: 0
  Segment part 36.            Intra module refs:   ShowZoneMode
    -------------------------------------------------------------------------
XDATA_I
  Relative segment, address: XDATA 0000063C - 0000063D (0x2 bytes), align: 0
  Segment part 38.            Intra module refs:   ShowZoneMode
    -------------------------------------------------------------------------
XDATA_I
  Relative segment, address: XDATA 0000063E - 0000063F (0x2 bytes), align: 0
  Segment part 40.            Intra module refs:   ShowZoneMode
    -------------------------------------------------------------------------
XDATA_I
  Relative segment, address: XDATA 00000640 - 00000641 (0x2 bytes), align: 0
  Segment part 42.            Intra module refs:   ShowZoneMode
    -------------------------------------------------------------------------
XDATA_I
  Relative segment, address: XDATA 00000642 - 0000064C (0xb bytes), align: 0
  Segment part 44.            Intra module refs:   ShowZoneMode

    *************************************************************************

  FILE NAME : C:\Users\´^§Ó»¨\Desktop\DSP_Wireless_¶i¶¥´Ú\DSP_2530_Code\Master_A\ex_M230\debug\Obj\basic_rf.r51
  PROGRAM MODULE, NAME : basic_rf

  SEGMENTS IN THE MODULE
  ======================
XDATA_I
  Relative segment, address: XDATA 0000064D - 00000658 (0xc bytes), align: 0
  Segment part 6.             Intra module refs:   ?Subroutine2
                                                   basicRfInit
                                                   basicRfPacketIsReady
                                                   basicRfReceive
                                                   basicRfRxFrmDoneIsr
           LOCAL                   ADDRESS         
           =====                   =======         
           rxi                     0000064D 
    -------------------------------------------------------------------------
XDATA_I
  Relative segment, address: XDATA 00000659 - 0000065C (0x4 bytes), align: 0
  Segment part 12.            Intra module refs:   basicRfInit
                                                   convInt32ToText (util)
           ENTRY                   ADDRESS         REF BY
           =====                   =======         ======
           __Constant_0            00000659 
    -------------------------------------------------------------------------
XDATA_Z
  Relative segment, address: XDATA 0000031A - 00000320 (0x7 bytes), align: 0
  Segment part 8.             Intra module refs:   basicRfInit
                                                   basicRfReceiveOn
                                                   basicRfRxFrmDoneIsr
                                                   basicRfSendPacket
           LOCAL                   ADDRESS         
           =====                   =======         
           txState                 0000031A 
    -------------------------------------------------------------------------
XDATA_Z
  Relative segment, address: XDATA 00000321 - 00000322 (0x2 bytes), align: 0
  Segment part 9.             Intra module refs:   ?Subroutine5
                                                   ?Subroutine6
                                                   basicRfInit
                                                   basicRfSendPacket
           LOCAL                   ADDRESS         
           =====                   =======         
           pConfig                 00000321 
    -------------------------------------------------------------------------
XDATA_Z
  Relative segment, address: XDATA 00000323 - 00000395 (0x73 bytes), align: 0
  Segment part 10.            Intra module refs:   basicRfSendPacket
           LOCAL                   ADDRESS         
           =====                   =======         
           txMpdu                  00000323 
    -------------------------------------------------------------------------
XDATA_Z
  Relative segment, address: XDATA 00000396 - 00000415 (0x80 bytes), align: 0
  Segment part 11.            Intra module refs:   ?Subroutine4
                                                   basicRfRxFrmDoneIsr
           LOCAL                   ADDRESS         
           =====                   =======         
           rxMpdu                  00000396 
    -------------------------------------------------------------------------
<BANKED_CODE> 1 (was BANKED_CODE)
  Relative segment, address: CODE 00000F17 - 00000FEB (0xd5 bytes), align: 0
  Segment part 14.            Intra module refs:   basicRfRxFrmDoneIsr::?relay
           LOCAL                   ADDRESS         
           =====                   =======         
           basicRfRxFrmDoneIsr     00000F17 
               calls direct, is indirectly called
               ISTACK = 00000000 ( 00000002 )
    -------------------------------------------------------------------------
<BANKED_CODE> 1 (was BANKED_CODE)
  Relative segment, address: CODE 00000FEC - 00000FF9 (0xe bytes), align: 0
  Segment part 16.            Intra module refs:   basicRfRxFrmDoneIsr
           LOCAL                   ADDRESS         
           =====                   =======         
           ?Subroutine4            00000FEC 
    -------------------------------------------------------------------------
<BANKED_CODE> 1 (was BANKED_CODE)
  Relative segment, address: CODE 00000FFA - 00000FFC (0x3 bytes), align: 0
  Segment part 17.            Intra module refs:   basicRfReceive
                                                   basicRfRxFrmDoneIsr
           LOCAL                   ADDRESS         
           =====                   =======         
           ?Subroutine2            00000FFA 
    -------------------------------------------------------------------------
<BANKED_CODE> 1 (was BANKED_CODE)
  Relative segment, address: CODE 00000FFD - 00001003 (0x7 bytes), align: 0
  Segment part 18.            Intra module refs:   ?Subroutine2
                                                   basicRfReceive
    -------------------------------------------------------------------------
<BANKED_CODE> 1 (was BANKED_CODE)
  Relative segment, address: CODE 00001004 - 00001004 (0x1 bytes), align: 0
  Segment part 19.            Intra module refs:   basicRfPacketIsReady
           LOCAL                   ADDRESS         
           =====                   =======         
           ?Subroutine0            00001004 
    -------------------------------------------------------------------------
<BANKED_CODE> 1 (was BANKED_CODE)
  Relative segment, address: CODE 00001005 - 0000100B (0x7 bytes), align: 0
  Segment part 20.            Intra module refs:   ?Subroutine0
                                                   basicRfReceiveOn
                                                   basicRfRxFrmDoneIsr
    -------------------------------------------------------------------------
<BANKED_CODE> 1 (was BANKED_CODE)
  Relative segment, address: CODE 0000100C - 00001073 (0x68 bytes), align: 0
  Segment part 21.            Intra module refs:   basicRfInit::?relay
           ENTRY                   ADDRESS         REF BY
           =====                   =======         ======
           basicRfInit             0000100C 
               calls direct
               XSTACK = 00000000 ( 00000009 )
    -------------------------------------------------------------------------
<BANKED_CODE> 1 (was BANKED_CODE)
  Relative segment, address: CODE 00001074 - 00001077 (0x4 bytes), align: 0
  Segment part 23.            Intra module refs:   basicRfInit
           LOCAL                   ADDRESS         
           =====                   =======         
           ?Subroutine3            00001074 
    -------------------------------------------------------------------------
<BANKED_CODE> 1 (was BANKED_CODE)
  Relative segment, address: CODE 00001078 - 0000107D (0x6 bytes), align: 0
  Segment part 24.            Intra module refs:   ?Subroutine1
                                                   ?Subroutine3
           LOCAL                   ADDRESS         
           =====                   =======         
           ?Subroutine6            00001078 
    -------------------------------------------------------------------------
<BANKED_CODE> 1 (was BANKED_CODE)
  Relative segment, address: CODE 0000107E - 00001085 (0x8 bytes), align: 0
  Segment part 25.            Intra module refs:   ?Subroutine6
                                                   basicRfSendPacket
    -------------------------------------------------------------------------
<BANKED_CODE> 1 (was BANKED_CODE)
  Relative segment, address: CODE 00001086 - 00001172 (0xed bytes), align: 0
  Segment part 26.            Intra module refs:   basicRfSendPacket::?relay
           ENTRY                   ADDRESS         REF BY
           =====                   =======         ======
           basicRfSendPacket       00001086 
               calls direct
               XSTACK = 00000000 ( 0000000C )
               ISTACK = 00000000 ( 00000001 )
    -------------------------------------------------------------------------
<BANKED_CODE> 1 (was BANKED_CODE)
  Relative segment, address: CODE 00001173 - 0000117F (0xd bytes), align: 0
  Segment part 28.            Intra module refs:   basicRfInit
                                                   basicRfSendPacket
           LOCAL                   ADDRESS         
           =====                   =======         
           ?Subroutine5            00001173 
    -------------------------------------------------------------------------
<BANKED_CODE> 1 (was BANKED_CODE)
  Relative segment, address: CODE 00001180 - 00001187 (0x8 bytes), align: 0
  Segment part 29.            Intra module refs:   basicRfSendPacket
           LOCAL                   ADDRESS         
           =====                   =======         
           ?Subroutine1            00001180 
    -------------------------------------------------------------------------
<BANKED_CODE> 1 (was BANKED_CODE)
  Relative segment, address: CODE 00001188 - 00001192 (0xb bytes), align: 0
  Segment part 30.            Intra module refs:   basicRfPacketIsReady::?relay
           ENTRY                   ADDRESS         REF BY
           =====                   =======         ======
           basicRfPacketIsReady    00001188 
               ISTACK = 00000000 ( 00000002 )
    -------------------------------------------------------------------------
<BANKED_CODE> 1 (was BANKED_CODE)
  Relative segment, address: CODE 00001193 - 00001227 (0x95 bytes), align: 0
  Segment part 32.            Intra module refs:   basicRfReceive::?relay
           ENTRY                   ADDRESS         REF BY
           =====                   =======         ======
           basicRfReceive          00001193 
               calls direct
               XSTACK = 00000000 ( 00000010 )
    -------------------------------------------------------------------------
<BANKED_CODE> 1 (was BANKED_CODE)
  Relative segment, address: CODE 00001228 - 00001237 (0x10 bytes), align: 0
  Segment part 36.            Intra module refs:   basicRfReceiveOn::?relay
           ENTRY                   ADDRESS         REF BY
           =====                   =======         ======
           basicRfReceiveOn        00001228 
               calls direct
               ISTACK = 00000000 ( 00000002 )
    -------------------------------------------------------------------------
XDATA_ID
  Relative segment, address: CODE 00000239 - 00000244 (0xc bytes), align: 0
  Segment part 7.             Intra module refs:   rxi
    -------------------------------------------------------------------------
XDATA_ID
  Relative segment, address: CODE 00000245 - 00000248 (0x4 bytes), align: 0
  Segment part 13.            Intra module refs:   __Constant_0
    -------------------------------------------------------------------------
BANK_RELAYS
  Relative segment, address: CODE 000002BF - 000002C4 (0x6 bytes), align: 0
  Segment part 15.            Intra module refs:   basicRfInit
           LOCAL                   ADDRESS         
           =====                   =======         
           basicRfRxFrmDoneIsr::?relay
                                   000002BF 
    -------------------------------------------------------------------------
BANK_RELAYS
  Relative segment, address: CODE 000002C5 - 000002CA (0x6 bytes), align: 0
  Segment part 22.
           ENTRY                   ADDRESS         REF BY
           =====                   =======         ======
           basicRfInit::?relay     000002C5        MasterInit (Master_A)
    -------------------------------------------------------------------------
BANK_RELAYS
  Relative segment, address: CODE 000002CB - 000002D0 (0x6 bytes), align: 0
  Segment part 27.
           ENTRY                   ADDRESS         REF BY
           =====                   =======         ======
           basicRfSendPacket::?relay
                                   000002CB        SendData (Master_A)
    -------------------------------------------------------------------------
BANK_RELAYS
  Relative segment, address: CODE 000002D1 - 000002D6 (0x6 bytes), align: 0
  Segment part 31.
           ENTRY                   ADDRESS         REF BY
           =====                   =======         ======
           basicRfPacketIsReady::?relay
                                   000002D1        ShowZoneMode (Master_A)
    -------------------------------------------------------------------------
BANK_RELAYS
  Relative segment, address: CODE 000002D7 - 000002DC (0x6 bytes), align: 0
  Segment part 33.
           ENTRY                   ADDRESS         REF BY
           =====                   =======         ======
           basicRfReceive::?relay
                                   000002D7        ShowZoneMode (Master_A)
    -------------------------------------------------------------------------
BANK_RELAYS
  Relative segment, address: CODE 000002DD - 000002E2 (0x6 bytes), align: 0
  Segment part 37.
           ENTRY                   ADDRESS         REF BY
           =====                   =======         ======
           basicRfReceiveOn::?relay
                                   000002DD        MasterInit (Master_A)

    *************************************************************************

  FILE NAME : C:\Users\´^§Ó»¨\Desktop\DSP_Wireless_¶i¶¥´Ú\DSP_2530_Code\Master_A\ex_M230\debug\Obj\basic_rf_security.r51
    *************************************************************************

  FILE NAME : C:\Users\´^§Ó»¨\Desktop\DSP_Wireless_¶i¶¥´Ú\DSP_2530_Code\Master_A\ex_M230\debug\Obj\hal_adc.r51
  PROGRAM MODULE, NAME : hal_adc

  SEGMENTS IN THE MODULE
  ======================
SFR_AN
  Relative segment, address: DATA 00000088 - 00000088 (0x1 bytes), align: 0
  Segment part 1. ROOT.
           ENTRY                   ADDRESS         REF BY
           =====                   =======         ======
           _A_TCON                 00000088 
           LOCAL                   ADDRESS         
           =====                   =======         
           TCON                    00000088 
    -------------------------------------------------------------------------
SFR_AN
  Relative segment, address: DATA 000000B6 - 000000B6 (0x1 bytes), align: 0
  Segment part 2. ROOT.
           ENTRY                   ADDRESS         REF BY
           =====                   =======         ======
           ADCCON3                 000000B6 
    -------------------------------------------------------------------------
SFR_AN
  Relative segment, address: DATA 000000BA - 000000BA (0x1 bytes), align: 0
  Segment part 3. ROOT.
           ENTRY                   ADDRESS         REF BY
           =====                   =======         ======
           ADCL                    000000BA 
    -------------------------------------------------------------------------
SFR_AN
  Relative segment, address: DATA 000000BB - 000000BB (0x1 bytes), align: 0
  Segment part 4. ROOT.
           ENTRY                   ADDRESS         REF BY
           =====                   =======         ======
           ADCH                    000000BB 
    -------------------------------------------------------------------------
SFR_AN
  Relative segment, address: DATA 000000F2 - 000000F2 (0x1 bytes), align: 0
  Segment part 5. ROOT.       Intra module refs:   halUartInit (hal_uart)
           ENTRY                   ADDRESS         REF BY
           =====                   =======         ======
           ADCCFG                  000000F2 

    *************************************************************************

[...]
RCODE
  Relative segment, address: CODE 00000581 - 0000059B (0x1b bytes), align: 0
  Segment part 1.
           ENTRY                   ADDRESS         REF BY
           =====                   =======         ======
           ?ADD_XSTACK_DISP0_8     00000581        ?PUSH_XSTACK_I (?PUSH_XSTACK_I)

    -------------------------------------------------------------------------
  LIBRARY MODULE, NAME : ?XSTACK_DISP8

  SEGMENTS IN THE MODULE
  ======================
RCODE
  Relative segment, address: CODE 0000059C - 000005A5 (0xa bytes), align: 0
  Segment part 1.
           ENTRY                   ADDRESS         REF BY
           =====                   =======         ======
           ?XSTACK_DISP0_8         0000059C        Client_Program_Order (Master_A)
                                                   Client_Program_Time (Master_A)
                                                   convInt32ToText (util)
                                                   memcpy (?memcpy)

    -------------------------------------------------------------------------
  LIBRARY MODULE, NAME : ?CALL_IND

  SEGMENTS IN THE MODULE
  ======================
RCODE
  Relative segment, address: CODE 000005A6 - 000005A7 (0x2 bytes), align: 0
  Segment part 0.
           ENTRY                   ADDRESS         REF BY
           =====                   =======         ======
           ?CALL_IND               000005A6        port0_ISR (hal_digio)
                                                   port1_ISR (hal_digio)
                                                   port2_ISR (hal_digio)
                                                   rfIsr (hal_rf)

    -------------------------------------------------------------------------
  LIBRARY MODULE, NAME : ?BANKED_ENTER_XDATA

  SEGMENTS IN THE MODULE
  ======================
RCODE
  Relative segment, address: CODE 000005A8 - 00000613 (0x6c bytes), align: 0
  Segment part 1.
           ENTRY                   ADDRESS         REF BY
           =====                   =======         ======
           ?BANKED_ENTER_XDATA     000005A8        Client_Program_Order (Master_A)
                                                   Client_Program_Time (Master_A)
                                                   CommandAction (Master_A)
                                                   CommandZone (Master_A)
                                                   M230_I2cRead (M230)
                                                   M230_I2cWrite (M230)
                                                   M230_ReadEEPROM (M230)
                                                   M230_WriteEEPROM (M230)
                                                   SendData (Master_A)
                                                   ShowZoneMode (Master_A)
                                                   WriteEEPROM (Master_A)
                                                   basicRfInit (basic_rf)
                                                   basicRfReceive (basic_rf)
                                                   basicRfSendPacket (basic_rf)
                                                   convInt32ToText (util)
                                                   halKeypadI2cRead (hal_keypad)
                                                   halKeypadI2cWrite (hal_keypad)
                                                   halKeypadPushed (hal_keypad)
                                                   halKeypadSensorData (hal_keypad)
                                                   halKeypadWriteRegister (hal_keypad)
                                                   halLcdClear (hal_lcd)
                                                   halLcdWriteChar (hal_lcd)
                                                   halLcdWriteIntToChar (Master_A)
                                                   halLcdWriteString (hal_lcd)
                                                   halMcuWaitMs (hal_mcu)
                                                   halRfWriteTxBuf (hal_rf)
                                                   lcdControl (hal_lcd)
                                                   lcdWrite (hal_lcd)
                                                   lcdWriteMany (hal_lcd)
                                                   memcpy (?memcpy)

    -------------------------------------------------------------------------
  LIBRARY MODULE, NAME : ?BANKED_LEAVE_XDATA

  SEGMENTS IN THE MODULE
  ======================
RCODE
  Relative segment, address: CODE 00000614 - 00000659 (0x46 bytes), align: 0
  Segment part 1.
           ENTRY                   ADDRESS         REF BY
           =====                   =======         ======
           ?BANKED_LEAVE_XDATA     00000614        ?Subroutine1 (Master_A)
                                                   ?Subroutine1 (hal_lcd)
                                                   ?Subroutine2 (hal_keypad)
                                                   ?Subroutine2 (hal_rf)
                                                   Segment part 26 (M230)
                                                   Segment part 26 (hal_keypad)
                                                   Segment part 32 (hal_lcd)
                                                   Segment part 69 (Master_A)
                                                   WriteEEPROM (Master_A)
                                                   basicRfInit (basic_rf)
                                                   basicRfReceive (basic_rf)
                                                   basicRfSendPacket (basic_rf)
                                                   convInt32ToText (util)
                                                   halLcdWriteIntToChar (Master_A)
                                                   halMcuWaitMs (hal_mcu)
                                                   memcpy (?memcpy)

    -------------------------------------------------------------------------
  LIBRARY MODULE, NAME : ?INTERRUPT_ENTER_XSP

  SEGMENTS IN THE MODULE
  ======================
RCODE
  Relative segment, address: CODE 0000065A - 000006B8 (0x5f bytes), align: 0
  Segment part 1.
           ENTRY                   ADDRESS         REF BY
           =====                   =======         ======
           ?INTERRUPT_ENTER_XSP    0000065A        port0_ISR (hal_digio)
                                                   port1_ISR (hal_digio)
                                                   port2_ISR (hal_digio)
                                                   rfIsr (hal_rf)

    -------------------------------------------------------------------------
  LIBRARY MODULE, NAME : ?INTERRUPT_LEAVE_XSP

  SEGMENTS IN THE MODULE
  ======================
RCODE
  Relative segment, address: CODE 000006B9 - 00000710 (0x58 bytes), align: 0
  Segment part 1.
           ENTRY                   ADDRESS         REF BY
           =====                   =======         ======
           ?INTERRUPT_LEAVE_XSP    000006B9        ?Subroutine1 (hal_digio)
                                                   rfIsr (hal_rf)

    -------------------------------------------------------------------------
  LIBRARY MODULE, NAME : ?PUSH_XSTACK_I

  SEGMENTS IN THE MODULE
  ======================
RCODE
  Relative segment, address: CODE 00000711 - 00000714 (0x4 bytes), align: 0
  Segment part 2.
           ENTRY                   ADDRESS         REF BY
           =====                   =======         ======
           ?PUSH_XSTACK_I_TWO      00000711        basicRfReceive (basic_rf)
    -------------------------------------------------------------------------
RCODE
  Relative segment, address: CODE 00000715 - 00000721 (0xd bytes), align: 0
  Segment part 4.             Intra module refs:   ?PUSH_XSTACK_I_TWO
           ENTRY                   ADDRESS         REF BY
           =====                   =======         ======
           ?PUSH_XSTACK_I          00000715 

    -------------------------------------------------------------------------
  LIBRARY MODULE, NAME : ?US_SWITCH_SPARSE

  SEGMENTS IN THE MODULE
  ======================
RCODE
  Relative segment, address: CODE 00000722 - 0000072B (0xa bytes), align: 0
  Segment part 0.
           ENTRY                   ADDRESS         REF BY
           =====                   =======         ======
           ?US_SWITCH_SPARSE       00000722        halKeypadPushed (hal_keypad)
    -------------------------------------------------------------------------
RCODE
  Relative segment, address: CODE 0000072C - 0000076C (0x41 bytes), align: 0
  Segment part 2.             Intra module refs:   ?US_SWITCH_SPARSE
           ENTRY                   ADDRESS         REF BY
           =====                   =======         ======
           ?US_SWITCH_SPARSE_LEAVE
                                   0000075E        ?US_JMP_IF_IN_RANGE (?US_JMP_IF_IN_RANGE)
                                                   ?US_JMP_IF_VALUE (?US_JMP_IF_VALUE)
    -------------------------------------------------------------------------
RCODE
  Relative segment, address: CODE 0000076D - 0000076D (0x1 bytes), align: 0
  Segment part 4.             Intra module refs:   ?US_SWITCH_SPARSE

    -------------------------------------------------------------------------
  LIBRARY MODULE, NAME : ?US_JMP_IF_IN_RANGE

  SEGMENTS IN THE MODULE
  ======================
RCODE
  Relative segment, address: CODE 0000076E - 000007AC (0x3f bytes), align: 0
  Segment part 0.
           ENTRY                   ADDRESS         REF BY
           =====                   =======         ======
           ?US_JMP_IF_IN_RANGE     0000076E        ?US_SWITCH_SPARSE_LEAVE (?US_SWITCH_SPARSE)

    -------------------------------------------------------------------------
  LIBRARY MODULE, NAME : ?US_JMP_IF_VALUE

  SEGMENTS IN THE MODULE
  ======================
RCODE
  Relative segment, address: CODE 000007AD - 000007D7 (0x2b bytes), align: 0
  Segment part 0.
           ENTRY                   ADDRESS         REF BY
           =====                   =======         ======
           ?US_JMP_IF_VALUE        000007AD        ?US_SWITCH_SPARSE_LEAVE (?US_SWITCH_SPARSE)

    -------------------------------------------------------------------------
  LIBRARY MODULE, NAME : ?memcpy

  SEGMENTS IN THE MODULE
  ======================
<BANKED_CODE> 1 (was BANKED_CODE)
  Relative segment, address: CODE 00001AC9 - 00001B0E (0x46 bytes), align: 0
  Segment part 6.             Intra module refs:   memcpy::?relay
           ENTRY                   ADDRESS         REF BY
           =====                   =======         ======
           memcpy                  00001AC9 
               XSTACK = 00000002 ( 0000000A )
               ISTACK = 00000000 ( 00000001 )
    -------------------------------------------------------------------------
BANK_RELAYS
  Relative segment, address: CODE 000003F1 - 000003F6 (0x6 bytes), align: 0
  Segment part 7.
           ENTRY                   ADDRESS         REF BY
           =====                   =======         ======
           memcpy::?relay          000003F1        basicRfReceive (basic_rf)

    -------------------------------------------------------------------------
  LIBRARY MODULE, NAME : ?strlen

  SEGMENTS IN THE MODULE
  ======================
<BANKED_CODE> 1 (was BANKED_CODE)
  Relative segment, address: CODE 00001B83 - 00001BA0 (0x1e bytes), align: 0
  Segment part 6.             Intra module refs:   strlen::?relay
           ENTRY                   ADDRESS         REF BY
           =====                   =======         ======
           strlen                  00001B83 
               ISTACK = 00000000 ( 00000002 )
    -------------------------------------------------------------------------
BANK_RELAYS
  Relative segment, address: CODE 000003F7 - 000003FC (0x6 bytes), align: 0
  Segment part 7.
           ENTRY                   ADDRESS         REF BY
           =====                   =======         ======
           strlen::?relay          000003F7        halLcdWriteString (hal_lcd)

    -------------------------------------------------------------------------
  LIBRARY MODULE, NAME : ?low_level_init

  SEGMENTS IN THE MODULE
  ======================
CSTART
  Relative segment, address: CODE 0000013F - 00000141 (0x3 bytes), align: 0
  Segment part 6. ROOT.
           ENTRY                   ADDRESS         REF BY
           =====                   =======         ======
           __low_level_init        0000013F        __low_level_init_call (?cmain)




                ****************************************
                *                                      *
                *            MODULE SUMMARY            *
                *                                      *
                ****************************************

Module                    CODE      DATA      XDATA  IDATA    BIT
------                    ----      ----      -----  -----    ---
                         (Rel)  (Rel)  (Abs)  (Rel)  (Rel)  (Rel)
?ADD_XSTACK_DISP8           27
?ALLOC_XSTACK8              22
?BANKED_CODE_SUPPORT        74
?BANKED_ENTER_XDATA        108
?BANKED_LEAVE_XDATA         70
?CALL_IND                    2
?DEALLOC_XSTACK8            26
?INTERRUPT_ENTER_XSP        95
?INTERRUPT_LEAVE_XSP        88
?L_DIV_MOD                  87
?L_MOV_TO_X                 15
?L_MOV_X                    15
?L_NEG                      17
?L_NEG_R1                   17
?MOVE_LONG8_XDATA_IDATA     13
?PUSH_XSTACK_I              17
?SL_GT_X                    21
?S_SHL                      19
?UL_DIV_MOD                112
?US_JMP_IF_IN_RANGE         63
?US_JMP_IF_VALUE            43
?US_SWITCH_SPARSE           76
?XLOAD_R2345                12
?XSTACK_DISP8               10
?XSTORE_R2345               12
?cexit                       5
?cmain                      88
?low_level_init              3
?memcpy                     76
?strlen                     36
CSTARTUP                    18
  + common                   3
M230                       367             1
  + shared                                 4
Master_A                 1 660                  784
VIRTUAL_REGISTERS                   2                           8
basic_rf                   853                  264
  + shared                                        4
hal_adc                                    4
  + shared                                 1
hal_board                   90                    1
  + shared                                 6
hal_buzzer                  27
hal_clock                   58             4
hal_digio                  285             9     42
  + shared                 126             3
  + common
hal_int                     22
hal_keypad                 668                    1
hal_lcd                    369
hal_led                    216
hal_mcu                    117             1
hal_rf                     414             5      2
  + common                 134
hal_rf_security                            3
hal_uart                   231             7    262
  + common                  62
util                       294                   16
N/A (command line)                 16           256     64
N/A (alignment)
----------               -----     --     --  -----     --      -
Total:                   6 958     18     48  1 632     64      8
  + common                 134


                ****************************************
                *                                      *
                *      SEGMENTS IN ADDRESS ORDER       *
                *                                      *
                ****************************************


SEGMENT              SPACE    START ADDRESS   END ADDRESS     SIZE  TYPE  ALIGN
=======              =====    =============   ===========     ====  ====  =====
INTVEC               CODE          00000000 - 00000085          86   com    0
CSTART               CODE          00000086 - 00000141          BC   rel    0
BDATA_ID             CODE               00000142                     dse    0
BIT_ID               CODE               00000142                     dse    0
DATA_ID              CODE               00000142                     dse    0
IDATA_ID             CODE               00000142                     dse    0
IXDATA_ID            CODE               00000142                     dse    0
PDATA_ID             CODE               00000142                     dse    0
XDATA_ID             CODE          00000142 - 0000024C         10B   rel    0
BANK_RELAYS          CODE          0000024D - 000003FC         1B0   rel    0
RCODE                CODE          000003FD - 000007D7         3DB   rel    0
CODE_C               CODE               000007D8                     dse    0
DIFUNCT              CODE               000007D8                     dse    0
CODE_N               CODE               000007D8                     dse    0
NEAR_CODE            CODE          000007D8 - 000009CD         1F6   rel    0
<BANKED_CODE> 1      CODE          000009CE - 00001BB3        11E6   rel    0
REGISTERS            DATA          00000000 - 00000007           8   rel    0
VREG                 DATA          00000008 - 0000000F           8   rel    0
PSP                  DATA               00000010                     dse    0
XSP                  DATA          00000010 - 00000011           2   rel    0
BREG                 BIT        00000020.0  -  00000020.7        8   rel    0
SFR_AN               DATA          00000080 - 00000080           1   rel    0
                     DATA          00000086 - 00000086           1 
                     DATA          00000088 - 0000008D           6 
                     DATA          0000008F - 00000091           3 
                     DATA          00000095 - 00000095           1 
                     DATA          0000009A - 0000009B           2 
                     DATA          0000009D - 0000009E           2 
                     DATA          000000A0 - 000000A0           1 
                     DATA          000000A8 - 000000A8           1 
                     DATA          000000AB - 000000AC           2 
                     DATA          000000B1 - 000000B3           3 
                     DATA          000000B6 - 000000B6           1 
                     DATA          000000B8 - 000000B8           1 
                     DATA          000000BA - 000000BB           2 
                     DATA          000000BE - 000000BE           1 
                     DATA          000000C0 - 000000C2           3 
                     DATA          000000C4 - 000000C6           3 
                     DATA          000000C9 - 000000C9           1 
                     DATA          000000D9 - 000000D9           1 
                     DATA          000000E1 - 000000E1           1 
                     DATA          000000E8 - 000000E9           2 
                     DATA          000000F1 - 000000F5           5 
                     DATA          000000F7 - 000000F7           1 
                     DATA          000000FD - 000000FF           3 
XSTACK               XDATA         00000001 - 00000100         100   rel    0
XDATA_Z              XDATA         00000101 - 00000555         455   rel    0
XDATA_I              XDATA         00000556 - 00000660         10B   rel    0
ISTACK               IDATA         000000C0 - 000000FF          40   rel    0

                ****************************************
                *                                      *
                *        END OF CROSS REFERENCE        *
                *                                      *
                ****************************************

 7 092 bytes of CODE  memory
    18 bytes of DATA  memory (+ 48 absolute )
 1 632 bytes of XDATA memory
    64 bytes of IDATA memory
     8 bits  of BIT   memory

Errors: none
Warnings: none

