################################################################################
#                                                                              #
#      IAR Universal Linker V5.0.2.5/W32                                       #
#                                                                              #
#           Link time     =  20/Mar/2018  17:09:07                             #
#           Target CPU    =  x51                                               #
#           List file     =  C:\Users\L0614\Desktop\DSP\DSP_2530_Code\Master_A #
#                            \ex_M230\debug\List\M230.map                      #
#           Output file 1 =  C:\Users\L0614\Desktop\DSP\DSP_2530_Code\Master_A #
#                            \ex_M230\debug\Exe\M230.hex                       #
#                            Format: intel-extended                            #
#           Output file 2 =  C:\Users\L0614\Desktop\DSP\DSP_2530_Code\Master_A #
#                            \ex_M230\debug\Exe\M230.d51                       #
#                            Format: debug                                     #
#                            UBROF version 10.0.3                              #
#                            Using library modules for C-SPY (-rt)             #
#           Command line  =  "-IC:\Program Files (x86)\IAR Systems\Embedded Wo #
#                            rkbench 6.0 Evaluation\8051\CONFIG\"              #
#                            -D_NR_OF_BANKS=0x07 -D_CODEBANK_END=0xFFFF        #
#                            -D_CODEBANK_START=0x8000 -D?CBANK_MASK=0xFF       #
#                            -D?CBANK=0x9F                                     #
#                            C:\Users\L0614\Desktop\DSP\DSP_2530_Code\Master_A #
#                            \ex_M230\debug\Obj\M230.r51                       #
#                            C:\Users\L0614\Desktop\DSP\DSP_2530_Code\Master_A #
#                            \ex_M230\debug\Obj\Master_A.r51                   #
#                            C:\Users\L0614\Desktop\DSP\DSP_2530_Code\Master_A #
#                            \ex_M230\debug\Obj\Program.r51                    #
#                            C:\Users\L0614\Desktop\DSP\DSP_2530_Code\Master_A #
#                            \ex_M230\debug\Obj\basic_rf.r51                   #
#                            C:\Users\L0614\Desktop\DSP\DSP_2530_Code\Master_A #
#                            \ex_M230\debug\Obj\basic_rf_security.r51          #
#                            C:\Users\L0614\Desktop\DSP\DSP_2530_Code\Master_A #
#                            \ex_M230\debug\Obj\hal_adc.r51                    #
#                            C:\Users\L0614\Desktop\DSP\DSP_2530_Code\Master_A #
#                            \ex_M230\debug\Obj\hal_board.r51                  #
#                            C:\Users\L0614\Desktop\DSP\DSP_2530_Code\Master_A #
#                            \ex_M230\debug\Obj\hal_button.r51                 #
#                            C:\Users\L0614\Desktop\DSP\DSP_2530_Code\Master_A #
#                            \ex_M230\debug\Obj\hal_buzzer.r51                 #
#                            C:\Users\L0614\Desktop\DSP\DSP_2530_Code\Master_A #
#                            \ex_M230\debug\Obj\hal_clock.r51                  #
#                            C:\Users\L0614\Desktop\DSP\DSP_2530_Code\Master_A #
#                            \ex_M230\debug\Obj\hal_digio.r51                  #
#                            C:\Users\L0614\Desktop\DSP\DSP_2530_Code\Master_A #
#                            \ex_M230\debug\Obj\hal_drink.r51                  #
#                            C:\Users\L0614\Desktop\DSP\DSP_2530_Code\Master_A #
#                            \ex_M230\debug\Obj\hal_int.r51                    #
#                            C:\Users\L0614\Desktop\DSP\DSP_2530_Code\Master_A #
#                            \ex_M230\debug\Obj\hal_keypad.r51                 #
#                            C:\Users\L0614\Desktop\DSP\DSP_2530_Code\Master_A #
#                            \ex_M230\debug\Obj\hal_lcd.r51                    #
#                            C:\Users\L0614\Desktop\DSP\DSP_2530_Code\Master_A #
#                            \ex_M230\debug\Obj\hal_led.r51                    #
#                            C:\Users\L0614\Desktop\DSP\DSP_2530_Code\Master_A #
#                            \ex_M230\debug\Obj\hal_ledmatrix.r51              #
#                            C:\Users\L0614\Desktop\DSP\DSP_2530_Code\Master_A #
#                            \ex_M230\debug\Obj\hal_mcu.r51                    #
#                            C:\Users\L0614\Desktop\DSP\DSP_2530_Code\Master_A #
#                            \ex_M230\debug\Obj\hal_rf.r51                     #
#                            C:\Users\L0614\Desktop\DSP\DSP_2530_Code\Master_A #
#                            \ex_M230\debug\Obj\hal_rf_security.r51            #
#                            C:\Users\L0614\Desktop\DSP\DSP_2530_Code\Master_A #
#                            \ex_M230\debug\Obj\hal_rf_util.r51                #
#                            C:\Users\L0614\Desktop\DSP\DSP_2530_Code\Master_A #
#                            \ex_M230\debug\Obj\hal_uart.r51                   #
#                            C:\Users\L0614\Desktop\DSP\DSP_2530_Code\Master_A #
#                            \ex_M230\debug\Obj\util.r51                       #
#                            C:\Users\L0614\Desktop\DSP\DSP_2530_Code\Master_A #
#                            \ex_M230\debug\Obj\util_buffer.r51                #
#                            C:\Users\L0614\Desktop\DSP\DSP_2530_Code\Master_A #
#                            \ex_M230\debug\Obj\util_lcd.r51                   #
#                            -o                                                #
#                            C:\Users\L0614\Desktop\DSP\DSP_2530_Code\Master_A #
#                            \ex_M230\debug\Exe\M230.d51                       #
#                            -l                                                #
#                            C:\Users\L0614\Desktop\DSP\DSP_2530_Code\Master_A #
#                            \ex_M230\debug\List\M230.map                      #
#                            -xmsn                                             #
#                            "-IC:\Program Files (x86)\IAR Systems\Embedded Wo #
#                            rkbench 6.0 Evaluation\8051\CONFIG\"              #
#                            -f                                                #
#                            "C:\Program Files (x86)\IAR Systems\Embedded Work #
#                            bench 6.0 Evaluation\8051\config\devices\Texas In #
#                            struments\lnk51ew_cc2530F256_banked.xcl"          #
#                            (-D_IDATA0_START=0x00 -D_IDATA0_END=0xFF          #
#                            -D_PDATA0_START=0x1E00 -D_PDATA0_END=0x1EFF       #
#                            -D_IXDATA0_START=0x0001 -D_IXDATA0_END=0x1EFF     #
#                            -D_XDATA0_START=_IXDATA0_START                    #
#                            -D_XDATA0_END=_IXDATA0_END                        #
#                            -D_NEAR_CODE_START=0x0000                         #
#                            -D_FIRST_BANK_ADDR=0x10000 -D?REGISTER_BANK=0x0   #
#                            -D_REGISTER_BANK_START=0x0 -D_BREG_START=0x00     #
#                            -D?VB=0x20 -D?ESP=0x9B -Z(BIT)BREG=_BREG_START    #
#                            -Z(BIT)BIT_N=0-7F                                 #
#                            -Z(DATA)REGISTERS+8=_REGISTER_BANK_START          #
#                            -Z(DATA)BDATA_Z,BDATA_N,BDATA_I=20-2F             #
#                            -Z(DATA)VREG+_NR_OF_VIRTUAL_REGISTERS=08-7F       #
#                            -Z(DATA)PSP,XSP=08-7F -Z(DATA)DOVERLAY=08-7F      #
#                            -Z(DATA)DATA_I,DATA_Z,DATA_N=08-7F                #
#                            -U(IDATA)0-7F=(DATA)0-7F                          #
#                            -Z(IDATA)IDATA_I,IDATA_Z,IDATA_N=08-_IDATA0_END   #
#                            -Z(IDATA)ISTACK+_IDATA_STACK_SIZE#08-_IDATA0_END  #
#                            -Z(IDATA)IOVERLAY=08-FF -Z(CODE)INTVEC=0          #
#                            -Z(CODE)CSTART=_NEAR_CODE_START-(_CODEBANK_START- #
#                            1)                                                #
#                            -Z(CODE)BIT_ID,BDATA_ID,DATA_ID,IDATA_ID,IXDATA_I #
#                            D,PDATA_ID,XDATA_ID=_NEAR_CODE_START-(_CODEBANK_S #
#                            TART-1)                                           #
#                            -Z(CODE)BANK_RELAYS,RCODE,DIFUNCT,CODE_C,CODE_N,N #
#                            EAR_CODE=_NEAR_CODE_START-(_CODEBANK_START-1)     #
#                            -P(CODE)BANKED_CODE=_NEAR_CODE_START-(_CODEBANK_S #
#                            TART-1),[(_CODEBANK_START+_FIRST_BANK_ADDR)-(_COD #
#                            EBANK_END+_FIRST_BANK_ADDR)]*_NR_OF_BANKS+10000   #
#                            -Z(CODE)CHECKSUM#(_CODEBANK_START-1)              #
#                            -Z(XDATA)PDATA_Z,PDATA_I=_PDATA0_START-_PDATA0_EN #
#                            D                                                 #
#                            -P(XDATA)PDATA_N=_PDATA0_START-_PDATA0_END        #
#                            -Z(XDATA)PSTACK+_PDATA_STACK_SIZE=_PDATA0_START-_ #
#                            PDATA0_END                                        #
#                            -Z(XDATA)EXT_STACK+_EXTENDED_STACK_SIZE=_EXTENDED #
#                            _STACK_START                                      #
#                            -Z(XDATA)XSTACK+_XDATA_STACK_SIZE=_XDATA0_START-_ #
#                            XDATA0_END                                        #
#                            -Z(XDATA)IXDATA_Z,IXDATA_I=_IXDATA0_START-_IXDATA #
#                            0_END                                             #
#                            -P(XDATA)IXDATA_N=_IXDATA0_START-_IXDATA0_END     #
#                            -Z(XDATA)XDATA_Z,XDATA_I=_XDATA0_START-_XDATA0_EN #
#                            D                                                 #
#                            -P(XDATA)XDATA_N=_XDATA0_START-_XDATA0_END        #
#                            -Z(XDATA)XDATA_HEAP+_XDATA_HEAP_SIZE=_XDATA0_STAR #
#                            T-_XDATA0_END                                     #
#                            -Z(CONST)XDATA_ROM_C=_XDATA0_START-_XDATA0_END    #
#                            -cx51                                             #
#                            -M(CODE)[(_CODEBANK_START+_FIRST_BANK_ADDR)-(_COD #
#                            EBANK_END+_FIRST_BANK_ADDR)]*_NR_OF_BANKS+0x10000 #
#                            =0x8000                                           #
#                            -ww69=i -D_BANK0_START=0x00000                    #
#                            -D_BANK0_END=0x07FFF -D_BANK1_START=0x18000       #
#                            -D_BANK1_END=0x1FFFF -D_BANK2_START=0x28000       #
#                            -D_BANK2_END=0x2FFFF -D_BANK3_START=0x38000       #
#                            -D_BANK3_END=0x3FFFF -D_BANK4_START=0x48000       #
#                            -D_BANK4_END=0x4FFFF -D_BANK5_START=0x58000       #
#                            -D_BANK5_END=0x5FFFF -D_BANK6_START=0x68000       #
#                            -D_BANK6_END=0x6FFFF -D_BANK7_START=0x78000       #
#                            -D_BANK7_END=0x7FFFF                              #
#                            -P(CODE)BANK0=_BANK0_START-_BANK0_END             #
#                            -P(CODE)BANK1=_BANK1_START-_BANK1_END             #
#                            -P(CODE)BANK2=_BANK2_START-_BANK2_END             #
#                            -P(CODE)BANK3=_BANK3_START-_BANK3_END             #
#                            -P(CODE)BANK4=_BANK4_START-_BANK4_END             #
#                            -P(CODE)BANK5=_BANK5_START-_BANK5_END             #
#                            -P(CODE)BANK6=_BANK6_START-_BANK6_END             #
#                            -P(CODE)BANK7=_BANK7_START-_BANK7_END             #
#                            -D_FLASH_LOCK_BITS_START=0x7FFF0                  #
#                            -D_FLASH_LOCK_BITS_END=0x7FFFF                    #
#                            -Z(CODE)FLASH_LOCK_BITS=_FLASH_LOCK_BITS_START-_F #
#                            LASH_LOCK_BITS_END                                #
#                            -U(CODE)0x0000=(CODE)_FLASH_LOCK_BITS_START-_FLAS #
#                            H_LOCK_BITS_END)                                  #
#                            -e?BCALL_FF=?BCALL -e?BRET_FF=?BRET               #
#                            -e?BDISPATCH_FF=?BDISPATCH                        #
#                            -D_NR_OF_VIRTUAL_REGISTERS=8 -D?PBANK=0x93        #
#                            -e_medium_write=_formatted_write                  #
#                            -e_medium_read=_formatted_read -rt                #
#                            -Ointel-extended=C:\Users\L0614\Desktop\DSP\DSP_2 #
#                            530_Code\Master_A\ex_M230\debug\Exe\M230.hex      #
#                            -s __program_start                                #
#                            "C:\Program Files (x86)\IAR Systems\Embedded Work #
#                            bench 6.0 Evaluation\8051\LIB\CLIB\cl-pli-blxd-1e #
#                            16x01.r51"                                        #
#                            -D_IDATA_STACK_SIZE=0x40                          #
#                            -D_EXTENDED_STACK_START=0x00                      #
#                            -D_EXTENDED_STACK_SIZE=0x00                       #
#                            -D_PDATA_STACK_SIZE=0x80                          #
#                            -D_XDATA_STACK_SIZE=0x100                         #
#                            -D_XDATA_HEAP_SIZE=0xFF -D_FAR_HEAP_SIZE=0xFFF    #
#                            -D_HUGE_HEAP_SIZE=0xFFF                           #
#                            -D_FAR22_HEAP_SIZE=0xFFF                          #
#                                                                              #
#                           Copyright (C) 1987-2010 IAR Systems AB.            #
################################################################################





                ****************************************
                *                                      *
                *           CROSS REFERENCE            *
                *                                      *
                ****************************************

       Program entry at : CODE      000000E3  Relocatable, from module : CSTARTUP




                ****************************************
                *                                      *
                *            RUNTIME MODEL             *
                *                                      *
                ****************************************

  __SystemLibrary          = CLib
  __calling_convention     = xdata_reentrant
  __code_model             = banked
  __core                   = plain
  __data_model             = large
  __dptr_size              = 16
  __extended_stack         = disabled
  __location_for_constants = data
  __number_of_dptrs        = 1
  __rt_version             = 1



                ****************************************
                *                                      *
                *              MODULE MAP              *
                *                                      *
                ****************************************


  DEFINED ABSOLUTE ENTRIES
    *************************************************************************

  DEFINED ABSOLUTE ENTRIES
  PROGRAM MODULE, NAME : ?ABS_ENTRY_MOD

Absolute parts
           ENTRY                   ADDRESS         REF BY
           =====                   =======         ======
           _FAR22_HEAP_SIZE        00000FFF 
           _HUGE_HEAP_SIZE         00000FFF 
           _FAR_HEAP_SIZE          00000FFF 
           _XDATA_HEAP_SIZE        000000FF 
           _XDATA_STACK_SIZE       00000100 
           _PDATA_STACK_SIZE       00000080 
           _EXTENDED_STACK_SIZE    00000000 
           _EXTENDED_STACK_START   00000000 
           _IDATA_STACK_SIZE       00000040 
           ?PBANK                  00000093 
           _NR_OF_VIRTUAL_REGISTERS
                                   00000008 
           _FLASH_LOCK_BITS_END    0003FFFF 
           _FLASH_LOCK_BITS_START
                                   0003FFF0 
           _BANK7_END              0003FFFF 
           _BANK7_START            00038000 
           _BANK6_END              00037FFF 
           _BANK6_START            00030000 
           _BANK5_END              0002FFFF 
           _BANK5_START            00028000 
           _BANK4_END              00027FFF 
           _BANK4_START            00020000 
           _BANK3_END              0001FFFF 
           _BANK3_START            00018000 
           _BANK2_END              00017FFF 
           _BANK2_START            00010000 
           _BANK1_END              0000FFFF 
           _BANK1_START            00008000 
           _BANK0_END              00007FFF 
           _BANK0_START            00000000 
           ?ESP                    0000009B 
           ?VB                     00000020        ?BANKED_ENTER_XDATA (?BANKED_ENTER_XDATA)
                                                   ?BANKED_LEAVE_XDATA (?BANKED_LEAVE_XDATA)
                                                   ?INTERRUPT_ENTER_XSP (?INTERRUPT_ENTER_XSP)
                                                   ?INTERRUPT_LEAVE_XSP (?INTERRUPT_LEAVE_XSP)
           _BREG_START             00000000 
           _REGISTER_BANK_START    00000000 
           ?REGISTER_BANK          00000000        Segment part 6 (CSTARTUP)
           _FIRST_BANK_ADDR        00010000 
           _NEAR_CODE_START        00000000 
           _XDATA0_END             00001EFF 
           _XDATA0_START           00000001 
           _IXDATA0_END            00001EFF 
           _IXDATA0_START          00000001 
           _PDATA0_END             00001EFF 
           _PDATA0_START           00001E00 
           _IDATA0_END             000000FF 
           _IDATA0_START           00000000 
           ?CBANK                  0000009F        ?RESET_CODE_BANK (CSTARTUP)
                                                   Segment part 0 (?BANKED_CODE_SUPPORT)
           ?CBANK_MASK             000000FF 
           _CODEBANK_START         00008000 
           _CODEBANK_END           0000FFFF 
           _NR_OF_BANKS            00000007 
    *************************************************************************

  FILE NAME : C:\Users\L0614\Desktop\DSP\DSP_2530_Code\Master_A\ex_M230\debug\Obj\M230.r51
  PROGRAM MODULE, NAME : M230

  SEGMENTS IN THE MODULE
  ======================
SFR_AN
  Relative segment, address: DATA 00000080 - 00000080 (0x1 bytes), align: 0
  Segment part 1. ROOT.       Intra module refs:   M230_I2cAck
                                                   M230_I2cNack
                                                   M230_I2cRead
                                                   M230_I2cStart
                                                   M230_I2cStop
                                                   M230_I2cWrite
                                                   M230_Init
                                                   halBoardInit (hal_board)
                                                   lcdControl (hal_lcd)
                                                   lcdWrite (hal_lcd)
           ENTRY                   ADDRESS         REF BY
           =====                   =======         ======
           _A_P0                   00000080 
           LOCAL                   ADDRESS         
           =====                   =======         
           P0                      00000080 
    -------------------------------------------------------------------------
SFR_AN
  Relative segment, address: DATA 0000008F - 0000008F (0x1 bytes), align: 0
  Segment part 2. ROOT.       Intra module refs:   M230_I2cRead
           ENTRY                   ADDRESS         REF BY
           =====                   =======         ======
           P0INP                   0000008F 
    -------------------------------------------------------------------------
SFR_AN
  Relative segment, address: DATA 000000F3 - 000000F3 (0x1 bytes), align: 0
  Segment part 3. ROOT.       Intra module refs:   M230_I2cRead
                                                   M230_Init
                                                   halBoardInit (hal_board)
                                                   halUartInit (hal_uart)
           ENTRY                   ADDRESS         REF BY
           =====                   =======         ======
           P0SEL                   000000F3 
    -------------------------------------------------------------------------
SFR_AN
  Relative segment, address: DATA 000000F7 - 000000F7 (0x1 bytes), align: 0
  Segment part 4. ROOT.       Intra module refs:   M230_I2cRead
                                                   halBoardInit (hal_board)
                                                   halKeypadI2cRead (hal_keypad)
           ENTRY                   ADDRESS         REF BY
           =====                   =======         ======
           P2INP                   000000F7 
    -------------------------------------------------------------------------
SFR_AN
  Relative segment, address: DATA 000000FD - 000000FD (0x1 bytes), align: 0
  Segment part 5. ROOT.       Intra module refs:   M230_I2cRead
                                                   M230_Init
                                                   halBoardInit (hal_board)
                                                   halLcdInit (hal_lcd)
                                                   lcdControl (hal_lcd)
                                                   lcdWrite (hal_lcd)
           ENTRY                   ADDRESS         REF BY
           =====                   =======         ======
           P0DIR                   000000FD 
    -------------------------------------------------------------------------
<BANKED_CODE> 1 (was BANKED_CODE)
  Relative segment, address: CODE 0000263C - 0000264E (0x13 bytes), align: 0
  Segment part 11.            Intra module refs:   M230_I2cStart::?relay
           ENTRY                   ADDRESS         REF BY
           =====                   =======         ======
           M230_I2cStart           0000263C 
               calls direct
               XSTACK = 00000009 ( 00000000 )
               ISTACK = 00000000 ( 00000002 )
    -------------------------------------------------------------------------
<BANKED_CODE> 1 (was BANKED_CODE)
  Relative segment, address: CODE 0000264F - 00002650 (0x2 bytes), align: 0
  Segment part 13.            Intra module refs:   M230_I2cAck
                                                   M230_I2cNack
           LOCAL                   ADDRESS         
           =====                   =======         
           ?Subroutine0            0000264F 
    -------------------------------------------------------------------------
<BANKED_CODE> 1 (was BANKED_CODE)
  Relative segment, address: CODE 00002651 - 00002659 (0x9 bytes), align: 0
  Segment part 14.            Intra module refs:   ?Subroutine0
                                                   M230_I2cStart
    -------------------------------------------------------------------------
<BANKED_CODE> 1 (was BANKED_CODE)
  Relative segment, address: CODE 0000265A - 00002660 (0x7 bytes), align: 0
  Segment part 15.            Intra module refs:   M230_I2cStop
                                                   Segment part 14
    -------------------------------------------------------------------------
<BANKED_CODE> 1 (was BANKED_CODE)
  Relative segment, address: CODE 00002661 - 00002667 (0x7 bytes), align: 0
  Segment part 16.            Intra module refs:   M230_Init
                                                   Segment part 15
    -------------------------------------------------------------------------
<BANKED_CODE> 1 (was BANKED_CODE)
  Relative segment, address: CODE 00002668 - 00002681 (0x1a bytes), align: 0
  Segment part 17.            Intra module refs:   M230_I2cStop::?relay
           ENTRY                   ADDRESS         REF BY
           =====                   =======         ======
           M230_I2cStop            00002668 
               calls direct
               XSTACK = 00000009 ( 00000000 )
               ISTACK = 00000000 ( 00000002 )
    -------------------------------------------------------------------------
<BANKED_CODE> 1 (was BANKED_CODE)
  Relative segment, address: CODE 00002682 - 00002689 (0x8 bytes), align: 0
  Segment part 19.            Intra module refs:   M230_I2cAck::?relay
           ENTRY                   ADDRESS         REF BY
           =====                   =======         ======
           M230_I2cAck             00002682 
               calls direct
               XSTACK = 00000009 ( 00000000 )
               ISTACK = 00000000 ( 00000002 )
    -------------------------------------------------------------------------
<BANKED_CODE> 1 (was BANKED_CODE)
  Relative segment, address: CODE 0000268A - 00002691 (0x8 bytes), align: 0
  Segment part 21.            Intra module refs:   M230_I2cNack::?relay
           ENTRY                   ADDRESS         REF BY
           =====                   =======         ======
           M230_I2cNack            0000268A 
               calls direct
               XSTACK = 00000009 ( 00000000 )
               ISTACK = 00000000 ( 00000002 )
    -------------------------------------------------------------------------
<BANKED_CODE> 1 (was BANKED_CODE)
  Relative segment, address: CODE 00002692 - 000026B3 (0x22 bytes), align: 0
  Segment part 23.            Intra module refs:   M230_I2cWrite::?relay
           ENTRY                   ADDRESS         REF BY
           =====                   =======         ======
           M230_I2cWrite           00002692 
               calls direct
               XSTACK = 00000009 ( 00000009 )
    -------------------------------------------------------------------------
<BANKED_CODE> 1 (was BANKED_CODE)
  Relative segment, address: CODE 000026B4 - 000026B5 (0x2 bytes), align: 0
  Segment part 25.            Intra module refs:   M230_I2cRead
                                                   M230_ReadEEPROM
           LOCAL                   ADDRESS         
           =====                   =======         
           ?Subroutine1            000026B4 
    -------------------------------------------------------------------------
<BANKED_CODE> 1 (was BANKED_CODE)
  Relative segment, address: CODE 000026B6 - 000026BA (0x5 bytes), align: 0
  Segment part 26.            Intra module refs:   ?Subroutine1
                                                   M230_I2cWrite
                                                   M230_WriteEEPROM
    -------------------------------------------------------------------------
<BANKED_CODE> 1 (was BANKED_CODE)
  Relative segment, address: CODE 000026BB - 000026F1 (0x37 bytes), align: 0
  Segment part 27.            Intra module refs:   M230_I2cRead::?relay
           ENTRY                   ADDRESS         REF BY
           =====                   =======         ======
           M230_I2cRead            000026BB 
               calls direct
               XSTACK = 00000009 ( 00000009 )
    -------------------------------------------------------------------------
<BANKED_CODE> 1 (was BANKED_CODE)
  Relative segment, address: CODE 000026F2 - 00002702 (0x11 bytes), align: 0
  Segment part 29.            Intra module refs:   M230_I2cRead
                                                   M230_I2cWrite
           LOCAL                   ADDRESS         
           =====                   =======         
           ?Subroutine3            000026F2 
    -------------------------------------------------------------------------
<BANKED_CODE> 1 (was BANKED_CODE)
  Relative segment, address: CODE 00002703 - 00002719 (0x17 bytes), align: 0
  Segment part 30.            Intra module refs:   M230_Init::?relay
           ENTRY                   ADDRESS         REF BY
           =====                   =======         ======
           M230_Init               00002703 
               calls direct
               ISTACK = 00000000 ( 00000002 )
    -------------------------------------------------------------------------
<BANKED_CODE> 1 (was BANKED_CODE)
  Relative segment, address: CODE 0000271A - 00002722 (0x9 bytes), align: 0
  Segment part 32.            Intra module refs:   M230_I2cRead
                                                   M230_Init
           LOCAL                   ADDRESS         
           =====                   =======         
           ?Subroutine4            0000271A 
    -------------------------------------------------------------------------
<BANKED_CODE> 1 (was BANKED_CODE)
  Relative segment, address: CODE 00002723 - 0000273F (0x1d bytes), align: 0
  Segment part 33.            Intra module refs:   M230_WriteEEPROM::?relay
           ENTRY                   ADDRESS         REF BY
           =====                   =======         ======
           M230_WriteEEPROM        00002723 
               calls direct
               XSTACK = 00000000 ( 00000009 )
    -------------------------------------------------------------------------
<BANKED_CODE> 1 (was BANKED_CODE)
  Relative segment, address: CODE 00002740 - 0000275F (0x20 bytes), align: 0
  Segment part 35.            Intra module refs:   M230_ReadEEPROM::?relay
           ENTRY                   ADDRESS         REF BY
           =====                   =======         ======
           M230_ReadEEPROM         00002740 
               calls direct
               XSTACK = 00000000 ( 00000009 )
    -------------------------------------------------------------------------
<BANKED_CODE> 1 (was BANKED_CODE)
  Relative segment, address: CODE 00002760 - 0000276C (0xd bytes), align: 0
  Segment part 37.            Intra module refs:   M230_ReadEEPROM
                                                   M230_WriteEEPROM
           LOCAL                   ADDRESS         
           =====                   =======         
           ?Subroutine2            00002760 
    -------------------------------------------------------------------------
<BANKED_CODE> 1 (was BANKED_CODE)
  Relative segment, address: CODE 0000276D - 0000276D (0x1 bytes), align: 0
  Segment part 38.            Intra module refs:   ?Subroutine2
                                                   M230_WriteEEPROM
           LOCAL                   ADDRESS         
           =====                   =======         
           ?Subroutine5            0000276D 
    -------------------------------------------------------------------------
<BANKED_CODE> 1 (was BANKED_CODE)
  Relative segment, address: CODE 0000276E - 00002774 (0x7 bytes), align: 0
  Segment part 39.            Intra module refs:   ?Subroutine2
                                                   ?Subroutine5
                                                   M230_ReadEEPROM
    -------------------------------------------------------------------------
BANK_RELAYS
  Relative segment, address: CODE 000002A8 - 000002AD (0x6 bytes), align: 0
  Segment part 12.            Intra module refs:   ?Subroutine2
                                                   M230_ReadEEPROM
           ENTRY                   ADDRESS         REF BY
           =====                   =======         ======
           M230_I2cStart::?relay   000002A8 
    -------------------------------------------------------------------------
BANK_RELAYS
  Relative segment, address: CODE 000002AE - 000002B3 (0x6 bytes), align: 0
  Segment part 18.            Intra module refs:   M230_ReadEEPROM
                                                   M230_WriteEEPROM
           ENTRY                   ADDRESS         REF BY
           =====                   =======         ======
           M230_I2cStop::?relay    000002AE 
    -------------------------------------------------------------------------
BANK_RELAYS
  Relative segment, address: CODE 000002B4 - 000002B9 (0x6 bytes), align: 0
  Segment part 20.            Intra module refs:   Segment part 39
           ENTRY                   ADDRESS         REF BY
           =====                   =======         ======
           M230_I2cAck::?relay     000002B4 
    -------------------------------------------------------------------------
BANK_RELAYS
  Relative segment, address: CODE 000002BA - 000002BF (0x6 bytes), align: 0
  Segment part 22.            Intra module refs:   M230_ReadEEPROM
           ENTRY                   ADDRESS         REF BY
           =====                   =======         ======
           M230_I2cNack::?relay    000002BA 
    -------------------------------------------------------------------------
BANK_RELAYS
  Relative segment, address: CODE 000002C0 - 000002C5 (0x6 bytes), align: 0
  Segment part 24.            Intra module refs:   Segment part 39
           ENTRY                   ADDRESS         REF BY
           =====                   =======         ======
           M230_I2cWrite::?relay   000002C0 
    -------------------------------------------------------------------------
BANK_RELAYS
  Relative segment, address: CODE 000002C6 - 000002CB (0x6 bytes), align: 0
  Segment part 28.            Intra module refs:   M230_ReadEEPROM
           ENTRY                   ADDRESS         REF BY
           =====                   =======         ======
           M230_I2cRead::?relay    000002C6 
    -------------------------------------------------------------------------
BANK_RELAYS
  Relative segment, address: CODE 000002CC - 000002D1 (0x6 bytes), align: 0
  Segment part 31.
           ENTRY                   ADDRESS         REF BY
           =====                   =======         ======
           M230_Init::?relay       000002CC        MasterInit (Master_A)
    -------------------------------------------------------------------------
BANK_RELAYS
  Relative segment, address: CODE 000002D2 - 000002D7 (0x6 bytes), align: 0
  Segment part 34.
           ENTRY                   ADDRESS         REF BY
           =====                   =======         ======
           M230_WriteEEPROM::?relay
                                   000002D2        ProgramCount (Master_A)
                                                   ResetROM (Master_A)
                                                   WriteEEPROM (Master_A)
    -------------------------------------------------------------------------
BANK_RELAYS
  Relative segment, address: CODE 000002D8 - 000002DD (0x6 bytes), align: 0
  Segment part 36.            Intra module refs:   M230_Init
           ENTRY                   ADDRESS         REF BY
           =====                   =======         ======
           M230_ReadEEPROM::?relay
                                   000002D8        ?Subroutine12 (Master_A)
                                                   Segment part 107 (Master_A)

    *************************************************************************

  FILE NAME : C:\Users\L0614\Desktop\DSP\DSP_2530_Code\Master_A\ex_M230\debug\Obj\Master_A.r51
  PROGRAM MODULE, NAME : Master_A

  SEGMENTS IN THE MODULE
  ======================
XDATA_Z
  Relative segment, address: XDATA 00000101 - 000001FF (0xff bytes), align: 0
  Segment part 64.            Intra module refs:   ?Subroutine12
                                                   AutoReadEEPRom
                                                   Client_Program_Order
                                                   Client_Program_Time
                                                   ResetSlave
                                                   SendData
                                                   WriteEEPROM
           LOCAL                   ADDRESS         
           =====                   =======         
           pTxData                 00000101 
    -------------------------------------------------------------------------
XDATA_Z
  Relative segment, address: XDATA 00000200 - 000002FE (0xff bytes), align: 0
  Segment part 65.            Intra module refs:   ShowZoneMode
           LOCAL                   ADDRESS         
           =====                   =======         
           pRxData                 00000200 
    -------------------------------------------------------------------------
XDATA_Z
  Relative segment, address: XDATA 000002FF - 00000304 (0x6 bytes), align: 0
  Segment part 66.            Intra module refs:   MasterInit
           LOCAL                   ADDRESS         
           =====                   =======         
           basicRfConfig           000002FF 
    -------------------------------------------------------------------------
XDATA_Z
  Relative segment, address: XDATA 00000305 - 00000305 (0x1 bytes), align: 0
  Segment part 67.            Intra module refs:   ?Subroutine17
                                                   AutoReadEEPRom
                                                   Client_Program_Order
           ENTRY                   ADDRESS         REF BY
           =====                   =======         ======
           key                     00000305 
    -------------------------------------------------------------------------
XDATA_Z
  Relative segment, address: XDATA 00000306 - 00000306 (0x1 bytes), align: 0
  Segment part 68.            Intra module refs:   ?Subroutine10
                                                   ?Subroutine7
                                                   Client_Program_Order
                                                   Client_Program_Time
           ENTRY                   ADDRESS         REF BY
           =====                   =======         ======
           KeyCount                00000306 
    -------------------------------------------------------------------------
XDATA_Z
  Relative segment, address: XDATA 00000307 - 00000316 (0x10 bytes), align: 0
  Segment part 69.            Intra module refs:   Client_Program_Order
           ENTRY                   ADDRESS         REF BY
           =====                   =======         ======
           ProgramA                00000307 
    -------------------------------------------------------------------------
XDATA_Z
  Relative segment, address: XDATA 00000317 - 00000319 (0x3 bytes), align: 0
  Segment part 70.            Intra module refs:   ?Subroutine14
                                                   ShowZoneMode
           ENTRY                   ADDRESS         REF BY
           =====                   =======         ======
           RxData                  00000317 
    -------------------------------------------------------------------------
XDATA_Z
  Relative segment, address: XDATA 0000031A - 0000032D (0x14 bytes), align: 0
  Segment part 71.            Intra module refs:   ?Subroutine11
                                                   ?Subroutine6
                                                   ShowZoneMode
           ENTRY                   ADDRESS         REF BY
           =====                   =======         ======
           uart_buf                0000031A 
    -------------------------------------------------------------------------
<BANKED_CODE> 1 (was BANKED_CODE)
  Relative segment, address: CODE 000016B7 - 000016DE (0x28 bytes), align: 0
  Segment part 72.
           ENTRY                   ADDRESS         REF BY
           =====                   =======         ======
           main                    000016B7        ?call_main (?cmain)
               calls direct
    -------------------------------------------------------------------------
<BANKED_CODE> 1 (was BANKED_CODE)
  Relative segment, address: CODE 000016DF - 0000170F (0x31 bytes), align: 0
  Segment part 74.            Intra module refs:   MasterInit::?relay
           ENTRY                   ADDRESS         REF BY
           =====                   =======         ======
           MasterInit              000016DF 
               calls direct
               ISTACK = 00000000 ( 00000002 )
    -------------------------------------------------------------------------
<BANKED_CODE> 1 (was BANKED_CODE)
  Relative segment, address: CODE 00001710 - 00001716 (0x7 bytes), align: 0
  Segment part 76.            Intra module refs:   MasterInit
                                                   ReadKeyInt
           LOCAL                   ADDRESS         
           =====                   =======         
           ?Subroutine0            00001710 
    -------------------------------------------------------------------------
<BANKED_CODE> 1 (was BANKED_CODE)
  Relative segment, address: CODE 00001717 - 0000185A (0x144 bytes), align: 0
  Segment part 77.            Intra module refs:   Client_Program_Order::?relay
           ENTRY                   ADDRESS         REF BY
           =====                   =======         ======
           Client_Program_Order    00001717 
               calls direct
               XSTACK = 00000009 ( 0000000E )
               ISTACK = 00000000 ( 00000001 )
    -------------------------------------------------------------------------
<BANKED_CODE> 1 (was BANKED_CODE)
  Relative segment, address: CODE 0000185B - 0000185F (0x5 bytes), align: 0
  Segment part 79.            Intra module refs:   Client_Program_Order
                                                   halLcdWriteIntToChar
           LOCAL                   ADDRESS         
           =====                   =======         
           ?Subroutine1            0000185B 
    -------------------------------------------------------------------------
<BANKED_CODE> 1 (was BANKED_CODE)
  Relative segment, address: CODE 00001860 - 0000186F (0x10 bytes), align: 0
  Segment part 80.            Intra module refs:   Client_Program_Order
           LOCAL                   ADDRESS         
           =====                   =======         
           ?Subroutine7            00001860 
    -------------------------------------------------------------------------
<BANKED_CODE> 1 (was BANKED_CODE)
  Relative segment, address: CODE 00001870 - 000018A2 (0x33 bytes), align: 0
  Segment part 81.            Intra module refs:   halLcdWriteIntToChar::?relay
           ENTRY                   ADDRESS         REF BY
           =====                   =======         ======
           halLcdWriteIntToChar    00001870 
               calls direct
               XSTACK = 0000000E ( 0000000C )
    -------------------------------------------------------------------------
<BANKED_CODE> 1 (was BANKED_CODE)
  Relative segment, address: CODE 000018A3 - 0000193B (0x99 bytes), align: 0
  Segment part 83.            Intra module refs:   Client_Program_Time::?relay
           ENTRY                   ADDRESS         REF BY
           =====                   =======         ======
           Client_Program_Time     000018A3 
               calls direct
               XSTACK = 00000009 ( 0000000B )
               ISTACK = 00000000 ( 00000002 )
    -------------------------------------------------------------------------
<BANKED_CODE> 1 (was BANKED_CODE)
  Relative segment, address: CODE 0000193C - 00001954 (0x19 bytes), align: 0
  Segment part 85.            Intra module refs:   Client_Program_Order
                                                   Client_Program_Time
           LOCAL                   ADDRESS         
           =====                   =======         
           ?Subroutine10           0000193C 
    -------------------------------------------------------------------------
<BANKED_CODE> 1 (was BANKED_CODE)
  Relative segment, address: CODE 00001955 - 0000195A (0x6 bytes), align: 0
  Segment part 86.            Intra module refs:   Client_Program_Order
                                                   Client_Program_Time
           LOCAL                   ADDRESS         
           =====                   =======         
           ?Subroutine8            00001955 
    -------------------------------------------------------------------------
<BANKED_CODE> 1 (was BANKED_CODE)
  Relative segment, address: CODE 0000195B - 000019BF (0x65 bytes), align: 0
  Segment part 87.            Intra module refs:   ReadKeyInt::?relay
           ENTRY                   ADDRESS         REF BY
           =====                   =======         ======
           ReadKeyInt              0000195B 
               calls direct
               XSTACK = 0000000E ( 00000000 )
               ISTACK = 00000000 ( 00000002 )
    -------------------------------------------------------------------------
<BANKED_CODE> 1 (was BANKED_CODE)
  Relative segment, address: CODE 000019C0 - 000019C3 (0x4 bytes), align: 0
  Segment part 89.            Intra module refs:   AutoReadEEPRom
                                                   Client_Program_Order
                                                   ReadKeyInt
                                                   ShowZoneMode
                                                   main
           LOCAL                   ADDRESS         
           =====                   =======         
           ?Subroutine9            000019C0 
    -------------------------------------------------------------------------
<BANKED_CODE> 1 (was BANKED_CODE)
  Relative segment, address: CODE 000019C4 - 000019CC (0x9 bytes), align: 0
  Segment part 90.            Intra module refs:   ?Subroutine8
                                                   ?Subroutine9
           LOCAL                   ADDRESS         
           =====                   =======         
           ?Subroutine17           000019C4 
    -------------------------------------------------------------------------
<BANKED_CODE> 1 (was BANKED_CODE)
  Relative segment, address: CODE 000019CD - 00001A2B (0x5f bytes), align: 0
  Segment part 91.            Intra module refs:   CommandZone::?relay
           ENTRY                   ADDRESS         REF BY
           =====                   =======         ======
           CommandZone             000019CD 
               calls direct
               XSTACK = 0000000A ( 00000009 )
    -------------------------------------------------------------------------
<BANKED_CODE> 1 (was BANKED_CODE)
  Relative segment, address: CODE 00001A2C - 00001AAD (0x82 bytes), align: 0
  Segment part 93.            Intra module refs:   CommandAction::?relay
           ENTRY                   ADDRESS         REF BY
           =====                   =======         ======
           CommandAction           00001A2C 
               calls direct
               XSTACK = 00000009 ( 00000009 )
    -------------------------------------------------------------------------
<BANKED_CODE> 1 (was BANKED_CODE)
  Relative segment, address: CODE 00001AAE - 00001ABA (0xd bytes), align: 0
  Segment part 95.            Intra module refs:   CommandZone
                                                   ResetROM
           LOCAL                   ADDRESS         
           =====                   =======         
           ?Subroutine2            00001AAE 
    -------------------------------------------------------------------------
<BANKED_CODE> 1 (was BANKED_CODE)
  Relative segment, address: CODE 00001ABB - 00001ABF (0x5 bytes), align: 0
  Segment part 96.            Intra module refs:   ?Subroutine2
                                                   ?Subroutine5
                                                   Client_Program_Time
                                                   CommandAction
    -------------------------------------------------------------------------
<BANKED_CODE> 1 (was BANKED_CODE)
  Relative segment, address: CODE 00001AC0 - 00001AD6 (0x17 bytes), align: 0
  Segment part 97.            Intra module refs:   ?Subroutine2
                                                   MasterInit
           LOCAL                   ADDRESS         
           =====                   =======         
           ?Subroutine13           00001AC0 
    -------------------------------------------------------------------------
<BANKED_CODE> 1 (was BANKED_CODE)
  Relative segment, address: CODE 00001AD7 - 00001C8D (0x1b7 bytes), align: 0
  Segment part 98.            Intra module refs:   ShowZoneMode::?relay
           ENTRY                   ADDRESS         REF BY
           =====                   =======         ======
           ShowZoneMode            00001AD7 
               calls direct
               XSTACK = 00000009 ( 0000000A )
               ISTACK = 00000000 ( 00000001 )
    -------------------------------------------------------------------------
<BANKED_CODE> 1 (was BANKED_CODE)
  Relative segment, address: CODE 00001C8E - 00001C92 (0x5 bytes), align: 0
  Segment part 100.           Intra module refs:   AutoReadEEPRom
                                                   ShowZoneMode
           LOCAL                   ADDRESS         
           =====                   =======         
           ?Subroutine3            00001C8E 
    -------------------------------------------------------------------------
<BANKED_CODE> 1 (was BANKED_CODE)
  Relative segment, address: CODE 00001C93 - 00001C9B (0x9 bytes), align: 0
  Segment part 101.           Intra module refs:   ShowZoneMode
           LOCAL                   ADDRESS         
           =====                   =======         
           ?Subroutine15           00001C93 
    -------------------------------------------------------------------------
<BANKED_CODE> 1 (was BANKED_CODE)
  Relative segment, address: CODE 00001C9C - 00001CA3 (0x8 bytes), align: 0
  Segment part 102.           Intra module refs:   ShowZoneMode
           LOCAL                   ADDRESS         
           =====                   =======         
           ?Subroutine14           00001C9C 
    -------------------------------------------------------------------------
<BANKED_CODE> 1 (was BANKED_CODE)
  Relative segment, address: CODE 00001CA4 - 00001CA9 (0x6 bytes), align: 0
  Segment part 103.           Intra module refs:   ?Subroutine14
                                                   WriteEEPROM
    -------------------------------------------------------------------------
<BANKED_CODE> 1 (was BANKED_CODE)
  Relative segment, address: CODE 00001CAA - 00001CBD (0x14 bytes), align: 0
  Segment part 104.           Intra module refs:   ShowZoneMode
           LOCAL                   ADDRESS         
           =====                   =======         
           ?Subroutine11           00001CAA 
    -------------------------------------------------------------------------
<BANKED_CODE> 1 (was BANKED_CODE)
  Relative segment, address: CODE 00001CBE - 00001CD0 (0x13 bytes), align: 0
  Segment part 105.           Intra module refs:   ShowZoneMode
           LOCAL                   ADDRESS         
           =====                   =======         
           ?Subroutine6            00001CBE 
    -------------------------------------------------------------------------
<BANKED_CODE> 1 (was BANKED_CODE)
  Relative segment, address: CODE 00001CD1 - 00001CD1 (0x1 bytes), align: 0
  Segment part 106.           Intra module refs:   Client_Program_Order
                                                   SendData
           LOCAL                   ADDRESS         
           =====                   =======         
           ?Subroutine16           00001CD1 
    -------------------------------------------------------------------------
<BANKED_CODE> 1 (was BANKED_CODE)
  Relative segment, address: CODE 00001CD2 - 00001CD6 (0x5 bytes), align: 0
  Segment part 107.           Intra module refs:   ?Subroutine11
                                                   ?Subroutine16
                                                   ?Subroutine6
                                                   ShowZoneMode
    -------------------------------------------------------------------------
<BANKED_CODE> 1 (was BANKED_CODE)
  Relative segment, address: CODE 00001CD7 - 00001D37 (0x61 bytes), align: 0
  Segment part 108.           Intra module refs:   WriteEEPROM::?relay
           ENTRY                   ADDRESS         REF BY
           =====                   =======         ======
           WriteEEPROM             00001CD7 
               calls direct
               XSTACK = 00000009 ( 0000000B )
    -------------------------------------------------------------------------
<BANKED_CODE> 1 (was BANKED_CODE)
  Relative segment, address: CODE 00001D38 - 00001D3C (0x5 bytes), align: 0
  Segment part 110.           Intra module refs:   SendData
                                                   WriteEEPROM
           LOCAL                   ADDRESS         
           =====                   =======         
           ?Subroutine4            00001D38 
    -------------------------------------------------------------------------
<BANKED_CODE> 1 (was BANKED_CODE)
  Relative segment, address: CODE 00001D3D - 00001DE2 (0xa6 bytes), align: 0
  Segment part 111.           Intra module refs:   AutoReadEEPRom::?relay
           ENTRY                   ADDRESS         REF BY
           =====                   =======         ======
           AutoReadEEPRom          00001D3D 
               calls direct
               XSTACK = 00000000 ( 0000000A )
               ISTACK = 00000000 ( 00000001 )
    -------------------------------------------------------------------------
<BANKED_CODE> 1 (was BANKED_CODE)
  Relative segment, address: CODE 00001DE3 - 00001E36 (0x54 bytes), align: 0
  Segment part 113.           Intra module refs:   SendData::?relay
           ENTRY                   ADDRESS         REF BY
           =====                   =======         ======
           SendData                00001DE3 
               calls direct
               XSTACK = 00000009 ( 0000000B )
               ISTACK = 00000000 ( 00000001 )
    -------------------------------------------------------------------------
<BANKED_CODE> 1 (was BANKED_CODE)
  Relative segment, address: CODE 00001E37 - 00001E52 (0x1c bytes), align: 0
  Segment part 115.           Intra module refs:   AutoReadEEPRom
                                                   SendData
           LOCAL                   ADDRESS         
           =====                   =======         
           ?Subroutine12           00001E37 
    -------------------------------------------------------------------------
<BANKED_CODE> 1 (was BANKED_CODE)
  Relative segment, address: CODE 00001E53 - 00001E98 (0x46 bytes), align: 0
  Segment part 116.           Intra module refs:   ResetSlave::?relay
           ENTRY                   ADDRESS         REF BY
           =====                   =======         ======
           ResetSlave              00001E53 
               calls direct
               XSTACK = 00000009 ( 00000009 )
    -------------------------------------------------------------------------
<BANKED_CODE> 1 (was BANKED_CODE)
  Relative segment, address: CODE 00001E99 - 00001EA5 (0xd bytes), align: 0
  Segment part 118.           Intra module refs:   ProgramCount
                                                   ResetSlave
           LOCAL                   ADDRESS         
           =====                   =======         
           ?Subroutine5            00001E99 
    -------------------------------------------------------------------------
<BANKED_CODE> 1 (was BANKED_CODE)
  Relative segment, address: CODE 00001EA6 - 00001F03 (0x5e bytes), align: 0
  Segment part 119.           Intra module refs:   ProgramCount::?relay
           ENTRY                   ADDRESS         REF BY
           =====                   =======         ======
           ProgramCount            00001EA6 
               calls direct
               XSTACK = 00000009 ( 00000009 )
    -------------------------------------------------------------------------
<BANKED_CODE> 1 (was BANKED_CODE)
  Relative segment, address: CODE 00001F04 - 00001F7F (0x7c bytes), align: 0
  Segment part 121.           Intra module refs:   ResetROM::?relay
           ENTRY                   ADDRESS         REF BY
           =====                   =======         ======
           ResetROM                00001F04 
               calls direct
               XSTACK = 00000009 ( 00000009 )
    -------------------------------------------------------------------------
XDATA_ID
  Relative segment, address: CODE 00000116 - 00000126 (0x11 bytes), align: 0
  Segment part 7.             Intra module refs:   Segment part 6
    -------------------------------------------------------------------------
XDATA_ID
  Relative segment, address: CODE 00000127 - 00000133 (0xd bytes), align: 0
  Segment part 9.             Intra module refs:   Segment part 8
    -------------------------------------------------------------------------
XDATA_ID
  Relative segment, address: CODE 00000134 - 00000143 (0x10 bytes), align: 0
  Segment part 11.            Intra module refs:   Segment part 10
    -------------------------------------------------------------------------
XDATA_ID
  Relative segment, address: CODE 00000144 - 00000146 (0x3 bytes), align: 0
  Segment part 13.            Intra module refs:   Segment part 12
    -------------------------------------------------------------------------
XDATA_ID
  Relative segment, address: CODE 00000147 - 00000153 (0xd bytes), align: 0
  Segment part 15.            Intra module refs:   Segment part 14
    -------------------------------------------------------------------------
XDATA_ID
  Relative segment, address: CODE 00000154 - 00000163 (0x10 bytes), align: 0
  Segment part 17.            Intra module refs:   Segment part 16
    -------------------------------------------------------------------------
XDATA_ID
  Relative segment, address: CODE 00000164 - 00000174 (0x11 bytes), align: 0
  Segment part 19.            Intra module refs:   Segment part 18
    -------------------------------------------------------------------------
XDATA_ID
  Relative segment, address: CODE 00000175 - 00000185 (0x11 bytes), align: 0
  Segment part 21.            Intra module refs:   Segment part 20
    -------------------------------------------------------------------------
XDATA_ID
  Relative segment, address: CODE 00000186 - 00000196 (0x11 bytes), align: 0
  Segment part 23.            Intra module refs:   Segment part 22
    -------------------------------------------------------------------------
XDATA_ID
  Relative segment, address: CODE 00000197 - 000001A7 (0x11 bytes), align: 0
  Segment part 25.            Intra module refs:   Segment part 24
    -------------------------------------------------------------------------
XDATA_ID
  Relative segment, address: CODE 000001A8 - 000001B8 (0x11 bytes), align: 0
  Segment part 27.            Intra module refs:   Segment part 26
    -------------------------------------------------------------------------
XDATA_ID
  Relative segment, address: CODE 000001B9 - 000001CB (0x13 bytes), align: 0
  Segment part 29.            Intra module refs:   Segment part 28
    -------------------------------------------------------------------------
XDATA_ID
  Relative segment, address: CODE 000001CC - 000001DE (0x13 bytes), align: 0
  Segment part 31.            Intra module refs:   Segment part 30
    -------------------------------------------------------------------------
XDATA_ID
  Relative segment, address: CODE 000001DF - 000001F1 (0x13 bytes), align: 0
  Segment part 33.            Intra module refs:   Segment part 32
    -------------------------------------------------------------------------
XDATA_ID
  Relative segment, address: CODE 000001F2 - 000001FF (0xe bytes), align: 0
  Segment part 35.            Intra module refs:   Segment part 34
    -------------------------------------------------------------------------
XDATA_ID
  Relative segment, address: CODE 00000200 - 00000210 (0x11 bytes), align: 0
  Segment part 37.            Intra module refs:   Segment part 36
    -------------------------------------------------------------------------
XDATA_ID
  Relative segment, address: CODE 00000211 - 00000213 (0x3 bytes), align: 0
  Segment part 39.            Intra module refs:   Segment part 38
    -------------------------------------------------------------------------
XDATA_ID
  Relative segment, address: CODE 00000214 - 00000215 (0x2 bytes), align: 0
  Segment part 41.            Intra module refs:   Segment part 40
    -------------------------------------------------------------------------
XDATA_ID
  Relative segment, address: CODE 00000216 - 00000224 (0xf bytes), align: 0
  Segment part 43.            Intra module refs:   Segment part 42
    -------------------------------------------------------------------------
XDATA_ID
  Relative segment, address: CODE 00000225 - 00000232 (0xe bytes), align: 0
  Segment part 45.            Intra module refs:   Segment part 44
    -------------------------------------------------------------------------
XDATA_ID
  Relative segment, address: CODE 00000233 - 00000243 (0x11 bytes), align: 0
  Segment part 47.            Intra module refs:   Segment part 46
    -------------------------------------------------------------------------
XDATA_ID
  Relative segment, address: CODE 00000244 - 0000024D (0xa bytes), align: 0
  Segment part 49.            Intra module refs:   Segment part 48
    -------------------------------------------------------------------------
XDATA_ID
  Relative segment, address: CODE 0000024E - 00000250 (0x3 bytes), align: 0
  Segment part 51.            Intra module refs:   Segment part 50
    -------------------------------------------------------------------------
XDATA_ID
  Relative segment, address: CODE 00000251 - 00000254 (0x4 bytes), align: 0
  Segment part 53.            Intra module refs:   Segment part 52
    -------------------------------------------------------------------------
XDATA_ID
  Relative segment, address: CODE 00000255 - 00000260 (0xc bytes), align: 0
  Segment part 55.            Intra module refs:   Segment part 54
    -------------------------------------------------------------------------
XDATA_ID
  Relative segment, address: CODE 00000261 - 0000026F (0xf bytes), align: 0
  Segment part 57.            Intra module refs:   Segment part 56
    -------------------------------------------------------------------------
XDATA_ID
  Relative segment, address: CODE 00000270 - 00000279 (0xa bytes), align: 0
  Segment part 59.            Intra module refs:   Segment part 58
    -------------------------------------------------------------------------
XDATA_ID
  Relative segment, address: CODE 0000027A - 00000286 (0xd bytes), align: 0
  Segment part 61.            Intra module refs:   Segment part 60
    -------------------------------------------------------------------------
XDATA_ID
  Relative segment, address: CODE 00000287 - 00000293 (0xd bytes), align: 0
  Segment part 63.            Intra module refs:   Segment part 62
    -------------------------------------------------------------------------
BANK_RELAYS
  Relative segment, address: CODE 000002DE - 000002E3 (0x6 bytes), align: 0
  Segment part 75.            Intra module refs:   main
           ENTRY                   ADDRESS         REF BY
           =====                   =======         ======
           MasterInit::?relay      000002DE 
    -------------------------------------------------------------------------
BANK_RELAYS
  Relative segment, address: CODE 000002E4 - 000002E9 (0x6 bytes), align: 0
  Segment part 78.            Intra module refs:   CommandAction
           ENTRY                   ADDRESS         REF BY
           =====                   =======         ======
           Client_Program_Order::?relay
                                   000002E4 
    -------------------------------------------------------------------------
BANK_RELAYS
  Relative segment, address: CODE 000002EA - 000002EF (0x6 bytes), align: 0
  Segment part 82.            Intra module refs:   ?Subroutine11
                                                   ?Subroutine15
                                                   AutoReadEEPRom
                                                   Client_Program_Order
                                                   Client_Program_Time
                                                   ShowZoneMode
           ENTRY                   ADDRESS         REF BY
           =====                   =======         ======
           halLcdWriteIntToChar::?relay
                                   000002EA 
    -------------------------------------------------------------------------
BANK_RELAYS
  Relative segment, address: CODE 000002F0 - 000002F5 (0x6 bytes), align: 0
  Segment part 84.            Intra module refs:   CommandAction
           ENTRY                   ADDRESS         REF BY
           =====                   =======         ======
           Client_Program_Time::?relay
                                   000002F0 
    -------------------------------------------------------------------------
BANK_RELAYS
  Relative segment, address: CODE 000002F6 - 000002FB (0x6 bytes), align: 0
  Segment part 88.            Intra module refs:   Client_Program_Order
                                                   Client_Program_Time
                                                   CommandAction
                                                   ProgramCount
           ENTRY                   ADDRESS         REF BY
           =====                   =======         ======
           ReadKeyInt::?relay      000002F6 
    -------------------------------------------------------------------------
BANK_RELAYS
  Relative segment, address: CODE 000002FC - 00000301 (0x6 bytes), align: 0
  Segment part 92.            Intra module refs:   AutoReadEEPRom
                                                   main
           ENTRY                   ADDRESS         REF BY
           =====                   =======         ======
           CommandZone::?relay     000002FC 
    -------------------------------------------------------------------------
BANK_RELAYS
  Relative segment, address: CODE 00000302 - 00000307 (0x6 bytes), align: 0
  Segment part 94.            Intra module refs:   CommandZone
           ENTRY                   ADDRESS         REF BY
           =====                   =======         ======
           CommandAction::?relay   00000302 
    -------------------------------------------------------------------------
BANK_RELAYS
  Relative segment, address: CODE 00000308 - 0000030D (0x6 bytes), align: 0
  Segment part 99.            Intra module refs:   CommandAction
           ENTRY                   ADDRESS         REF BY
           =====                   =======         ======
           ShowZoneMode::?relay    00000308 
    -------------------------------------------------------------------------
BANK_RELAYS
  Relative segment, address: CODE 0000030E - 00000313 (0x6 bytes), align: 0
  Segment part 109.           Intra module refs:   CommandAction
           ENTRY                   ADDRESS         REF BY
           =====                   =======         ======
           WriteEEPROM::?relay     0000030E 
    -------------------------------------------------------------------------
BANK_RELAYS
  Relative segment, address: CODE 00000314 - 00000319 (0x6 bytes), align: 0
  Segment part 112.           Intra module refs:   main
           ENTRY                   ADDRESS         REF BY
           =====                   =======         ======
           AutoReadEEPRom::?relay
                                   00000314 
    -------------------------------------------------------------------------
BANK_RELAYS
  Relative segment, address: CODE 0000031A - 0000031F (0x6 bytes), align: 0
  Segment part 114.           Intra module refs:   CommandAction
           ENTRY                   ADDRESS         REF BY
           =====                   =======         ======
           SendData::?relay        0000031A 
    -------------------------------------------------------------------------
BANK_RELAYS
  Relative segment, address: CODE 00000320 - 00000325 (0x6 bytes), align: 0
  Segment part 117.           Intra module refs:   CommandAction
           ENTRY                   ADDRESS         REF BY
           =====                   =======         ======
           ResetSlave::?relay      00000320 
    -------------------------------------------------------------------------
BANK_RELAYS
  Relative segment, address: CODE 00000326 - 0000032B (0x6 bytes), align: 0
  Segment part 120.           Intra module refs:   CommandAction
           ENTRY                   ADDRESS         REF BY
           =====                   =======         ======
           ProgramCount::?relay    00000326 
    -------------------------------------------------------------------------
BANK_RELAYS
  Relative segment, address: CODE 0000032C - 00000331 (0x6 bytes), align: 0
  Segment part 122.           Intra module refs:   CommandZone
           ENTRY                   ADDRESS         REF BY
           =====                   =======         ======
           ResetROM::?relay        0000032C 
    -------------------------------------------------------------------------
XDATA_I
  Relative segment, address: XDATA 00000572 - 00000582 (0x11 bytes), align: 0
  Segment part 6.             Intra module refs:   ?Subroutine13
                                                   ShowZoneMode
    -------------------------------------------------------------------------
XDATA_I
  Relative segment, address: XDATA 00000583 - 0000058F (0xd bytes), align: 0
  Segment part 8.             Intra module refs:   ?Subroutine13
    -------------------------------------------------------------------------
XDATA_I
  Relative segment, address: XDATA 00000590 - 0000059F (0x10 bytes), align: 0
  Segment part 10.            Intra module refs:   Client_Program_Order
    -------------------------------------------------------------------------
XDATA_I
  Relative segment, address: XDATA 000005A0 - 000005A2 (0x3 bytes), align: 0
  Segment part 12.            Intra module refs:   Client_Program_Order
    -------------------------------------------------------------------------
XDATA_I
  Relative segment, address: XDATA 000005A3 - 000005AF (0xd bytes), align: 0
  Segment part 14.            Intra module refs:   Client_Program_Order
    -------------------------------------------------------------------------
XDATA_I
  Relative segment, address: XDATA 000005B0 - 000005BF (0x10 bytes), align: 0
  Segment part 16.            Intra module refs:   ?Subroutine7
    -------------------------------------------------------------------------
XDATA_I
  Relative segment, address: XDATA 000005C0 - 000005D0 (0x11 bytes), align: 0
  Segment part 18.            Intra module refs:   Client_Program_Time
    -------------------------------------------------------------------------
XDATA_I
  Relative segment, address: XDATA 000005D1 - 000005E1 (0x11 bytes), align: 0
  Segment part 20.            Intra module refs:   CommandZone
    -------------------------------------------------------------------------
XDATA_I
  Relative segment, address: XDATA 000005E2 - 000005F2 (0x11 bytes), align: 0
  Segment part 22.            Intra module refs:   CommandZone
    -------------------------------------------------------------------------
XDATA_I
  Relative segment, address: XDATA 000005F3 - 00000603 (0x11 bytes), align: 0
  Segment part 24.            Intra module refs:   CommandZone
    -------------------------------------------------------------------------
XDATA_I
  Relative segment, address: XDATA 00000604 - 00000614 (0x11 bytes), align: 0
  Segment part 26.            Intra module refs:   CommandZone
    -------------------------------------------------------------------------
XDATA_I
  Relative segment, address: XDATA 00000615 - 00000627 (0x13 bytes), align: 0
  Segment part 28.            Intra module refs:   CommandAction
    -------------------------------------------------------------------------
XDATA_I
  Relative segment, address: XDATA 00000628 - 0000063A (0x13 bytes), align: 0
  Segment part 30.            Intra module refs:   CommandAction
    -------------------------------------------------------------------------
XDATA_I
  Relative segment, address: XDATA 0000063B - 0000064D (0x13 bytes), align: 0
  Segment part 32.            Intra module refs:   CommandAction
    -------------------------------------------------------------------------
XDATA_I
  Relative segment, address: XDATA 0000064E - 0000065B (0xe bytes), align: 0
  Segment part 34.            Intra module refs:   ShowZoneMode
    -------------------------------------------------------------------------
XDATA_I
  Relative segment, address: XDATA 0000065C - 0000066C (0x11 bytes), align: 0
  Segment part 36.            Intra module refs:   ShowZoneMode
    -------------------------------------------------------------------------
XDATA_I
  Relative segment, address: XDATA 0000066D - 0000066F (0x3 bytes), align: 0
  Segment part 38.            Intra module refs:   ShowZoneMode
    -------------------------------------------------------------------------
XDATA_I
  Relative segment, address: XDATA 00000670 - 00000671 (0x2 bytes), align: 0
  Segment part 40.            Intra module refs:   ShowZoneMode
    -------------------------------------------------------------------------
XDATA_I
  Relative segment, address: XDATA 00000672 - 00000680 (0xf bytes), align: 0
  Segment part 42.            Intra module refs:   ShowZoneMode
    -------------------------------------------------------------------------
XDATA_I
  Relative segment, address: XDATA 00000681 - 0000068E (0xe bytes), align: 0
  Segment part 44.            Intra module refs:   ShowZoneMode
    -------------------------------------------------------------------------
XDATA_I
  Relative segment, address: XDATA 0000068F - 0000069F (0x11 bytes), align: 0
  Segment part 46.            Intra module refs:   ShowZoneMode
    -------------------------------------------------------------------------
XDATA_I
  Relative segment, address: XDATA 000006A0 - 000006A9 (0xa bytes), align: 0
  Segment part 48.            Intra module refs:   ShowZoneMode
    -------------------------------------------------------------------------
XDATA_I
  Relative segment, address: XDATA 000006AA - 000006AC (0x3 bytes), align: 0
  Segment part 50.            Intra module refs:   AutoReadEEPRom
    -------------------------------------------------------------------------
XDATA_I
  Relative segment, address: XDATA 000006AD - 000006B0 (0x4 bytes), align: 0
  Segment part 52.            Intra module refs:   AutoReadEEPRom
    -------------------------------------------------------------------------
XDATA_I
  Relative segment, address: XDATA 000006B1 - 000006BC (0xc bytes), align: 0
  Segment part 54.            Intra module refs:   ResetSlave
    -------------------------------------------------------------------------
XDATA_I
  Relative segment, address: XDATA 000006BD - 000006CB (0xf bytes), align: 0
  Segment part 56.            Intra module refs:   ProgramCount
    -------------------------------------------------------------------------
XDATA_I
  Relative segment, address: XDATA 000006CC - 000006D5 (0xa bytes), align: 0
  Segment part 58.            Intra module refs:   ProgramCount
    -------------------------------------------------------------------------
XDATA_I
  Relative segment, address: XDATA 000006D6 - 000006E2 (0xd bytes), align: 0
  Segment part 60.            Intra module refs:   ProgramCount
                                                   ResetROM
    -------------------------------------------------------------------------
XDATA_I
  Relative segment, address: XDATA 000006E3 - 000006EF (0xd bytes), align: 0
  Segment part 62.            Intra module refs:   ResetROM

    *************************************************************************

  FILE NAME : C:\Users\L0614\Desktop\DSP\DSP_2530_Code\Master_A\ex_M230\debug\Obj\Program.r51
  PROGRAM MODULE, NAME : Program

  SEGMENTS IN THE MODULE
  ======================
XDATA_Z
  Relative segment, address: XDATA 0000032E - 00000335 (0x8 bytes), align: 0
  Segment part 7.             Intra module refs:   ?Subroutine13
                                                   ?Subroutine21
                                                   ?Subroutine27
                                                   LedProgram
                                                   READProgram
           ENTRY                   ADDRESS         REF BY
           =====                   =======         ======
           ProgramROM              0000032E 
    -------------------------------------------------------------------------
<BANKED_CODE> 1 (was BANKED_CODE)
  Relative segment, address: CODE 00000A7D - 00000A9B (0x1f bytes), align: 0
  Segment part 8.             Intra module refs:   LedProgram::?relay
           ENTRY                   ADDRESS         REF BY
           =====                   =======         ======
           LedProgram              00000A7D 
               calls direct
               XSTACK = 00000000 ( 0000000A )
    -------------------------------------------------------------------------
<BANKED_CODE> 1 (was BANKED_CODE)
  Relative segment, address: CODE 00000A9C - 00001570 (0xad5 bytes), align: 0
  Segment part 10.            Intra module refs:   READProgram::?relay
           ENTRY                   ADDRESS         REF BY
           =====                   =======         ======
           READProgram             00000A9C 
               ISTACK = 00000000 ( 00000002 )
    -------------------------------------------------------------------------
<BANKED_CODE> 1 (was BANKED_CODE)
  Relative segment, address: CODE 00001571 - 00001579 (0x9 bytes), align: 0
  Segment part 12.            Intra module refs:   READProgram
           LOCAL                   ADDRESS         
           =====                   =======         
           ?Subroutine35           00001571 
    -------------------------------------------------------------------------
<BANKED_CODE> 1 (was BANKED_CODE)
  Relative segment, address: CODE 0000157A - 00001582 (0x9 bytes), align: 0
  Segment part 13.            Intra module refs:   READProgram
           LOCAL                   ADDRESS         
           =====                   =======         
           ?Subroutine34           0000157A 
    -------------------------------------------------------------------------
<BANKED_CODE> 1 (was BANKED_CODE)
  Relative segment, address: CODE 00001583 - 00001589 (0x7 bytes), align: 0
  Segment part 14.            Intra module refs:   READProgram
           LOCAL                   ADDRESS         
           =====                   =======         
           ?Subroutine33           00001583 
    -------------------------------------------------------------------------
<BANKED_CODE> 1 (was BANKED_CODE)
  Relative segment, address: CODE 0000158A - 00001590 (0x7 bytes), align: 0
  Segment part 15.            Intra module refs:   READProgram
[...]

    -------------------------------------------------------------------------
  LIBRARY MODULE, NAME : ?BANKED_ENTER_XDATA

  SEGMENTS IN THE MODULE
  ======================
RCODE
  Relative segment, address: CODE 00000621 - 0000068C (0x6c bytes), align: 0
  Segment part 1.
           ENTRY                   ADDRESS         REF BY
           =====                   =======         ======
           ?BANKED_ENTER_XDATA     00000621        AutoReadEEPRom (Master_A)
                                                   Client_Program_Order (Master_A)
                                                   Client_Program_Time (Master_A)
                                                   CommandAction (Master_A)
                                                   CommandZone (Master_A)
                                                   LedProgram (Program)
                                                   M230_I2cRead (M230)
                                                   M230_I2cWrite (M230)
                                                   M230_ReadEEPROM (M230)
                                                   M230_WriteEEPROM (M230)
                                                   ProgramCount (Master_A)
                                                   ResetROM (Master_A)
                                                   ResetSlave (Master_A)
                                                   SendData (Master_A)
                                                   ShowZoneMode (Master_A)
                                                   WriteEEPROM (Master_A)
                                                   basicRfInit (basic_rf)
                                                   basicRfReceive (basic_rf)
                                                   basicRfSendPacket (basic_rf)
                                                   convInt32ToText (util)
                                                   halKeypadI2cRead (hal_keypad)
                                                   halKeypadI2cWrite (hal_keypad)
                                                   halKeypadPushed (hal_keypad)
                                                   halKeypadSensorData (hal_keypad)
                                                   halKeypadWriteRegister (hal_keypad)
                                                   halLcdClear (hal_lcd)
                                                   halLcdWriteChar (hal_lcd)
                                                   halLcdWriteIntToChar (Master_A)
                                                   halLcdWriteString (hal_lcd)
                                                   halMcuWaitMs (hal_mcu)
                                                   halRfWriteTxBuf (hal_rf)
                                                   halUartWrite (hal_uart)
                                                   lcdControl (hal_lcd)
                                                   lcdWrite (hal_lcd)
                                                   lcdWriteMany (hal_lcd)
                                                   memcpy (?memcpy)

    -------------------------------------------------------------------------
  LIBRARY MODULE, NAME : ?BANKED_LEAVE_XDATA

  SEGMENTS IN THE MODULE
  ======================
RCODE
  Relative segment, address: CODE 0000068D - 000006D2 (0x46 bytes), align: 0
  Segment part 1.
           ENTRY                   ADDRESS         REF BY
           =====                   =======         ======
           ?BANKED_LEAVE_XDATA     0000068D        ?Subroutine1 (Master_A)
                                                   ?Subroutine1 (hal_lcd)
                                                   ?Subroutine1 (hal_uart)
                                                   ?Subroutine2 (hal_keypad)
                                                   ?Subroutine2 (hal_rf)
                                                   ?Subroutine3 (Master_A)
                                                   ?Subroutine4 (Master_A)
                                                   LedProgram (Program)
                                                   Segment part 26 (M230)
                                                   Segment part 26 (hal_keypad)
                                                   Segment part 32 (hal_lcd)
                                                   Segment part 96 (Master_A)
                                                   basicRfInit (basic_rf)
                                                   basicRfReceive (basic_rf)
                                                   basicRfSendPacket (basic_rf)
                                                   convInt32ToText (util)
                                                   halMcuWaitMs (hal_mcu)
                                                   memcpy (?memcpy)

    -------------------------------------------------------------------------
  LIBRARY MODULE, NAME : ?INTERRUPT_ENTER_XSP

  SEGMENTS IN THE MODULE
  ======================
RCODE
  Relative segment, address: CODE 000006D3 - 00000731 (0x5f bytes), align: 0
  Segment part 1.
           ENTRY                   ADDRESS         REF BY
           =====                   =======         ======
           ?INTERRUPT_ENTER_XSP    000006D3        port0_ISR (hal_digio)
                                                   port1_ISR (hal_digio)
                                                   port2_ISR (hal_digio)
                                                   rfIsr (hal_rf)

    -------------------------------------------------------------------------
  LIBRARY MODULE, NAME : ?INTERRUPT_LEAVE_XSP

  SEGMENTS IN THE MODULE
  ======================
RCODE
  Relative segment, address: CODE 00000732 - 00000789 (0x58 bytes), align: 0
  Segment part 1.
           ENTRY                   ADDRESS         REF BY
           =====                   =======         ======
           ?INTERRUPT_LEAVE_XSP    00000732        ?Subroutine1 (hal_digio)
                                                   rfIsr (hal_rf)

    -------------------------------------------------------------------------
  LIBRARY MODULE, NAME : ?PUSH_XSTACK_I

  SEGMENTS IN THE MODULE
  ======================
RCODE
  Relative segment, address: CODE 0000078A - 0000078D (0x4 bytes), align: 0
  Segment part 2.
           ENTRY                   ADDRESS         REF BY
           =====                   =======         ======
           ?PUSH_XSTACK_I_TWO      0000078A        basicRfReceive (basic_rf)
    -------------------------------------------------------------------------
RCODE
  Relative segment, address: CODE 0000078E - 0000079A (0xd bytes), align: 0
  Segment part 4.             Intra module refs:   ?PUSH_XSTACK_I_TWO
           ENTRY                   ADDRESS         REF BY
           =====                   =======         ======
           ?PUSH_XSTACK_I          0000078E 

    -------------------------------------------------------------------------
  LIBRARY MODULE, NAME : ?UC_SWITCH_DENSE

  SEGMENTS IN THE MODULE
  ======================
RCODE
  Relative segment, address: CODE 0000079B - 000007A0 (0x6 bytes), align: 0
  Segment part 0.
           ENTRY                   ADDRESS         REF BY
           =====                   =======         ======
           ?UC_SWITCH_DENSE        0000079B        READProgram (Program)
    -------------------------------------------------------------------------
RCODE
  Relative segment, address: CODE 000007A1 - 000007CF (0x2f bytes), align: 0
  Segment part 2.             Intra module refs:   ?UC_SWITCH_DENSE
    -------------------------------------------------------------------------
RCODE
  Relative segment, address: CODE 000007D0 - 000007D0 (0x1 bytes), align: 0
  Segment part 4.             Intra module refs:   ?UC_SWITCH_DENSE

    -------------------------------------------------------------------------
  LIBRARY MODULE, NAME : ?US_SWITCH_SPARSE

  SEGMENTS IN THE MODULE
  ======================
RCODE
  Relative segment, address: CODE 000007D1 - 000007DA (0xa bytes), align: 0
  Segment part 0.
           ENTRY                   ADDRESS         REF BY
           =====                   =======         ======
           ?US_SWITCH_SPARSE       000007D1        halKeypadPushed (hal_keypad)
    -------------------------------------------------------------------------
RCODE
  Relative segment, address: CODE 000007DB - 0000081B (0x41 bytes), align: 0
  Segment part 2.             Intra module refs:   ?US_SWITCH_SPARSE
           ENTRY                   ADDRESS         REF BY
           =====                   =======         ======
           ?US_SWITCH_SPARSE_LEAVE
                                   0000080D        ?US_JMP_IF_IN_RANGE (?US_JMP_IF_IN_RANGE)
                                                   ?US_JMP_IF_VALUE (?US_JMP_IF_VALUE)
    -------------------------------------------------------------------------
RCODE
  Relative segment, address: CODE 0000081C - 0000081C (0x1 bytes), align: 0
  Segment part 4.             Intra module refs:   ?US_SWITCH_SPARSE

    -------------------------------------------------------------------------
  LIBRARY MODULE, NAME : ?US_JMP_IF_IN_RANGE

  SEGMENTS IN THE MODULE
  ======================
RCODE
  Relative segment, address: CODE 0000081D - 0000085B (0x3f bytes), align: 0
  Segment part 0.
           ENTRY                   ADDRESS         REF BY
           =====                   =======         ======
           ?US_JMP_IF_IN_RANGE     0000081D        ?US_SWITCH_SPARSE_LEAVE (?US_SWITCH_SPARSE)

    -------------------------------------------------------------------------
  LIBRARY MODULE, NAME : ?US_JMP_IF_VALUE

  SEGMENTS IN THE MODULE
  ======================
RCODE
  Relative segment, address: CODE 0000085C - 00000886 (0x2b bytes), align: 0
  Segment part 0.
           ENTRY                   ADDRESS         REF BY
           =====                   =======         ======
           ?US_JMP_IF_VALUE        0000085C        ?US_SWITCH_SPARSE_LEAVE (?US_SWITCH_SPARSE)

    -------------------------------------------------------------------------
  LIBRARY MODULE, NAME : ?memcpy

  SEGMENTS IN THE MODULE
  ======================
<BANKED_CODE> 1 (was BANKED_CODE)
  Relative segment, address: CODE 00002B3F - 00002B84 (0x46 bytes), align: 0
  Segment part 6.             Intra module refs:   memcpy::?relay
           ENTRY                   ADDRESS         REF BY
           =====                   =======         ======
           memcpy                  00002B3F 
               XSTACK = 00000002 ( 0000000A )
               ISTACK = 00000000 ( 00000001 )
    -------------------------------------------------------------------------
BANK_RELAYS
  Relative segment, address: CODE 0000046A - 0000046F (0x6 bytes), align: 0
  Segment part 7.
           ENTRY                   ADDRESS         REF BY
           =====                   =======         ======
           memcpy::?relay          0000046A        basicRfReceive (basic_rf)

    -------------------------------------------------------------------------
  LIBRARY MODULE, NAME : ?strlen

  SEGMENTS IN THE MODULE
  ======================
<BANKED_CODE> 1 (was BANKED_CODE)
  Relative segment, address: CODE 00002BB9 - 00002BD6 (0x1e bytes), align: 0
  Segment part 6.             Intra module refs:   strlen::?relay
           ENTRY                   ADDRESS         REF BY
           =====                   =======         ======
           strlen                  00002BB9 
               ISTACK = 00000000 ( 00000002 )
    -------------------------------------------------------------------------
BANK_RELAYS
  Relative segment, address: CODE 00000470 - 00000475 (0x6 bytes), align: 0
  Segment part 7.
           ENTRY                   ADDRESS         REF BY
           =====                   =======         ======
           strlen::?relay          00000470        halLcdWriteString (hal_lcd)

    -------------------------------------------------------------------------
  LIBRARY MODULE, NAME : ?low_level_init

  SEGMENTS IN THE MODULE
  ======================
CSTART
  Relative segment, address: CODE 00000113 - 00000115 (0x3 bytes), align: 0
  Segment part 6. ROOT.
           ENTRY                   ADDRESS         REF BY
           =====                   =======         ======
           __low_level_init        00000113        __low_level_init_call (?cmain)




                ****************************************
                *                                      *
                *            MODULE SUMMARY            *
                *                                      *
                ****************************************

Module                     CODE      DATA      XDATA  IDATA    BIT
------                     ----      ----      -----  -----    ---
                          (Rel)  (Rel)  (Abs)  (Rel)  (Rel)  (Rel)
?ADD_XSTACK_DISP8            27
?ALLOC_XSTACK8               22
?BANKED_CODE_SUPPORT         30
?BANKED_ENTER_XDATA         108
?BANKED_LEAVE_XDATA          70
?CALL_IND                     2
?DEALLOC_XSTACK8             26
?INTERRUPT_ENTER_XSP         95
?INTERRUPT_LEAVE_XSP         88
?L_DIV_MOD                   87
?L_MOV_TO_X                  15
?L_MOV_X                     15
?L_NEG                       17
?L_NEG_R1                    17
?MOVE_LONG8_XDATA_IDATA      13
?PUSH_XSTACK_I               17
?SL_GT_X                     21
?S_SHL                       19
?UC_SWITCH_DENSE             54
?UL_DIV_MOD                 112
?US_JMP_IF_IN_RANGE          63
?US_JMP_IF_VALUE             43
?US_SWITCH_SPARSE            76
?XLOAD_R2345                 12
?XSTACK_DISP8                10
?XSTORE_R2345                12
?cexit                        5
?cmain                       88
?low_level_init               3
?memcpy                      76
?strlen                      36
CSTARTUP                     18
  + common                    3
M230                        367             1
  + shared                                  4
Master_A                  2 715                  939
Program                   3 142                    8
VIRTUAL_REGISTERS                    2                           8
basic_rf                    835                  264
  + shared                                         4
hal_adc                                     4
  + shared                                  1
hal_board                    90                    1
  + shared                                  6
hal_buzzer                   27
hal_clock                    58             4
hal_digio                   285             9     42
  + shared                  126             3
  + common
hal_int                      22
hal_keypad                  668                    1
hal_lcd                     369
hal_led                      11
hal_mcu                     117             1
hal_rf                      414             5      2
  + common                  134
hal_rf_security                             3
hal_uart                    402             7    262
  + common                   62
util                        294                   16
N/A (command line)                  16           256     64
N/A (alignment)
----------               ------     --     --  -----     --      -
Total:                   11 113     18     48  1 795     64      8
  + common                  134


                ****************************************
                *                                      *
                *      SEGMENTS IN ADDRESS ORDER       *
                *                                      *
                ****************************************


SEGMENT              SPACE    START ADDRESS   END ADDRESS     SIZE  TYPE  ALIGN
=======              =====    =============   ===========     ====  ====  =====
INTVEC               CODE          00000000 - 00000085          86   com    0
CSTART               CODE          00000086 - 00000115          90   rel    0
BDATA_ID             CODE               00000116                     dse    0
BIT_ID               CODE               00000116                     dse    0
DATA_ID              CODE               00000116                     dse    0
IDATA_ID             CODE               00000116                     dse    0
IXDATA_ID            CODE               00000116                     dse    0
PDATA_ID             CODE               00000116                     dse    0
XDATA_ID             CODE          00000116 - 000002A7         192   rel    0
BANK_RELAYS          CODE          000002A8 - 00000475         1CE   rel    0
RCODE                CODE          00000476 - 00000886         411   rel    0
CODE_C               CODE               00000887                     dse    0
DIFUNCT              CODE               00000887                     dse    0
CODE_N               CODE               00000887                     dse    0
NEAR_CODE            CODE          00000887 - 00000A7C         1F6   rel    0
<BANKED_CODE> 1      CODE          00000A7D - 00002BEE        2172   rel    0
REGISTERS            DATA          00000000 - 00000007           8   rel    0
VREG                 DATA          00000008 - 0000000F           8   rel    0
PSP                  DATA               00000010                     dse    0
XSP                  DATA          00000010 - 00000011           2   rel    0
BREG                 BIT        00000020.0  -  00000020.7        8   rel    0
SFR_AN               DATA          00000080 - 00000080           1   rel    0
                     DATA          00000086 - 00000086           1 
                     DATA          00000088 - 0000008D           6 
                     DATA          0000008F - 00000091           3 
                     DATA          00000095 - 00000095           1 
                     DATA          0000009A - 0000009B           2 
                     DATA          0000009D - 0000009E           2 
                     DATA          000000A0 - 000000A0           1 
                     DATA          000000A8 - 000000A8           1 
                     DATA          000000AB - 000000AC           2 
                     DATA          000000B1 - 000000B3           3 
                     DATA          000000B6 - 000000B6           1 
                     DATA          000000B8 - 000000B8           1 
                     DATA          000000BA - 000000BB           2 
                     DATA          000000BE - 000000BE           1 
                     DATA          000000C0 - 000000C2           3 
                     DATA          000000C4 - 000000C6           3 
                     DATA          000000C9 - 000000C9           1 
                     DATA          000000D9 - 000000D9           1 
                     DATA          000000E1 - 000000E1           1 
                     DATA          000000E8 - 000000E9           2 
                     DATA          000000F1 - 000000F5           5 
                     DATA          000000F7 - 000000F7           1 
                     DATA          000000FD - 000000FF           3 
XSTACK               XDATA         00000001 - 00000100         100   rel    0
XDATA_Z              XDATA         00000101 - 00000571         471   rel    0
XDATA_I              XDATA         00000572 - 00000703         192   rel    0
ISTACK               IDATA         000000C0 - 000000FF          40   rel    0

                ****************************************
                *                                      *
                *        END OF CROSS REFERENCE        *
                *                                      *
                ****************************************

 11 247 bytes of CODE  memory
     18 bytes of DATA  memory (+ 48 absolute )
  1 795 bytes of XDATA memory
     64 bytes of IDATA memory
      8 bits  of BIT   memory

Errors: none
Warnings: none

