################################################################################
#                                                                              #
#      IAR Universal Linker V5.0.2.5/W32                                       #
#                                                                              #
#           Link time     =  05/Mar/2018  21:15:00                             #
#           Target CPU    =  x51                                               #
#           List file     =  C:\Users\´^§Ó»¨\Desktop\DSP_Wireless_¶i¶¥´Ú\DSP_2 #
#                            530_Code\Master_A\ex_M230\debug\List\M230.map     #
#           Output file 1 =  C:\Users\´^§Ó»¨\Desktop\DSP_Wireless_¶i¶¥´Ú\DSP_2 #
#                            530_Code\Master_A\ex_M230\debug\Exe\M230.hex      #
#                            Format: intel-extended                            #
#           Output file 2 =  C:\Users\´^§Ó»¨\Desktop\DSP_Wireless_¶i¶¥´Ú\DSP_2 #
#                            530_Code\Master_A\ex_M230\debug\Exe\M230.d51      #
#                            Format: debug                                     #
#                            UBROF version 10.0.3                              #
#                            Using library modules for C-SPY (-rt)             #
#           Command line  =  "-IC:\Program Files (x86)\IAR Systems\Embedded Wo #
#                            rkbench 6.0 Evaluation\8051\CONFIG\"              #
#                            -D_NR_OF_BANKS=0x07 -D_CODEBANK_END=0xFFFF        #
#                            -D_CODEBANK_START=0x8000 -D?CBANK_MASK=0x07       #
#                            -D?CBANK=0x9F                                     #
#                            C:\Users\´^§Ó»¨\Desktop\DSP_Wireless_¶i¶¥´Ú\DSP_2 #
#                            530_Code\Master_A\ex_M230\debug\Obj\M230.r51      #
#                            C:\Users\´^§Ó»¨\Desktop\DSP_Wireless_¶i¶¥´Ú\DSP_2 #
#                            530_Code\Master_A\ex_M230\debug\Obj\Master_A.r51  #
#                            C:\Users\´^§Ó»¨\Desktop\DSP_Wireless_¶i¶¥´Ú\DSP_2 #
#                            530_Code\Master_A\ex_M230\debug\Obj\Program.r51   #
#                            C:\Users\´^§Ó»¨\Desktop\DSP_Wireless_¶i¶¥´Ú\DSP_2 #
#                            530_Code\Master_A\ex_M230\debug\Obj\basic_rf.r51  #
#                            C:\Users\´^§Ó»¨\Desktop\DSP_Wireless_¶i¶¥´Ú\DSP_2 #
#                            530_Code\Master_A\ex_M230\debug\Obj\basic_rf_secu #
#                            rity.r51                                          #
#                            C:\Users\´^§Ó»¨\Desktop\DSP_Wireless_¶i¶¥´Ú\DSP_2 #
#                            530_Code\Master_A\ex_M230\debug\Obj\hal_adc.r51   #
#                            C:\Users\´^§Ó»¨\Desktop\DSP_Wireless_¶i¶¥´Ú\DSP_2 #
#                            530_Code\Master_A\ex_M230\debug\Obj\hal_board.r51 #
#                            C:\Users\´^§Ó»¨\Desktop\DSP_Wireless_¶i¶¥´Ú\DSP_2 #
#                            530_Code\Master_A\ex_M230\debug\Obj\hal_button.r5 #
#                            1                                                 #
#                            C:\Users\´^§Ó»¨\Desktop\DSP_Wireless_¶i¶¥´Ú\DSP_2 #
#                            530_Code\Master_A\ex_M230\debug\Obj\hal_buzzer.r5 #
#                            1                                                 #
#                            C:\Users\´^§Ó»¨\Desktop\DSP_Wireless_¶i¶¥´Ú\DSP_2 #
#                            530_Code\Master_A\ex_M230\debug\Obj\hal_clock.r51 #
#                            C:\Users\´^§Ó»¨\Desktop\DSP_Wireless_¶i¶¥´Ú\DSP_2 #
#                            530_Code\Master_A\ex_M230\debug\Obj\hal_digio.r51 #
#                            C:\Users\´^§Ó»¨\Desktop\DSP_Wireless_¶i¶¥´Ú\DSP_2 #
#                            530_Code\Master_A\ex_M230\debug\Obj\hal_drink.r51 #
#                            C:\Users\´^§Ó»¨\Desktop\DSP_Wireless_¶i¶¥´Ú\DSP_2 #
#                            530_Code\Master_A\ex_M230\debug\Obj\hal_int.r51   #
#                            C:\Users\´^§Ó»¨\Desktop\DSP_Wireless_¶i¶¥´Ú\DSP_2 #
#                            530_Code\Master_A\ex_M230\debug\Obj\hal_keypad.r5 #
#                            1                                                 #
#                            C:\Users\´^§Ó»¨\Desktop\DSP_Wireless_¶i¶¥´Ú\DSP_2 #
#                            530_Code\Master_A\ex_M230\debug\Obj\hal_lcd.r51   #
#                            C:\Users\´^§Ó»¨\Desktop\DSP_Wireless_¶i¶¥´Ú\DSP_2 #
#                            530_Code\Master_A\ex_M230\debug\Obj\hal_led.r51   #
#                            C:\Users\´^§Ó»¨\Desktop\DSP_Wireless_¶i¶¥´Ú\DSP_2 #
#                            530_Code\Master_A\ex_M230\debug\Obj\hal_ledmatrix #
#                            .r51                                              #
#                            C:\Users\´^§Ó»¨\Desktop\DSP_Wireless_¶i¶¥´Ú\DSP_2 #
#                            530_Code\Master_A\ex_M230\debug\Obj\hal_mcu.r51   #
#                            C:\Users\´^§Ó»¨\Desktop\DSP_Wireless_¶i¶¥´Ú\DSP_2 #
#                            530_Code\Master_A\ex_M230\debug\Obj\hal_rf.r51    #
#                            C:\Users\´^§Ó»¨\Desktop\DSP_Wireless_¶i¶¥´Ú\DSP_2 #
#                            530_Code\Master_A\ex_M230\debug\Obj\hal_rf_securi #
#                            ty.r51                                            #
#                            C:\Users\´^§Ó»¨\Desktop\DSP_Wireless_¶i¶¥´Ú\DSP_2 #
#                            530_Code\Master_A\ex_M230\debug\Obj\hal_rf_util.r #
#                            51                                                #
#                            C:\Users\´^§Ó»¨\Desktop\DSP_Wireless_¶i¶¥´Ú\DSP_2 #
#                            530_Code\Master_A\ex_M230\debug\Obj\hal_uart.r51  #
#                            C:\Users\´^§Ó»¨\Desktop\DSP_Wireless_¶i¶¥´Ú\DSP_2 #
#                            530_Code\Master_A\ex_M230\debug\Obj\util.r51      #
#                            C:\Users\´^§Ó»¨\Desktop\DSP_Wireless_¶i¶¥´Ú\DSP_2 #
#                            530_Code\Master_A\ex_M230\debug\Obj\util_buffer.r #
#                            51                                                #
#                            C:\Users\´^§Ó»¨\Desktop\DSP_Wireless_¶i¶¥´Ú\DSP_2 #
#                            530_Code\Master_A\ex_M230\debug\Obj\util_lcd.r51  #
#                            -o                                                #
#                            C:\Users\´^§Ó»¨\Desktop\DSP_Wireless_¶i¶¥´Ú\DSP_2 #
#                            530_Code\Master_A\ex_M230\debug\Exe\M230.d51      #
#                            -l                                                #
#                            C:\Users\´^§Ó»¨\Desktop\DSP_Wireless_¶i¶¥´Ú\DSP_2 #
#                            530_Code\Master_A\ex_M230\debug\List\M230.map     #
#                            -xmsn                                             #
#                            "-IC:\Program Files (x86)\IAR Systems\Embedded Wo #
#                            rkbench 6.0 Evaluation\8051\CONFIG\"              #
#                            -f                                                #
#                            "C:\Program Files (x86)\IAR Systems\Embedded Work #
#                            bench 6.0 Evaluation\8051\config\devices\Texas In #
#                            struments\lnk51ew_cc2530F256_banked.xcl"          #
#                            (-D_IDATA0_START=0x00 -D_IDATA0_END=0xFF          #
#                            -D_PDATA0_START=0x1E00 -D_PDATA0_END=0x1EFF       #
#                            -D_IXDATA0_START=0x0001 -D_IXDATA0_END=0x1EFF     #
#                            -D_XDATA0_START=_IXDATA0_START                    #
#                            -D_XDATA0_END=_IXDATA0_END                        #
#                            -D_NEAR_CODE_START=0x0000                         #
#                            -D_FIRST_BANK_ADDR=0x10000 -D?REGISTER_BANK=0x0   #
#                            -D_REGISTER_BANK_START=0x0 -D_BREG_START=0x00     #
#                            -D?VB=0x20 -D?ESP=0x9B -Z(BIT)BREG=_BREG_START    #
#                            -Z(BIT)BIT_N=0-7F                                 #
#                            -Z(DATA)REGISTERS+8=_REGISTER_BANK_START          #
#                            -Z(DATA)BDATA_Z,BDATA_N,BDATA_I=20-2F             #
#                            -Z(DATA)VREG+_NR_OF_VIRTUAL_REGISTERS=08-7F       #
#                            -Z(DATA)PSP,XSP=08-7F -Z(DATA)DOVERLAY=08-7F      #
#                            -Z(DATA)DATA_I,DATA_Z,DATA_N=08-7F                #
#                            -U(IDATA)0-7F=(DATA)0-7F                          #
#                            -Z(IDATA)IDATA_I,IDATA_Z,IDATA_N=08-_IDATA0_END   #
#                            -Z(IDATA)ISTACK+_IDATA_STACK_SIZE#08-_IDATA0_END  #
#                            -Z(IDATA)IOVERLAY=08-FF -Z(CODE)INTVEC=0          #
#                            -Z(CODE)CSTART=_NEAR_CODE_START-(_CODEBANK_START- #
#                            1)                                                #
#                            -Z(CODE)BIT_ID,BDATA_ID,DATA_ID,IDATA_ID,IXDATA_I #
#                            D,PDATA_ID,XDATA_ID=_NEAR_CODE_START-(_CODEBANK_S #
#                            TART-1)                                           #
#                            -Z(CODE)BANK_RELAYS,RCODE,DIFUNCT,CODE_C,CODE_N,N #
#                            EAR_CODE=_NEAR_CODE_START-(_CODEBANK_START-1)     #
#                            -P(CODE)BANKED_CODE=_NEAR_CODE_START-(_CODEBANK_S #
#                            TART-1),[(_CODEBANK_START+_FIRST_BANK_ADDR)-(_COD #
#                            EBANK_END+_FIRST_BANK_ADDR)]*_NR_OF_BANKS+10000   #
#                            -Z(CODE)CHECKSUM#(_CODEBANK_START-1)              #
#                            -Z(XDATA)PDATA_Z,PDATA_I=_PDATA0_START-_PDATA0_EN #
#                            D                                                 #
#                            -P(XDATA)PDATA_N=_PDATA0_START-_PDATA0_END        #
#                            -Z(XDATA)PSTACK+_PDATA_STACK_SIZE=_PDATA0_START-_ #
#                            PDATA0_END                                        #
#                            -Z(XDATA)EXT_STACK+_EXTENDED_STACK_SIZE=_EXTENDED #
#                            _STACK_START                                      #
#                            -Z(XDATA)XSTACK+_XDATA_STACK_SIZE=_XDATA0_START-_ #
#                            XDATA0_END                                        #
#                            -Z(XDATA)IXDATA_Z,IXDATA_I=_IXDATA0_START-_IXDATA #
#                            0_END                                             #
#                            -P(XDATA)IXDATA_N=_IXDATA0_START-_IXDATA0_END     #
#                            -Z(XDATA)XDATA_Z,XDATA_I=_XDATA0_START-_XDATA0_EN #
#                            D                                                 #
#                            -P(XDATA)XDATA_N=_XDATA0_START-_XDATA0_END        #
#                            -Z(XDATA)XDATA_HEAP+_XDATA_HEAP_SIZE=_XDATA0_STAR #
#                            T-_XDATA0_END                                     #
#                            -Z(CONST)XDATA_ROM_C=_XDATA0_START-_XDATA0_END    #
#                            -cx51                                             #
#                            -M(CODE)[(_CODEBANK_START+_FIRST_BANK_ADDR)-(_COD #
#                            EBANK_END+_FIRST_BANK_ADDR)]*_NR_OF_BANKS+0x10000 #
#                            =0x8000                                           #
#                            -ww69=i -D_BANK0_START=0x00000                    #
#                            -D_BANK0_END=0x07FFF -D_BANK1_START=0x18000       #
#                            -D_BANK1_END=0x1FFFF -D_BANK2_START=0x28000       #
#                            -D_BANK2_END=0x2FFFF -D_BANK3_START=0x38000       #
#                            -D_BANK3_END=0x3FFFF -D_BANK4_START=0x48000       #
#                            -D_BANK4_END=0x4FFFF -D_BANK5_START=0x58000       #
#                            -D_BANK5_END=0x5FFFF -D_BANK6_START=0x68000       #
#                            -D_BANK6_END=0x6FFFF -D_BANK7_START=0x78000       #
#                            -D_BANK7_END=0x7FFFF                              #
#                            -P(CODE)BANK0=_BANK0_START-_BANK0_END             #
#                            -P(CODE)BANK1=_BANK1_START-_BANK1_END             #
#                            -P(CODE)BANK2=_BANK2_START-_BANK2_END             #
#                            -P(CODE)BANK3=_BANK3_START-_BANK3_END             #
#                            -P(CODE)BANK4=_BANK4_START-_BANK4_END             #
#                            -P(CODE)BANK5=_BANK5_START-_BANK5_END             #
#                            -P(CODE)BANK6=_BANK6_START-_BANK6_END             #
#                            -P(CODE)BANK7=_BANK7_START-_BANK7_END             #
#                            -D_FLASH_LOCK_BITS_START=0x7FFF0                  #
#                            -D_FLASH_LOCK_BITS_END=0x7FFFF                    #
#                            -Z(CODE)FLASH_LOCK_BITS=_FLASH_LOCK_BITS_START-_F #
#                            LASH_LOCK_BITS_END                                #
#                            -U(CODE)0x0000=(CODE)_FLASH_LOCK_BITS_START-_FLAS #
#                            H_LOCK_BITS_END)                                  #
#                            -e?BCALL_07=?BCALL -e?BRET_07=?BRET               #
#                            -e?BDISPATCH_07=?BDISPATCH                        #
#                            -D_NR_OF_VIRTUAL_REGISTERS=8 -D?PBANK=0xA0        #
#                            -e_medium_write=_formatted_write                  #
#                            -e_medium_read=_formatted_read -rt                #
#                            -Ointel-extended=C:\Users\´^§Ó»¨\Desktop\DSP_Wire #
#                            less_¶i¶¥´Ú\DSP_2530_Code\Master_A\ex_M230\debug\ #
#                            Exe\M230.hex                                      #
#                            -s __program_start                                #
#                            "C:\Program Files (x86)\IAR Systems\Embedded Work #
#                            bench 6.0 Evaluation\8051\LIB\CLIB\cl-pli-blxd-1e #
#                            16x01.r51"                                        #
#                            -D_IDATA_STACK_SIZE=0x40                          #
#                            -D_EXTENDED_STACK_START=0x00                      #
#                            -D_EXTENDED_STACK_SIZE=0x00                       #
#                            -D_PDATA_STACK_SIZE=0x80                          #
#                            -D_XDATA_STACK_SIZE=0x100                         #
#                            -D_XDATA_HEAP_SIZE=0xFF -D_FAR_HEAP_SIZE=0xFFF    #
#                            -D_HUGE_HEAP_SIZE=0xFFF                           #
#                            -D_FAR22_HEAP_SIZE=0xFFF                          #
#                                                                              #
#                           Copyright (C) 1987-2010 IAR Systems AB.            #
################################################################################





                ****************************************
                *                                      *
                *           CROSS REFERENCE            *
                *                                      *
                ****************************************

       Program entry at : CODE      000000E3  Relocatable, from module : CSTARTUP




                ****************************************
                *                                      *
                *            RUNTIME MODEL             *
                *                                      *
                ****************************************

  __SystemLibrary          = CLib
  __calling_convention     = xdata_reentrant
  __code_model             = banked
  __core                   = plain
  __data_model             = large
  __dptr_size              = 16
  __extended_stack         = disabled
  __location_for_constants = data
  __number_of_dptrs        = 1
  __rt_version             = 1



                ****************************************
                *                                      *
                *              MODULE MAP              *
                *                                      *
                ****************************************


  DEFINED ABSOLUTE ENTRIES
    *************************************************************************

  DEFINED ABSOLUTE ENTRIES
  PROGRAM MODULE, NAME : ?ABS_ENTRY_MOD

Absolute parts
           ENTRY                   ADDRESS         REF BY
           =====                   =======         ======
           _FAR22_HEAP_SIZE        00000FFF 
           _HUGE_HEAP_SIZE         00000FFF 
           _FAR_HEAP_SIZE          00000FFF 
           _XDATA_HEAP_SIZE        000000FF 
           _XDATA_STACK_SIZE       00000100 
           _PDATA_STACK_SIZE       00000080 
           _EXTENDED_STACK_SIZE    00000000 
           _EXTENDED_STACK_START   00000000 
           _IDATA_STACK_SIZE       00000040 
           ?PBANK                  000000A0 
           _NR_OF_VIRTUAL_REGISTERS
                                   00000008 
           _FLASH_LOCK_BITS_END    0003FFFF 
           _FLASH_LOCK_BITS_START
                                   0003FFF0 
           _BANK7_END              0003FFFF 
           _BANK7_START            00038000 
           _BANK6_END              00037FFF 
           _BANK6_START            00030000 
           _BANK5_END              0002FFFF 
           _BANK5_START            00028000 
           _BANK4_END              00027FFF 
           _BANK4_START            00020000 
           _BANK3_END              0001FFFF 
           _BANK3_START            00018000 
           _BANK2_END              00017FFF 
           _BANK2_START            00010000 
           _BANK1_END              0000FFFF 
           _BANK1_START            00008000 
           _BANK0_END              00007FFF 
           _BANK0_START            00000000 
           ?ESP                    0000009B 
           ?VB                     00000020        ?BANKED_ENTER_XDATA (?BANKED_ENTER_XDATA)
                                                   ?BANKED_LEAVE_XDATA (?BANKED_LEAVE_XDATA)
                                                   ?INTERRUPT_ENTER_XSP (?INTERRUPT_ENTER_XSP)
                                                   ?INTERRUPT_LEAVE_XSP (?INTERRUPT_LEAVE_XSP)
           _BREG_START             00000000 
           _REGISTER_BANK_START    00000000 
           ?REGISTER_BANK          00000000        Segment part 6 (CSTARTUP)
           _FIRST_BANK_ADDR        00010000 
           _NEAR_CODE_START        00000000 
           _XDATA0_END             00001EFF 
           _XDATA0_START           00000001 
           _IXDATA0_END            00001EFF 
           _IXDATA0_START          00000001 
           _PDATA0_END             00001EFF 
           _PDATA0_START           00001E00 
           _IDATA0_END             000000FF 
           _IDATA0_START           00000000 
           ?CBANK                  0000009F        ?RESET_CODE_BANK (CSTARTUP)
                                                   Segment part 3 (?BANKED_CODE_SUPPORT)
           ?CBANK_MASK             00000007 
           _CODEBANK_START         00008000 
           _CODEBANK_END           0000FFFF 
           _NR_OF_BANKS            00000007 
    *************************************************************************

  FILE NAME : C:\Users\´^§Ó»¨\Desktop\DSP_Wireless_¶i¶¥´Ú\DSP_2530_Code\Master_A\ex_M230\debug\Obj\M230.r51
  PROGRAM MODULE, NAME : M230

  SEGMENTS IN THE MODULE
  ======================
SFR_AN
  Relative segment, address: DATA 00000080 - 00000080 (0x1 bytes), align: 0
  Segment part 1. ROOT.       Intra module refs:   M230_I2cAck
                                                   M230_I2cNack
                                                   M230_I2cRead
                                                   M230_I2cStart
                                                   M230_I2cStop
                                                   M230_I2cWrite
                                                   M230_Init
                                                   halBoardInit (hal_board)
                                                   lcdControl (hal_lcd)
                                                   lcdWrite (hal_lcd)
           ENTRY                   ADDRESS         REF BY
           =====                   =======         ======
           _A_P0                   00000080 
           LOCAL                   ADDRESS         
           =====                   =======         
           P0                      00000080 
    -------------------------------------------------------------------------
SFR_AN
  Relative segment, address: DATA 0000008F - 0000008F (0x1 bytes), align: 0
  Segment part 2. ROOT.       Intra module refs:   M230_I2cRead
           ENTRY                   ADDRESS         REF BY
           =====                   =======         ======
           P0INP                   0000008F 
    -------------------------------------------------------------------------
SFR_AN
  Relative segment, address: DATA 000000F3 - 000000F3 (0x1 bytes), align: 0
  Segment part 3. ROOT.       Intra module refs:   M230_I2cRead
                                                   M230_Init
                                                   halBoardInit (hal_board)
                                                   halUartInit (hal_uart)
           ENTRY                   ADDRESS         REF BY
           =====                   =======         ======
           P0SEL                   000000F3 
    -------------------------------------------------------------------------
SFR_AN
  Relative segment, address: DATA 000000F7 - 000000F7 (0x1 bytes), align: 0
  Segment part 4. ROOT.       Intra module refs:   M230_I2cRead
                                                   halBoardInit (hal_board)
                                                   halKeypadI2cRead (hal_keypad)
           ENTRY                   ADDRESS         REF BY
           =====                   =======         ======
           P2INP                   000000F7 
    -------------------------------------------------------------------------
SFR_AN
  Relative segment, address: DATA 000000FD - 000000FD (0x1 bytes), align: 0
  Segment part 5. ROOT.       Intra module refs:   M230_I2cRead
                                                   M230_Init
                                                   halBoardInit (hal_board)
                                                   halLcdInit (hal_lcd)
                                                   lcdControl (hal_lcd)
                                                   lcdWrite (hal_lcd)
           ENTRY                   ADDRESS         REF BY
           =====                   =======         ======
           P0DIR                   000000FD 
    -------------------------------------------------------------------------
<BANKED_CODE> 1 (was BANKED_CODE)
  Relative segment, address: CODE 00002467 - 00002479 (0x13 bytes), align: 0
  Segment part 11.            Intra module refs:   M230_I2cStart::?relay
           ENTRY                   ADDRESS         REF BY
           =====                   =======         ======
           M230_I2cStart           00002467 
               calls direct
               XSTACK = 00000009 ( 00000000 )
               ISTACK = 00000000 ( 00000002 )
    -------------------------------------------------------------------------
<BANKED_CODE> 1 (was BANKED_CODE)
  Relative segment, address: CODE 0000247A - 0000247B (0x2 bytes), align: 0
  Segment part 13.            Intra module refs:   M230_I2cAck
                                                   M230_I2cNack
           LOCAL                   ADDRESS         
           =====                   =======         
           ?Subroutine0            0000247A 
    -------------------------------------------------------------------------
<BANKED_CODE> 1 (was BANKED_CODE)
  Relative segment, address: CODE 0000247C - 00002484 (0x9 bytes), align: 0
  Segment part 14.            Intra module refs:   ?Subroutine0
                                                   M230_I2cStart
    -------------------------------------------------------------------------
<BANKED_CODE> 1 (was BANKED_CODE)
  Relative segment, address: CODE 00002485 - 0000248B (0x7 bytes), align: 0
  Segment part 15.            Intra module refs:   M230_I2cStop
                                                   Segment part 14
    -------------------------------------------------------------------------
<BANKED_CODE> 1 (was BANKED_CODE)
  Relative segment, address: CODE 0000248C - 00002492 (0x7 bytes), align: 0
  Segment part 16.            Intra module refs:   M230_Init
                                                   Segment part 15
    -------------------------------------------------------------------------
<BANKED_CODE> 1 (was BANKED_CODE)
  Relative segment, address: CODE 00002493 - 000024AC (0x1a bytes), align: 0
  Segment part 17.            Intra module refs:   M230_I2cStop::?relay
           ENTRY                   ADDRESS         REF BY
           =====                   =======         ======
           M230_I2cStop            00002493 
               calls direct
               XSTACK = 00000009 ( 00000000 )
               ISTACK = 00000000 ( 00000002 )
    -------------------------------------------------------------------------
<BANKED_CODE> 1 (was BANKED_CODE)
  Relative segment, address: CODE 000024AD - 000024B4 (0x8 bytes), align: 0
  Segment part 19.            Intra module refs:   M230_I2cAck::?relay
           ENTRY                   ADDRESS         REF BY
           =====                   =======         ======
           M230_I2cAck             000024AD 
               calls direct
               XSTACK = 00000009 ( 00000000 )
               ISTACK = 00000000 ( 00000002 )
    -------------------------------------------------------------------------
<BANKED_CODE> 1 (was BANKED_CODE)
  Relative segment, address: CODE 000024B5 - 000024BC (0x8 bytes), align: 0
  Segment part 21.            Intra module refs:   M230_I2cNack::?relay
           ENTRY                   ADDRESS         REF BY
           =====                   =======         ======
           M230_I2cNack            000024B5 
               calls direct
               XSTACK = 00000009 ( 00000000 )
               ISTACK = 00000000 ( 00000002 )
    -------------------------------------------------------------------------
<BANKED_CODE> 1 (was BANKED_CODE)
  Relative segment, address: CODE 000024BD - 000024DE (0x22 bytes), align: 0
  Segment part 23.            Intra module refs:   M230_I2cWrite::?relay
           ENTRY                   ADDRESS         REF BY
           =====                   =======         ======
           M230_I2cWrite           000024BD 
               calls direct
               XSTACK = 00000009 ( 00000009 )
    -------------------------------------------------------------------------
<BANKED_CODE> 1 (was BANKED_CODE)
  Relative segment, address: CODE 000024DF - 000024E0 (0x2 bytes), align: 0
  Segment part 25.            Intra module refs:   M230_I2cRead
                                                   M230_ReadEEPROM
           LOCAL                   ADDRESS         
           =====                   =======         
           ?Subroutine1            000024DF 
    -------------------------------------------------------------------------
<BANKED_CODE> 1 (was BANKED_CODE)
  Relative segment, address: CODE 000024E1 - 000024E5 (0x5 bytes), align: 0
  Segment part 26.            Intra module refs:   ?Subroutine1
                                                   M230_I2cWrite
                                                   M230_WriteEEPROM
    -------------------------------------------------------------------------
<BANKED_CODE> 1 (was BANKED_CODE)
  Relative segment, address: CODE 000024E6 - 0000251C (0x37 bytes), align: 0
  Segment part 27.            Intra module refs:   M230_I2cRead::?relay
           ENTRY                   ADDRESS         REF BY
           =====                   =======         ======
           M230_I2cRead            000024E6 
               calls direct
               XSTACK = 00000009 ( 00000009 )
    -------------------------------------------------------------------------
<BANKED_CODE> 1 (was BANKED_CODE)
  Relative segment, address: CODE 0000251D - 0000252D (0x11 bytes), align: 0
  Segment part 29.            Intra module refs:   M230_I2cRead
                                                   M230_I2cWrite
           LOCAL                   ADDRESS         
           =====                   =======         
           ?Subroutine3            0000251D 
    -------------------------------------------------------------------------
<BANKED_CODE> 1 (was BANKED_CODE)
  Relative segment, address: CODE 0000252E - 00002544 (0x17 bytes), align: 0
  Segment part 30.            Intra module refs:   M230_Init::?relay
           ENTRY                   ADDRESS         REF BY
           =====                   =======         ======
           M230_Init               0000252E 
               calls direct
               ISTACK = 00000000 ( 00000002 )
    -------------------------------------------------------------------------
<BANKED_CODE> 1 (was BANKED_CODE)
  Relative segment, address: CODE 00002545 - 0000254D (0x9 bytes), align: 0
  Segment part 32.            Intra module refs:   M230_I2cRead
                                                   M230_Init
           LOCAL                   ADDRESS         
           =====                   =======         
           ?Subroutine4            00002545 
    -------------------------------------------------------------------------
<BANKED_CODE> 1 (was BANKED_CODE)
  Relative segment, address: CODE 0000254E - 0000256A (0x1d bytes), align: 0
  Segment part 33.            Intra module refs:   M230_WriteEEPROM::?relay
           ENTRY                   ADDRESS         REF BY
           =====                   =======         ======
           M230_WriteEEPROM        0000254E 
               calls direct
               XSTACK = 00000000 ( 00000009 )
    -------------------------------------------------------------------------
<BANKED_CODE> 1 (was BANKED_CODE)
  Relative segment, address: CODE 0000256B - 0000258A (0x20 bytes), align: 0
  Segment part 35.            Intra module refs:   M230_ReadEEPROM::?relay
           ENTRY                   ADDRESS         REF BY
           =====                   =======         ======
           M230_ReadEEPROM         0000256B 
               calls direct
               XSTACK = 00000000 ( 00000009 )
    -------------------------------------------------------------------------
<BANKED_CODE> 1 (was BANKED_CODE)
  Relative segment, address: CODE 0000258B - 00002597 (0xd bytes), align: 0
  Segment part 37.            Intra module refs:   M230_ReadEEPROM
                                                   M230_WriteEEPROM
           LOCAL                   ADDRESS         
           =====                   =======         
           ?Subroutine2            0000258B 
    -------------------------------------------------------------------------
<BANKED_CODE> 1 (was BANKED_CODE)
  Relative segment, address: CODE 00002598 - 00002598 (0x1 bytes), align: 0
  Segment part 38.            Intra module refs:   ?Subroutine2
                                                   M230_WriteEEPROM
           LOCAL                   ADDRESS         
           =====                   =======         
           ?Subroutine5            00002598 
    -------------------------------------------------------------------------
<BANKED_CODE> 1 (was BANKED_CODE)
  Relative segment, address: CODE 00002599 - 0000259F (0x7 bytes), align: 0
  Segment part 39.            Intra module refs:   ?Subroutine2
                                                   ?Subroutine5
                                                   M230_ReadEEPROM
    -------------------------------------------------------------------------
BANK_RELAYS
  Relative segment, address: CODE 0000029A - 0000029F (0x6 bytes), align: 0
  Segment part 12.            Intra module refs:   ?Subroutine2
                                                   M230_ReadEEPROM
           ENTRY                   ADDRESS         REF BY
           =====                   =======         ======
           M230_I2cStart::?relay   0000029A 
    -------------------------------------------------------------------------
BANK_RELAYS
  Relative segment, address: CODE 000002A0 - 000002A5 (0x6 bytes), align: 0
  Segment part 18.            Intra module refs:   M230_ReadEEPROM
                                                   M230_WriteEEPROM
           ENTRY                   ADDRESS         REF BY
           =====                   =======         ======
           M230_I2cStop::?relay    000002A0 
    -------------------------------------------------------------------------
BANK_RELAYS
  Relative segment, address: CODE 000002A6 - 000002AB (0x6 bytes), align: 0
  Segment part 20.            Intra module refs:   Segment part 39
           ENTRY                   ADDRESS         REF BY
           =====                   =======         ======
           M230_I2cAck::?relay     000002A6 
    -------------------------------------------------------------------------
BANK_RELAYS
  Relative segment, address: CODE 000002AC - 000002B1 (0x6 bytes), align: 0
  Segment part 22.            Intra module refs:   M230_ReadEEPROM
           ENTRY                   ADDRESS         REF BY
           =====                   =======         ======
           M230_I2cNack::?relay    000002AC 
    -------------------------------------------------------------------------
BANK_RELAYS
  Relative segment, address: CODE 000002B2 - 000002B7 (0x6 bytes), align: 0
  Segment part 24.            Intra module refs:   Segment part 39
           ENTRY                   ADDRESS         REF BY
           =====                   =======         ======
           M230_I2cWrite::?relay   000002B2 
    -------------------------------------------------------------------------
BANK_RELAYS
  Relative segment, address: CODE 000002B8 - 000002BD (0x6 bytes), align: 0
  Segment part 28.            Intra module refs:   M230_ReadEEPROM
           ENTRY                   ADDRESS         REF BY
           =====                   =======         ======
           M230_I2cRead::?relay    000002B8 
    -------------------------------------------------------------------------
BANK_RELAYS
  Relative segment, address: CODE 000002BE - 000002C3 (0x6 bytes), align: 0
  Segment part 31.
           ENTRY                   ADDRESS         REF BY
           =====                   =======         ======
           M230_Init::?relay       000002BE        MasterInit (Master_A)
    -------------------------------------------------------------------------
BANK_RELAYS
  Relative segment, address: CODE 000002C4 - 000002C9 (0x6 bytes), align: 0
  Segment part 34.
           ENTRY                   ADDRESS         REF BY
           =====                   =======         ======
           M230_WriteEEPROM::?relay
                                   000002C4        WriteEEPROM (Master_A)
    -------------------------------------------------------------------------
BANK_RELAYS
  Relative segment, address: CODE 000002CA - 000002CF (0x6 bytes), align: 0
  Segment part 36.            Intra module refs:   M230_Init
           ENTRY                   ADDRESS         REF BY
           =====                   =======         ======
           M230_ReadEEPROM::?relay
                                   000002CA        ?Subroutine14 (Master_A)
                                                   ?Subroutine9 (Master_A)

    *************************************************************************

  FILE NAME : C:\Users\´^§Ó»¨\Desktop\DSP_Wireless_¶i¶¥´Ú\DSP_2530_Code\Master_A\ex_M230\debug\Obj\Master_A.r51
  PROGRAM MODULE, NAME : Master_A

  SEGMENTS IN THE MODULE
  ======================
XDATA_Z
  Relative segment, address: XDATA 00000101 - 000001FF (0xff bytes), align: 0
  Segment part 52.            Intra module refs:   ?Subroutine9
                                                   Client_Program_Order
                                                   Client_Program_Time
                                                   ResetSlave
                                                   SendData
                                                   WriteEEPROM
           LOCAL                   ADDRESS         
           =====                   =======         
           pTxData                 00000101 
    -------------------------------------------------------------------------
XDATA_Z
  Relative segment, address: XDATA 00000200 - 000002FE (0xff bytes), align: 0
  Segment part 53.            Intra module refs:   ShowZoneMode
           LOCAL                   ADDRESS         
           =====                   =======         
           pRxData                 00000200 
    -------------------------------------------------------------------------
XDATA_Z
  Relative segment, address: XDATA 000002FF - 00000304 (0x6 bytes), align: 0
  Segment part 54.            Intra module refs:   MasterInit
           LOCAL                   ADDRESS         
           =====                   =======         
           basicRfConfig           000002FF 
    -------------------------------------------------------------------------
XDATA_Z
  Relative segment, address: XDATA 00000305 - 00000305 (0x1 bytes), align: 0
  Segment part 55.            Intra module refs:   ?Subroutine13
                                                   Client_Program_Order
           ENTRY                   ADDRESS         REF BY
           =====                   =======         ======
           key                     00000305 
    -------------------------------------------------------------------------
XDATA_Z
  Relative segment, address: XDATA 00000306 - 00000306 (0x1 bytes), align: 0
  Segment part 56.            Intra module refs:   ?Subroutine4
                                                   ?Subroutine5
                                                   Client_Program_Order
                                                   Client_Program_Time
           ENTRY                   ADDRESS         REF BY
           =====                   =======         ======
           KeyCount                00000306 
    -------------------------------------------------------------------------
XDATA_Z
  Relative segment, address: XDATA 00000307 - 00000316 (0x10 bytes), align: 0
  Segment part 57.            Intra module refs:   Client_Program_Order
           ENTRY                   ADDRESS         REF BY
           =====                   =======         ======
           ProgramA                00000307 
    -------------------------------------------------------------------------
XDATA_Z
  Relative segment, address: XDATA 00000317 - 00000319 (0x3 bytes), align: 0
  Segment part 58.            Intra module refs:   ?Subroutine12
                                                   ShowZoneMode
           ENTRY                   ADDRESS         REF BY
           =====                   =======         ======
           RxData                  00000317 
    -------------------------------------------------------------------------
XDATA_Z
  Relative segment, address: XDATA 0000031A - 0000032D (0x14 bytes), align: 0
  Segment part 59.            Intra module refs:   ?Subroutine11
                                                   ShowZoneMode
           ENTRY                   ADDRESS         REF BY
           =====                   =======         ======
           uart_buf                0000031A 
    -------------------------------------------------------------------------
<BANKED_CODE> 1 (was BANKED_CODE)
  Relative segment, address: CODE 00001697 - 000016B6 (0x20 bytes), align: 0
  Segment part 60.
           ENTRY                   ADDRESS         REF BY
           =====                   =======         ======
           main                    00001697        ?call_main (?cmain)
               calls direct
    -------------------------------------------------------------------------
<BANKED_CODE> 1 (was BANKED_CODE)
  Relative segment, address: CODE 000016B7 - 000016E7 (0x31 bytes), align: 0
  Segment part 62.            Intra module refs:   MasterInit::?relay
           ENTRY                   ADDRESS         REF BY
           =====                   =======         ======
           MasterInit              000016B7 
               calls direct
               ISTACK = 00000000 ( 00000002 )
    -------------------------------------------------------------------------
<BANKED_CODE> 1 (was BANKED_CODE)
  Relative segment, address: CODE 000016E8 - 000016EE (0x7 bytes), align: 0
  Segment part 64.            Intra module refs:   MasterInit
                                                   ReadKeyInt
           LOCAL                   ADDRESS         
           =====                   =======         
           ?Subroutine0            000016E8 
    -------------------------------------------------------------------------
<BANKED_CODE> 1 (was BANKED_CODE)
  Relative segment, address: CODE 000016EF - 00001826 (0x138 bytes), align: 0
  Segment part 65.            Intra module refs:   Client_Program_Order::?relay
           ENTRY                   ADDRESS         REF BY
           =====                   =======         ======
           Client_Program_Order    000016EF 
               calls direct
               XSTACK = 00000009 ( 0000000C )
               ISTACK = 00000000 ( 00000001 )
    -------------------------------------------------------------------------
<BANKED_CODE> 1 (was BANKED_CODE)
  Relative segment, address: CODE 00001827 - 0000182B (0x5 bytes), align: 0
  Segment part 67.            Intra module refs:   Client_Program_Order
                                                   ShowZoneMode
           LOCAL                   ADDRESS         
           =====                   =======         
           ?Subroutine1            00001827 
    -------------------------------------------------------------------------
<BANKED_CODE> 1 (was BANKED_CODE)
  Relative segment, address: CODE 0000182C - 0000183B (0x10 bytes), align: 0
  Segment part 68.            Intra module refs:   Client_Program_Order
           LOCAL                   ADDRESS         
           =====                   =======         
           ?Subroutine5            0000182C 
    -------------------------------------------------------------------------
<BANKED_CODE> 1 (was BANKED_CODE)
  Relative segment, address: CODE 0000183C - 00001871 (0x36 bytes), align: 0
  Segment part 69.            Intra module refs:   halLcdWriteIntToChar::?relay
           ENTRY                   ADDRESS         REF BY
           =====                   =======         ======
           halLcdWriteIntToChar    0000183C 
               calls direct
               XSTACK = 0000000C ( 0000000C )
    -------------------------------------------------------------------------
<BANKED_CODE> 1 (was BANKED_CODE)
  Relative segment, address: CODE 00001872 - 0000190A (0x99 bytes), align: 0
  Segment part 71.            Intra module refs:   Client_Program_Time::?relay
           ENTRY                   ADDRESS         REF BY
           =====                   =======         ======
           Client_Program_Time     00001872 
               calls direct
               XSTACK = 00000009 ( 0000000B )
               ISTACK = 00000000 ( 00000002 )
    -------------------------------------------------------------------------
<BANKED_CODE> 1 (was BANKED_CODE)
  Relative segment, address: CODE 0000190B - 00001910 (0x6 bytes), align: 0
  Segment part 73.            Intra module refs:   Client_Program_Order
                                                   Client_Program_Time
           LOCAL                   ADDRESS         
           =====                   =======         
           ?Subroutine6            0000190B 
    -------------------------------------------------------------------------
<BANKED_CODE> 1 (was BANKED_CODE)
  Relative segment, address: CODE 00001911 - 00001929 (0x19 bytes), align: 0
  Segment part 74.            Intra module refs:   Client_Program_Order
                                                   Client_Program_Time
           LOCAL                   ADDRESS         
           =====                   =======         
           ?Subroutine4            00001911 
    -------------------------------------------------------------------------
<BANKED_CODE> 1 (was BANKED_CODE)
  Relative segment, address: CODE 0000192A - 0000198E (0x65 bytes), align: 0
  Segment part 75.            Intra module refs:   ReadKeyInt::?relay
           ENTRY                   ADDRESS         REF BY
           =====                   =======         ======
           ReadKeyInt              0000192A 
               calls direct
               XSTACK = 0000000C ( 00000000 )
               ISTACK = 00000000 ( 00000002 )
    -------------------------------------------------------------------------
<BANKED_CODE> 1 (was BANKED_CODE)
  Relative segment, address: CODE 0000198F - 00001992 (0x4 bytes), align: 0
  Segment part 77.            Intra module refs:   Client_Program_Order
                                                   ReadKeyInt
                                                   ShowZoneMode
                                                   main
           LOCAL                   ADDRESS         
           =====                   =======         
           ?Subroutine7            0000198F 
    -------------------------------------------------------------------------
<BANKED_CODE> 1 (was BANKED_CODE)
  Relative segment, address: CODE 00001993 - 0000199B (0x9 bytes), align: 0
  Segment part 78.            Intra module refs:   ?Subroutine6
                                                   ?Subroutine7
           LOCAL                   ADDRESS         
           =====                   =======         
           ?Subroutine13           00001993 
    -------------------------------------------------------------------------
<BANKED_CODE> 1 (was BANKED_CODE)
  Relative segment, address: CODE 0000199C - 000019FB (0x60 bytes), align: 0
  Segment part 79.            Intra module refs:   CommandZone::?relay
           ENTRY                   ADDRESS         REF BY
           =====                   =======         ======
           CommandZone             0000199C 
               calls direct
               XSTACK = 00000000 ( 00000009 )
    -------------------------------------------------------------------------
<BANKED_CODE> 1 (was BANKED_CODE)
  Relative segment, address: CODE 000019FC - 00001A12 (0x17 bytes), align: 0
  Segment part 81.            Intra module refs:   CommandZone
                                                   MasterInit
           LOCAL                   ADDRESS         
           =====                   =======         
           ?Subroutine8            000019FC 
    -------------------------------------------------------------------------
<BANKED_CODE> 1 (was BANKED_CODE)
  Relative segment, address: CODE 00001A13 - 00001A86 (0x74 bytes), align: 0
  Segment part 82.            Intra module refs:   CommandAction::?relay
           ENTRY                   ADDRESS         REF BY
           =====                   =======         ======
           CommandAction           00001A13 
               calls direct
               XSTACK = 00000009 ( 00000009 )
    -------------------------------------------------------------------------
<BANKED_CODE> 1 (was BANKED_CODE)
  Relative segment, address: CODE 00001A87 - 00001A8B (0x5 bytes), align: 0
  Segment part 84.            Intra module refs:   Client_Program_Time
                                                   CommandAction
                                                   CommandZone
                                                   ResetSlave
           LOCAL                   ADDRESS         
           =====                   =======         
           ?Subroutine2            00001A87 
    -------------------------------------------------------------------------
<BANKED_CODE> 1 (was BANKED_CODE)
  Relative segment, address: CODE 00001A8C - 00001C50 (0x1c5 bytes), align: 0
  Segment part 85.            Intra module refs:   ShowZoneMode::?relay
           ENTRY                   ADDRESS         REF BY
           =====                   =======         ======
           ShowZoneMode            00001A8C 
               calls direct
               XSTACK = 00000009 ( 0000000A )
               ISTACK = 00000000 ( 00000001 )
    -------------------------------------------------------------------------
<BANKED_CODE> 1 (was BANKED_CODE)
  Relative segment, address: CODE 00001C51 - 00001C58 (0x8 bytes), align: 0
  Segment part 87.            Intra module refs:   ShowZoneMode
           LOCAL                   ADDRESS         
           =====                   =======         
           ?Subroutine12           00001C51 
    -------------------------------------------------------------------------
<BANKED_CODE> 1 (was BANKED_CODE)
  Relative segment, address: CODE 00001C59 - 00001C5E (0x6 bytes), align: 0
  Segment part 88.            Intra module refs:   ?Subroutine12
                                                   WriteEEPROM
    -------------------------------------------------------------------------
<BANKED_CODE> 1 (was BANKED_CODE)
  Relative segment, address: CODE 00001C5F - 00001C72 (0x14 bytes), align: 0
  Segment part 89.            Intra module refs:   ShowZoneMode
           LOCAL                   ADDRESS         
           =====                   =======         
           ?Subroutine11           00001C5F 
    -------------------------------------------------------------------------
<BANKED_CODE> 1 (was BANKED_CODE)
  Relative segment, address: CODE 00001C73 - 00001C77 (0x5 bytes), align: 0
  Segment part 90.            Intra module refs:   ?Subroutine11
                                                   SendData
                                                   ShowZoneMode
           LOCAL                   ADDRESS         
           =====                   =======         
           ?Subroutine14           00001C73 
    -------------------------------------------------------------------------
<BANKED_CODE> 1 (was BANKED_CODE)
  Relative segment, address: CODE 00001C78 - 00001C80 (0x9 bytes), align: 0
  Segment part 91.            Intra module refs:   ShowZoneMode
           LOCAL                   ADDRESS         
           =====                   =======         
           ?Subroutine10           00001C78 
    -------------------------------------------------------------------------
<BANKED_CODE> 1 (was BANKED_CODE)
  Relative segment, address: CODE 00001C81 - 00001CE1 (0x61 bytes), align: 0
  Segment part 92.            Intra module refs:   WriteEEPROM::?relay
           ENTRY                   ADDRESS         REF BY
           =====                   =======         ======
           WriteEEPROM             00001C81 
               calls direct
               XSTACK = 00000009 ( 0000000B )
    -------------------------------------------------------------------------
<BANKED_CODE> 1 (was BANKED_CODE)
  Relative segment, address: CODE 00001CE2 - 00001CE6 (0x5 bytes), align: 0
  Segment part 94.            Intra module refs:   SendData
                                                   WriteEEPROM
           LOCAL                   ADDRESS         
           =====                   =======         
           ?Subroutine3            00001CE2 
    -------------------------------------------------------------------------
<BANKED_CODE> 1 (was BANKED_CODE)
  Relative segment, address: CODE 00001CE7 - 00001D3B (0x55 bytes), align: 0
  Segment part 97.            Intra module refs:   SendData::?relay
           ENTRY                   ADDRESS         REF BY
           =====                   =======         ======
           SendData                00001CE7 
               calls direct
               XSTACK = 00000009 ( 0000000B )
               ISTACK = 00000000 ( 00000001 )
    -------------------------------------------------------------------------
<BANKED_CODE> 1 (was BANKED_CODE)
  Relative segment, address: CODE 00001D3C - 00001D57 (0x1c bytes), align: 0
  Segment part 99.            Intra module refs:   SendData
           LOCAL                   ADDRESS         
           =====                   =======         
           ?Subroutine9            00001D3C 
    -------------------------------------------------------------------------
<BANKED_CODE> 1 (was BANKED_CODE)
  Relative segment, address: CODE 00001D58 - 00001DAA (0x53 bytes), align: 0
  Segment part 100.           Intra module refs:   ResetSlave::?relay
           ENTRY                   ADDRESS         REF BY
           =====                   =======         ======
           ResetSlave              00001D58 
               calls direct
               XSTACK = 00000009 ( 00000009 )
    -------------------------------------------------------------------------
XDATA_ID
  Relative segment, address: CODE 00000142 - 00000152 (0x11 bytes), align: 0
  Segment part 7.             Intra module refs:   Segment part 6
    -------------------------------------------------------------------------
XDATA_ID
  Relative segment, address: CODE 00000153 - 0000015F (0xd bytes), align: 0
  Segment part 9.             Intra module refs:   Segment part 8
    -------------------------------------------------------------------------
XDATA_ID
  Relative segment, address: CODE 00000160 - 0000016F (0x10 bytes), align: 0
  Segment part 11.            Intra module refs:   Segment part 10
    -------------------------------------------------------------------------
XDATA_ID
  Relative segment, address: CODE 00000170 - 00000172 (0x3 bytes), align: 0
  Segment part 13.            Intra module refs:   Segment part 12
    -------------------------------------------------------------------------
XDATA_ID
  Relative segment, address: CODE 00000173 - 0000017F (0xd bytes), align: 0
  Segment part 15.            Intra module refs:   Segment part 14
    -------------------------------------------------------------------------
XDATA_ID
  Relative segment, address: CODE 00000180 - 0000018F (0x10 bytes), align: 0
  Segment part 17.            Intra module refs:   Segment part 16
    -------------------------------------------------------------------------
XDATA_ID
  Relative segment, address: CODE 00000190 - 000001A0 (0x11 bytes), align: 0
  Segment part 19.            Intra module refs:   Segment part 18
    -------------------------------------------------------------------------
XDATA_ID
  Relative segment, address: CODE 000001A1 - 000001B1 (0x11 bytes), align: 0
  Segment part 21.            Intra module refs:   Segment part 20
    -------------------------------------------------------------------------
XDATA_ID
  Relative segment, address: CODE 000001B2 - 000001C2 (0x11 bytes), align: 0
  Segment part 23.            Intra module refs:   Segment part 22
    -------------------------------------------------------------------------
XDATA_ID
  Relative segment, address: CODE 000001C3 - 000001D3 (0x11 bytes), align: 0
  Segment part 25.            Intra module refs:   Segment part 24
    -------------------------------------------------------------------------
XDATA_ID
  Relative segment, address: CODE 000001D4 - 000001E4 (0x11 bytes), align: 0
  Segment part 27.            Intra module refs:   Segment part 26
    -------------------------------------------------------------------------
XDATA_ID
  Relative segment, address: CODE 000001E5 - 000001F7 (0x13 bytes), align: 0
  Segment part 29.            Intra module refs:   Segment part 28
    -------------------------------------------------------------------------
XDATA_ID
  Relative segment, address: CODE 000001F8 - 0000020A (0x13 bytes), align: 0
  Segment part 31.            Intra module refs:   Segment part 30
    -------------------------------------------------------------------------
XDATA_ID
  Relative segment, address: CODE 0000020B - 0000021D (0x13 bytes), align: 0
  Segment part 33.            Intra module refs:   Segment part 32
    -------------------------------------------------------------------------
XDATA_ID
  Relative segment, address: CODE 0000021E - 0000022B (0xe bytes), align: 0
  Segment part 35.            Intra module refs:   Segment part 34
    -------------------------------------------------------------------------
XDATA_ID
  Relative segment, address: CODE 0000022C - 0000023C (0x11 bytes), align: 0
  Segment part 37.            Intra module refs:   Segment part 36
    -------------------------------------------------------------------------
XDATA_ID
  Relative segment, address: CODE 0000023D - 0000023F (0x3 bytes), align: 0
  Segment part 39.            Intra module refs:   Segment part 38
    -------------------------------------------------------------------------
XDATA_ID
  Relative segment, address: CODE 00000240 - 00000241 (0x2 bytes), align: 0
  Segment part 41.            Intra module refs:   Segment part 40
    -------------------------------------------------------------------------
XDATA_ID
  Relative segment, address: CODE 00000242 - 00000250 (0xf bytes), align: 0
  Segment part 43.            Intra module refs:   Segment part 42
    -------------------------------------------------------------------------
XDATA_ID
  Relative segment, address: CODE 00000251 - 0000025E (0xe bytes), align: 0
  Segment part 45.            Intra module refs:   Segment part 44
    -------------------------------------------------------------------------
XDATA_ID
  Relative segment, address: CODE 0000025F - 0000026F (0x11 bytes), align: 0
  Segment part 47.            Intra module refs:   Segment part 46
    -------------------------------------------------------------------------
XDATA_ID
  Relative segment, address: CODE 00000270 - 00000279 (0xa bytes), align: 0
  Segment part 49.            Intra module refs:   Segment part 48
    -------------------------------------------------------------------------
XDATA_ID
  Relative segment, address: CODE 0000027A - 00000285 (0xc bytes), align: 0
  Segment part 51.            Intra module refs:   Segment part 50
    -------------------------------------------------------------------------
BANK_RELAYS
  Relative segment, address: CODE 000002D0 - 000002D5 (0x6 bytes), align: 0
  Segment part 63.            Intra module refs:   main
           ENTRY                   ADDRESS         REF BY
           =====                   =======         ======
           MasterInit::?relay      000002D0 
    -------------------------------------------------------------------------
BANK_RELAYS
  Relative segment, address: CODE 000002D6 - 000002DB (0x6 bytes), align: 0
  Segment part 66.            Intra module refs:   CommandAction
           ENTRY                   ADDRESS         REF BY
           =====                   =======         ======
           Client_Program_Order::?relay
                                   000002D6 
    -------------------------------------------------------------------------
BANK_RELAYS
  Relative segment, address: CODE 000002DC - 000002E1 (0x6 bytes), align: 0
  Segment part 70.            Intra module refs:   ?Subroutine10
                                                   ?Subroutine11
                                                   Client_Program_Order
                                                   Client_Program_Time
                                                   ShowZoneMode
           ENTRY                   ADDRESS         REF BY
           =====                   =======         ======
           halLcdWriteIntToChar::?relay
                                   000002DC 
    -------------------------------------------------------------------------
BANK_RELAYS
  Relative segment, address: CODE 000002E2 - 000002E7 (0x6 bytes), align: 0
  Segment part 72.            Intra module refs:   CommandAction
           ENTRY                   ADDRESS         REF BY
           =====                   =======         ======
           Client_Program_Time::?relay
                                   000002E2 
    -------------------------------------------------------------------------
BANK_RELAYS
  Relative segment, address: CODE 000002E8 - 000002ED (0x6 bytes), align: 0
  Segment part 76.            Intra module refs:   Client_Program_Order
                                                   Client_Program_Time
                                                   CommandAction
           ENTRY                   ADDRESS         REF BY
           =====                   =======         ======
           ReadKeyInt::?relay      000002E8 
    -------------------------------------------------------------------------
BANK_RELAYS
  Relative segment, address: CODE 000002EE - 000002F3 (0x6 bytes), align: 0
  Segment part 80.            Intra module refs:   main
           ENTRY                   ADDRESS         REF BY
           =====                   =======         ======
           CommandZone::?relay     000002EE 
    -------------------------------------------------------------------------
BANK_RELAYS
  Relative segment, address: CODE 000002F4 - 000002F9 (0x6 bytes), align: 0
  Segment part 83.            Intra module refs:   CommandZone
           ENTRY                   ADDRESS         REF BY
           =====                   =======         ======
           CommandAction::?relay   000002F4 
    -------------------------------------------------------------------------
BANK_RELAYS
  Relative segment, address: CODE 000002FA - 000002FF (0x6 bytes), align: 0
  Segment part 86.            Intra module refs:   CommandAction
           ENTRY                   ADDRESS         REF BY
           =====                   =======         ======
           ShowZoneMode::?relay    000002FA 
    -------------------------------------------------------------------------
BANK_RELAYS
  Relative segment, address: CODE 00000300 - 00000305 (0x6 bytes), align: 0
  Segment part 93.            Intra module refs:   CommandAction
           ENTRY                   ADDRESS         REF BY
           =====                   =======         ======
           WriteEEPROM::?relay     00000300 
    -------------------------------------------------------------------------
BANK_RELAYS
  Relative segment, address: CODE 00000306 - 0000030B (0x6 bytes), align: 0
  Segment part 98.            Intra module refs:   CommandAction
           ENTRY                   ADDRESS         REF BY
           =====                   =======         ======
           SendData::?relay        00000306 
    -------------------------------------------------------------------------
BANK_RELAYS
  Relative segment, address: CODE 0000030C - 00000311 (0x6 bytes), align: 0
  Segment part 101.           Intra module refs:   CommandAction
           ENTRY                   ADDRESS         REF BY
           =====                   =======         ======
           ResetSlave::?relay      0000030C 
    -------------------------------------------------------------------------
XDATA_I
  Relative segment, address: XDATA 00000572 - 00000582 (0x11 bytes), align: 0
  Segment part 6.             Intra module refs:   ?Subroutine8
                                                   ShowZoneMode
    -------------------------------------------------------------------------
XDATA_I
  Relative segment, address: XDATA 00000583 - 0000058F (0xd bytes), align: 0
  Segment part 8.             Intra module refs:   ?Subroutine8
    -------------------------------------------------------------------------
XDATA_I
  Relative segment, address: XDATA 00000590 - 0000059F (0x10 bytes), align: 0
  Segment part 10.            Intra module refs:   Client_Program_Order
    -------------------------------------------------------------------------
XDATA_I
  Relative segment, address: XDATA 000005A0 - 000005A2 (0x3 bytes), align: 0
  Segment part 12.            Intra module refs:   Client_Program_Order
    -------------------------------------------------------------------------
XDATA_I
  Relative segment, address: XDATA 000005A3 - 000005AF (0xd bytes), align: 0
  Segment part 14.            Intra module refs:   Client_Program_Order
    -------------------------------------------------------------------------
XDATA_I
  Relative segment, address: XDATA 000005B0 - 000005BF (0x10 bytes), align: 0
  Segment part 16.            Intra module refs:   ?Subroutine5
    -------------------------------------------------------------------------
XDATA_I
  Relative segment, address: XDATA 000005C0 - 000005D0 (0x11 bytes), align: 0
  Segment part 18.            Intra module refs:   Client_Program_Time
    -------------------------------------------------------------------------
XDATA_I
  Relative segment, address: XDATA 000005D1 - 000005E1 (0x11 bytes), align: 0
  Segment part 20.            Intra module refs:   CommandZone
    -------------------------------------------------------------------------
XDATA_I
  Relative segment, address: XDATA 000005E2 - 000005F2 (0x11 bytes), align: 0
  Segment part 22.            Intra module refs:   CommandZone
    -------------------------------------------------------------------------
XDATA_I
  Relative segment, address: XDATA 000005F3 - 00000603 (0x11 bytes), align: 0
  Segment part 24.            Intra module refs:   CommandZone
    -------------------------------------------------------------------------
XDATA_I
  Relative segment, address: XDATA 00000604 - 00000614 (0x11 bytes), align: 0
  Segment part 26.            Intra module refs:   CommandZone
    -------------------------------------------------------------------------
XDATA_I
  Relative segment, address: XDATA 00000615 - 00000627 (0x13 bytes), align: 0
  Segment part 28.            Intra module refs:   CommandAction
    -------------------------------------------------------------------------
XDATA_I
  Relative segment, address: XDATA 00000628 - 0000063A (0x13 bytes), align: 0
  Segment part 30.            Intra module refs:   CommandAction
    -------------------------------------------------------------------------
XDATA_I
  Relative segment, address: XDATA 0000063B - 0000064D (0x13 bytes), align: 0
  Segment part 32.            Intra module refs:   CommandAction
    -------------------------------------------------------------------------
XDATA_I
  Relative segment, address: XDATA 0000064E - 0000065B (0xe bytes), align: 0
  Segment part 34.            Intra module refs:   ShowZoneMode
    -------------------------------------------------------------------------
XDATA_I
  Relative segment, address: XDATA 0000065C - 0000066C (0x11 bytes), align: 0
  Segment part 36.            Intra module refs:   ShowZoneMode
    -------------------------------------------------------------------------
XDATA_I
  Relative segment, address: XDATA 0000066D - 0000066F (0x3 bytes), align: 0
  Segment part 38.            Intra module refs:   ShowZoneMode
    -------------------------------------------------------------------------
XDATA_I
  Relative segment, address: XDATA 00000670 - 00000671 (0x2 bytes), align: 0
  Segment part 40.            Intra module refs:   ShowZoneMode
    -------------------------------------------------------------------------
XDATA_I
  Relative segment, address: XDATA 00000672 - 00000680 (0xf bytes), align: 0
  Segment part 42.            Intra module refs:   ShowZoneMode
    -------------------------------------------------------------------------
XDATA_I
  Relative segment, address: XDATA 00000681 - 0000068E (0xe bytes), align: 0
  Segment part 44.            Intra module refs:   ShowZoneMode
    -------------------------------------------------------------------------
XDATA_I
  Relative segment, address: XDATA 0000068F - 0000069F (0x11 bytes), align: 0
  Segment part 46.            Intra module refs:   ShowZoneMode
    -------------------------------------------------------------------------
XDATA_I
  Relative segment, address: XDATA 000006A0 - 000006A9 (0xa bytes), align: 0
  Segment part 48.            Intra module refs:   ShowZoneMode
    -------------------------------------------------------------------------
XDATA_I
  Relative segment, address: XDATA 000006AA - 000006B5 (0xc bytes), align: 0
  Segment part 50.            Intra module refs:   ResetSlave

    *************************************************************************

  FILE NAME : C:\Users\´^§Ó»¨\Desktop\DSP_Wireless_¶i¶¥´Ú\DSP_2530_Code\Master_A\ex_M230\debug\Obj\Program.r51
  PROGRAM MODULE, NAME : Program

  SEGMENTS IN THE MODULE
  ======================
XDATA_Z
  Relative segment, address: XDATA 0000032E - 00000335 (0x8 bytes), align: 0
  Segment part 7.             Intra module refs:   ?Subroutine13
                                                   ?Subroutine21
                                                   ?Subroutine27
                                                   LedProgram
                                                   READProgram
           ENTRY                   ADDRESS         REF BY
           =====                   =======         ======
           ProgramROM              0000032E 
    -------------------------------------------------------------------------
<BANKED_CODE> 1 (was BANKED_CODE)
  Relative segment, address: CODE 00000A5D - 00000A7B (0x1f bytes), align: 0
  Segment part 8.             Intra module refs:   LedProgram::?relay
           ENTRY                   ADDRESS         REF BY
           =====                   =======         ======
           LedProgram              00000A5D 
               calls direct
               XSTACK = 00000000 ( 0000000A )
    -------------------------------------------------------------------------
<BANKED_CODE> 1 (was BANKED_CODE)
  Relative segment, address: CODE 00000A7C - 00001550 (0xad5 bytes), align: 0
  Segment part 10.            Intra module refs:   READProgram::?relay
           ENTRY                   ADDRESS         REF BY
           =====                   =======         ======
           READProgram             00000A7C 
               ISTACK = 00000000 ( 00000002 )
    -------------------------------------------------------------------------
<BANKED_CODE> 1 (was BANKED_CODE)
  Relative segment, address: CODE 00001551 - 00001559 (0x9 bytes), align: 0
  Segment part 12.            Intra module refs:   READProgram
           LOCAL                   ADDRESS         
           =====                   =======         
           ?Subroutine35           00001551 
    -------------------------------------------------------------------------
<BANKED_CODE> 1 (was BANKED_CODE)
  Relative segment, address: CODE 0000155A - 00001562 (0x9 bytes), align: 0
  Segment part 13.            Intra module refs:   READProgram
           LOCAL                   ADDRESS         
           =====                   =======         
           ?Subroutine34           0000155A 
    -------------------------------------------------------------------------
<BANKED_CODE> 1 (was BANKED_CODE)
  Relative segment, address: CODE 00001563 - 00001569 (0x7 bytes), align: 0
  Segment part 14.            Intra module refs:   READProgram
           LOCAL                   ADDRESS         
           =====                   =======         
           ?Subroutine33           00001563 
    -------------------------------------------------------------------------
<BANKED_CODE> 1 (was BANKED_CODE)
  Relative segment, address: CODE 0000156A - 00001570 (0x7 bytes), align: 0
  Segment part 15.            Intra module refs:   READProgram
           LOCAL                   ADDRESS         
           =====                   =======         
           ?Subroutine32           0000156A 
    -------------------------------------------------------------------------
<BANKED_CODE> 1 (was BANKED_CODE)
  Relative segment, address: CODE 00001571 - 00001577 (0x7 bytes), align: 0
  Segment part 16.            Intra module refs:   READProgram
           LOCAL                   ADDRESS         
           =====                   =======         
           ?Subroutine31           00001571 
    -------------------------------------------------------------------------
<BANKED_CODE> 1 (was BANKED_CODE)
  Relative segment, address: CODE 00001578 - 0000157E (0x7 bytes), align: 0
  Segment part 17.            Intra module refs:   READProgram
           LOCAL                   ADDRESS         
           =====                   =======         
           ?Subroutine30           00001578 
    -------------------------------------------------------------------------
<BANKED_CODE> 1 (was BANKED_CODE)
  Relative segment, address: CODE 0000157F - 00001585 (0x7 bytes), align: 0
  Segment part 18.            Intra module refs:   READProgram
           LOCAL                   ADDRESS         
           =====                   =======         
           ?Subroutine29           0000157F 
    -------------------------------------------------------------------------
<BANKED_CODE> 1 (was BANKED_CODE)
  Relative segment, address: CODE 00001586 - 00001590 (0xb bytes), align: 0
  Segment part 19.            Intra module refs:   READProgram
           LOCAL                   ADDRESS         
           =====                   =======         
           ?Subroutine28           00001586 
    -------------------------------------------------------------------------
<BANKED_CODE> 1 (was BANKED_CODE)
  Relative segment, address: CODE 00001591 - 00001595 (0x5 bytes), align: 0
  Segment part 20.            Intra module refs:   READProgram
           LOCAL                   ADDRESS         
           =====                   =======         
           ?Subroutine27           00001591 
    -------------------------------------------------------------------------
<BANKED_CODE> 1 (was BANKED_CODE)
  Relative segment, address: CODE 00001596 - 00001599 (0x4 bytes), align: 0
  Segment part 21.            Intra module refs:   ?Subroutine27
                                                   READProgram
    -------------------------------------------------------------------------
<BANKED_CODE> 1 (was BANKED_CODE)
  Relative segment, address: CODE 0000159A - 0000159F (0x6 bytes), align: 0
  Segment part 22.            Intra module refs:   READProgram
           LOCAL                   ADDRESS         
           =====                   =======         
           ?Subroutine26           0000159A 
    -------------------------------------------------------------------------
<BANKED_CODE> 1 (was BANKED_CODE)
  Relative segment, address: CODE 000015A0 - 000015A6 (0x7 bytes), align: 0
  Segment part 23.            Intra module refs:   READProgram
           LOCAL                   ADDRESS         
           =====                   =======         
           ?Subroutine25           000015A0 
    -------------------------------------------------------------------------
<BANKED_CODE> 1 (was BANKED_CODE)
  Relative segment, address: CODE 000015A7 - 000015AD (0x7 bytes), align: 0
  Segment part 24.            Intra module refs:   READProgram
           LOCAL                   ADDRESS         
           =====                   =======         
           ?Subroutine24           000015A7 
    -------------------------------------------------------------------------
<BANKED_CODE> 1 (was BANKED_CODE)
  Relative segment, address: CODE 000015AE - 000015B4 (0x7 bytes), align: 0
  Segment part 25.            Intra module refs:   READProgram
           LOCAL                   ADDRESS         
           =====                   =======         
           ?Subroutine23           000015AE 
    -------------------------------------------------------------------------
<BANKED_CODE> 1 (was BANKED_CODE)
  Relative segment, address: CODE 000015B5 - 000015BB (0x7 bytes), align: 0
  Segment part 26.            Intra module refs:   READProgram
           LOCAL                   ADDRESS         
           =====                   =======         
           ?Subroutine22           000015B5 
    -------------------------------------------------------------------------
<BANKED_CODE> 1 (was BANKED_CODE)
  Relative segment, address: CODE 000015BC - 000015C0 (0x5 bytes), align: 0
  Segment part 27.            Intra module refs:   READProgram
           LOCAL                   ADDRESS         
           =====                   =======         
           ?Subroutine21           000015BC 
    -------------------------------------------------------------------------
<BANKED_CODE> 1 (was BANKED_CODE)
  Relative segment, address: CODE 000015C1 - 000015C7 (0x7 bytes), align: 0
  Segment part 28.            Intra module refs:   ?Subroutine21
                                                   READProgram
    -------------------------------------------------------------------------
<BANKED_CODE> 1 (was BANKED_CODE)
  Relative segment, address: CODE 000015C8 - 000015D0 (0x9 bytes), align: 0
  Segment part 29.            Intra module refs:   READProgram
           LOCAL                   ADDRESS         
           =====                   =======         
           ?Subroutine20           000015C8 
    -------------------------------------------------------------------------
<BANKED_CODE> 1 (was BANKED_CODE)
  Relative segment, address: CODE 000015D1 - 000015D7 (0x7 bytes), align: 0
  Segment part 30.            Intra module refs:   READProgram
           LOCAL                   ADDRESS         
           =====                   =======         
           ?Subroutine19           000015D1 
    -------------------------------------------------------------------------
<BANKED_CODE> 1 (was BANKED_CODE)
  Relative segment, address: CODE 000015D8 - 000015E0 (0x9 bytes), align: 0
  Segment part 31.            Intra module refs:   READProgram
           LOCAL                   ADDRESS         
           =====                   =======         
           ?Subroutine18           000015D8 
    -------------------------------------------------------------------------
<BANKED_CODE> 1 (was BANKED_CODE)
  Relative segment, address: CODE 000015E1 - 000015E2 (0x2 bytes), align: 0
  Segment part 32.            Intra module refs:   ?Subroutine3
           LOCAL                   ADDRESS         
           =====                   =======         
           ?Subroutine36           000015E1 
    -------------------------------------------------------------------------
<BANKED_CODE> 1 (was BANKED_CODE)
  Relative segment, address: CODE 000015E3 - 000015E8 (0x6 bytes), align: 0
  Segment part 33.            Intra module refs:   ?Subroutine1
                                                   ?Subroutine16
                                                   ?Subroutine18
                                                   ?Subroutine20
                                                   ?Subroutine26
                                                   ?Subroutine36
                                                   Segment part 21
[...]
                                                   port1_ISR (hal_digio)
                                                   port2_ISR (hal_digio)
                                                   rfIsr (hal_rf)

    -------------------------------------------------------------------------
  LIBRARY MODULE, NAME : ?BANKED_ENTER_XDATA

  SEGMENTS IN THE MODULE
  ======================
RCODE
  Relative segment, address: CODE 00000601 - 0000066C (0x6c bytes), align: 0
  Segment part 1.
           ENTRY                   ADDRESS         REF BY
           =====                   =======         ======
           ?BANKED_ENTER_XDATA     00000601        Client_Program_Order (Master_A)
                                                   Client_Program_Time (Master_A)
                                                   CommandAction (Master_A)
                                                   CommandZone (Master_A)
                                                   LedProgram (Program)
                                                   M230_I2cRead (M230)
                                                   M230_I2cWrite (M230)
                                                   M230_ReadEEPROM (M230)
                                                   M230_WriteEEPROM (M230)
                                                   ResetSlave (Master_A)
                                                   SendData (Master_A)
                                                   ShowZoneMode (Master_A)
                                                   WriteEEPROM (Master_A)
                                                   basicRfInit (basic_rf)
                                                   basicRfReceive (basic_rf)
                                                   basicRfSendPacket (basic_rf)
                                                   convInt32ToText (util)
                                                   halKeypadI2cRead (hal_keypad)
                                                   halKeypadI2cWrite (hal_keypad)
                                                   halKeypadPushed (hal_keypad)
                                                   halKeypadSensorData (hal_keypad)
                                                   halKeypadWriteRegister (hal_keypad)
                                                   halLcdClear (hal_lcd)
                                                   halLcdWriteChar (hal_lcd)
                                                   halLcdWriteIntToChar (Master_A)
                                                   halLcdWriteString (hal_lcd)
                                                   halMcuWaitMs (hal_mcu)
                                                   halRfWriteTxBuf (hal_rf)
                                                   halUartWrite (hal_uart)
                                                   lcdControl (hal_lcd)
                                                   lcdWrite (hal_lcd)
                                                   lcdWriteMany (hal_lcd)
                                                   memcpy (?memcpy)

    -------------------------------------------------------------------------
  LIBRARY MODULE, NAME : ?BANKED_LEAVE_XDATA

  SEGMENTS IN THE MODULE
  ======================
RCODE
  Relative segment, address: CODE 0000066D - 000006B2 (0x46 bytes), align: 0
  Segment part 1.
           ENTRY                   ADDRESS         REF BY
           =====                   =======         ======
           ?BANKED_LEAVE_XDATA     0000066D        ?Subroutine1 (Master_A)
                                                   ?Subroutine1 (hal_lcd)
                                                   ?Subroutine1 (hal_uart)
                                                   ?Subroutine2 (Master_A)
                                                   ?Subroutine2 (hal_keypad)
                                                   ?Subroutine2 (hal_rf)
                                                   ?Subroutine3 (Master_A)
                                                   LedProgram (Program)
                                                   Segment part 26 (M230)
                                                   Segment part 26 (hal_keypad)
                                                   Segment part 32 (hal_lcd)
                                                   basicRfInit (basic_rf)
                                                   basicRfReceive (basic_rf)
                                                   basicRfSendPacket (basic_rf)
                                                   convInt32ToText (util)
                                                   halLcdWriteIntToChar (Master_A)
                                                   halMcuWaitMs (hal_mcu)
                                                   memcpy (?memcpy)

    -------------------------------------------------------------------------
  LIBRARY MODULE, NAME : ?INTERRUPT_ENTER_XSP

  SEGMENTS IN THE MODULE
  ======================
RCODE
  Relative segment, address: CODE 000006B3 - 00000711 (0x5f bytes), align: 0
  Segment part 1.
           ENTRY                   ADDRESS         REF BY
           =====                   =======         ======
           ?INTERRUPT_ENTER_XSP    000006B3        port0_ISR (hal_digio)
                                                   port1_ISR (hal_digio)
                                                   port2_ISR (hal_digio)
                                                   rfIsr (hal_rf)

    -------------------------------------------------------------------------
  LIBRARY MODULE, NAME : ?INTERRUPT_LEAVE_XSP

  SEGMENTS IN THE MODULE
  ======================
RCODE
  Relative segment, address: CODE 00000712 - 00000769 (0x58 bytes), align: 0
  Segment part 1.
           ENTRY                   ADDRESS         REF BY
           =====                   =======         ======
           ?INTERRUPT_LEAVE_XSP    00000712        ?Subroutine1 (hal_digio)
                                                   rfIsr (hal_rf)

    -------------------------------------------------------------------------
  LIBRARY MODULE, NAME : ?PUSH_XSTACK_I

  SEGMENTS IN THE MODULE
  ======================
RCODE
  Relative segment, address: CODE 0000076A - 0000076D (0x4 bytes), align: 0
  Segment part 2.
           ENTRY                   ADDRESS         REF BY
           =====                   =======         ======
           ?PUSH_XSTACK_I_TWO      0000076A        basicRfReceive (basic_rf)
    -------------------------------------------------------------------------
RCODE
  Relative segment, address: CODE 0000076E - 0000077A (0xd bytes), align: 0
  Segment part 4.             Intra module refs:   ?PUSH_XSTACK_I_TWO
           ENTRY                   ADDRESS         REF BY
           =====                   =======         ======
           ?PUSH_XSTACK_I          0000076E 

    -------------------------------------------------------------------------
  LIBRARY MODULE, NAME : ?UC_SWITCH_DENSE

  SEGMENTS IN THE MODULE
  ======================
RCODE
  Relative segment, address: CODE 0000077B - 00000780 (0x6 bytes), align: 0
  Segment part 0.
           ENTRY                   ADDRESS         REF BY
           =====                   =======         ======
           ?UC_SWITCH_DENSE        0000077B        READProgram (Program)
    -------------------------------------------------------------------------
RCODE
  Relative segment, address: CODE 00000781 - 000007AF (0x2f bytes), align: 0
  Segment part 2.             Intra module refs:   ?UC_SWITCH_DENSE
    -------------------------------------------------------------------------
RCODE
  Relative segment, address: CODE 000007B0 - 000007B0 (0x1 bytes), align: 0
  Segment part 4.             Intra module refs:   ?UC_SWITCH_DENSE

    -------------------------------------------------------------------------
  LIBRARY MODULE, NAME : ?US_SWITCH_SPARSE

  SEGMENTS IN THE MODULE
  ======================
RCODE
  Relative segment, address: CODE 000007B1 - 000007BA (0xa bytes), align: 0
  Segment part 0.
           ENTRY                   ADDRESS         REF BY
           =====                   =======         ======
           ?US_SWITCH_SPARSE       000007B1        halKeypadPushed (hal_keypad)
    -------------------------------------------------------------------------
RCODE
  Relative segment, address: CODE 000007BB - 000007FB (0x41 bytes), align: 0
  Segment part 2.             Intra module refs:   ?US_SWITCH_SPARSE
           ENTRY                   ADDRESS         REF BY
           =====                   =======         ======
           ?US_SWITCH_SPARSE_LEAVE
                                   000007ED        ?US_JMP_IF_IN_RANGE (?US_JMP_IF_IN_RANGE)
                                                   ?US_JMP_IF_VALUE (?US_JMP_IF_VALUE)
    -------------------------------------------------------------------------
RCODE
  Relative segment, address: CODE 000007FC - 000007FC (0x1 bytes), align: 0
  Segment part 4.             Intra module refs:   ?US_SWITCH_SPARSE

    -------------------------------------------------------------------------
  LIBRARY MODULE, NAME : ?US_JMP_IF_IN_RANGE

  SEGMENTS IN THE MODULE
  ======================
RCODE
  Relative segment, address: CODE 000007FD - 0000083B (0x3f bytes), align: 0
  Segment part 0.
           ENTRY                   ADDRESS         REF BY
           =====                   =======         ======
           ?US_JMP_IF_IN_RANGE     000007FD        ?US_SWITCH_SPARSE_LEAVE (?US_SWITCH_SPARSE)

    -------------------------------------------------------------------------
  LIBRARY MODULE, NAME : ?US_JMP_IF_VALUE

  SEGMENTS IN THE MODULE
  ======================
RCODE
  Relative segment, address: CODE 0000083C - 00000866 (0x2b bytes), align: 0
  Segment part 0.
           ENTRY                   ADDRESS         REF BY
           =====                   =======         ======
           ?US_JMP_IF_VALUE        0000083C        ?US_SWITCH_SPARSE_LEAVE (?US_SWITCH_SPARSE)

    -------------------------------------------------------------------------
  LIBRARY MODULE, NAME : ?memcpy

  SEGMENTS IN THE MODULE
  ======================
<BANKED_CODE> 1 (was BANKED_CODE)
  Relative segment, address: CODE 0000296A - 000029AF (0x46 bytes), align: 0
  Segment part 6.             Intra module refs:   memcpy::?relay
           ENTRY                   ADDRESS         REF BY
           =====                   =======         ======
           memcpy                  0000296A 
               XSTACK = 00000002 ( 0000000A )
               ISTACK = 00000000 ( 00000001 )
    -------------------------------------------------------------------------
BANK_RELAYS
  Relative segment, address: CODE 0000044A - 0000044F (0x6 bytes), align: 0
  Segment part 7.
           ENTRY                   ADDRESS         REF BY
           =====                   =======         ======
           memcpy::?relay          0000044A        basicRfReceive (basic_rf)

    -------------------------------------------------------------------------
  LIBRARY MODULE, NAME : ?strlen

  SEGMENTS IN THE MODULE
  ======================
<BANKED_CODE> 1 (was BANKED_CODE)
  Relative segment, address: CODE 000029E4 - 00002A01 (0x1e bytes), align: 0
  Segment part 6.             Intra module refs:   strlen::?relay
           ENTRY                   ADDRESS         REF BY
           =====                   =======         ======
           strlen                  000029E4 
               ISTACK = 00000000 ( 00000002 )
    -------------------------------------------------------------------------
BANK_RELAYS
  Relative segment, address: CODE 00000450 - 00000455 (0x6 bytes), align: 0
  Segment part 7.
           ENTRY                   ADDRESS         REF BY
           =====                   =======         ======
           strlen::?relay          00000450        halLcdWriteString (hal_lcd)

    -------------------------------------------------------------------------
  LIBRARY MODULE, NAME : ?low_level_init

  SEGMENTS IN THE MODULE
  ======================
CSTART
  Relative segment, address: CODE 0000013F - 00000141 (0x3 bytes), align: 0
  Segment part 6. ROOT.
           ENTRY                   ADDRESS         REF BY
           =====                   =======         ======
           __low_level_init        0000013F        __low_level_init_call (?cmain)




                ****************************************
                *                                      *
                *            MODULE SUMMARY            *
                *                                      *
                ****************************************

Module                     CODE      DATA      XDATA  IDATA    BIT
------                     ----      ----      -----  -----    ---
                          (Rel)  (Rel)  (Abs)  (Rel)  (Rel)  (Rel)
?ADD_XSTACK_DISP8            27
?ALLOC_XSTACK8               22
?BANKED_CODE_SUPPORT         74
?BANKED_ENTER_XDATA         108
?BANKED_LEAVE_XDATA          70
?CALL_IND                     2
?DEALLOC_XSTACK8             26
?INTERRUPT_ENTER_XSP         95
?INTERRUPT_LEAVE_XSP         88
?L_DIV_MOD                   87
?L_MOV_TO_X                  15
?L_MOV_X                     15
?L_NEG                       17
?L_NEG_R1                    17
?MOVE_LONG8_XDATA_IDATA      13
?PUSH_XSTACK_I               17
?SL_GT_X                     21
?S_SHL                       19
?UC_SWITCH_DENSE             54
?UL_DIV_MOD                 112
?US_JMP_IF_IN_RANGE          63
?US_JMP_IF_VALUE             43
?US_SWITCH_SPARSE            76
?XLOAD_R2345                 12
?XSTACK_DISP8                10
?XSTORE_R2345                12
?cexit                        5
?cmain                       88
?low_level_init               3
?memcpy                      76
?strlen                      36
CSTARTUP                     18
  + common                    3
M230                        367             1
  + shared                                  4
Master_A                  2 202                  881
Program                   3 142                    8
VIRTUAL_REGISTERS                    2                           8
basic_rf                    835                  264
  + shared                                         4
hal_adc                                     4
  + shared                                  1
hal_board                    90                    1
  + shared                                  6
hal_buzzer                   27
hal_clock                    58             4
hal_digio                   285             9     42
  + shared                  126             3
  + common
hal_int                      22
hal_keypad                  668                    1
hal_lcd                     369
hal_led                      11
hal_mcu                     117             1
hal_rf                      414             5      2
  + common                  134
hal_rf_security                             3
hal_uart                    402             7    262
  + common                   62
util                        294                   16
N/A (command line)                  16           256     64
N/A (alignment)
----------               ------     --     --  -----     --      -
Total:                   10 644     18     48  1 737     64      8
  + common                  134


                ****************************************
                *                                      *
                *      SEGMENTS IN ADDRESS ORDER       *
                *                                      *
                ****************************************


SEGMENT              SPACE    START ADDRESS   END ADDRESS     SIZE  TYPE  ALIGN
=======              =====    =============   ===========     ====  ====  =====
INTVEC               CODE          00000000 - 00000085          86   com    0
CSTART               CODE          00000086 - 00000141          BC   rel    0
BDATA_ID             CODE               00000142                     dse    0
BIT_ID               CODE               00000142                     dse    0
DATA_ID              CODE               00000142                     dse    0
IDATA_ID             CODE               00000142                     dse    0
IXDATA_ID            CODE               00000142                     dse    0
PDATA_ID             CODE               00000142                     dse    0
XDATA_ID             CODE          00000142 - 00000299         158   rel    0
BANK_RELAYS          CODE          0000029A - 00000455         1BC   rel    0
RCODE                CODE          00000456 - 00000866         411   rel    0
CODE_C               CODE               00000867                     dse    0
DIFUNCT              CODE               00000867                     dse    0
CODE_N               CODE               00000867                     dse    0
NEAR_CODE            CODE          00000867 - 00000A5C         1F6   rel    0
<BANKED_CODE> 1      CODE          00000A5D - 00002A19        1FBD   rel    0
REGISTERS            DATA          00000000 - 00000007           8   rel    0
VREG                 DATA          00000008 - 0000000F           8   rel    0
PSP                  DATA               00000010                     dse    0
XSP                  DATA          00000010 - 00000011           2   rel    0
BREG                 BIT        00000020.0  -  00000020.7        8   rel    0
SFR_AN               DATA          00000080 - 00000080           1   rel    0
                     DATA          00000086 - 00000086           1 
                     DATA          00000088 - 0000008D           6 
                     DATA          0000008F - 00000091           3 
                     DATA          00000095 - 00000095           1 
                     DATA          0000009A - 0000009B           2 
                     DATA          0000009D - 0000009E           2 
                     DATA          000000A0 - 000000A0           1 
                     DATA          000000A8 - 000000A8           1 
                     DATA          000000AB - 000000AC           2 
                     DATA          000000B1 - 000000B3           3 
                     DATA          000000B6 - 000000B6           1 
                     DATA          000000B8 - 000000B8           1 
                     DATA          000000BA - 000000BB           2 
                     DATA          000000BE - 000000BE           1 
                     DATA          000000C0 - 000000C2           3 
                     DATA          000000C4 - 000000C6           3 
                     DATA          000000C9 - 000000C9           1 
                     DATA          000000D9 - 000000D9           1 
                     DATA          000000E1 - 000000E1           1 
                     DATA          000000E8 - 000000E9           2 
                     DATA          000000F1 - 000000F5           5 
                     DATA          000000F7 - 000000F7           1 
                     DATA          000000FD - 000000FF           3 
XSTACK               XDATA         00000001 - 00000100         100   rel    0
XDATA_Z              XDATA         00000101 - 00000571         471   rel    0
XDATA_I              XDATA         00000572 - 000006C9         158   rel    0
ISTACK               IDATA         000000C0 - 000000FF          40   rel    0

                ****************************************
                *                                      *
                *        END OF CROSS REFERENCE        *
                *                                      *
                ****************************************

 10 778 bytes of CODE  memory
     18 bytes of DATA  memory (+ 48 absolute )
  1 737 bytes of XDATA memory
     64 bytes of IDATA memory
      8 bits  of BIT   memory

Errors: none
Warnings: none

