################################################################################
#                                                                              #
#      IAR Universal Linker V5.0.2.5/W32                                       #
#                                                                              #
#           Link time     =  21/Jan/2018  16:19:04                             #
#           Target CPU    =  x51                                               #
#           List file     =  C:\Users\´^§Ó»¨\Desktop\DSP_Wireless_¶i¶¥´Ú\DSP_2 #
#                            530_Code\Master_A\ex_M230\debug\List\M230.map     #
#           Output file 1 =  C:\Users\´^§Ó»¨\Desktop\DSP_Wireless_¶i¶¥´Ú\DSP_2 #
#                            530_Code\Master_A\ex_M230\debug\Exe\M230.hex      #
#                            Format: intel-extended                            #
#           Output file 2 =  C:\Users\´^§Ó»¨\Desktop\DSP_Wireless_¶i¶¥´Ú\DSP_2 #
#                            530_Code\Master_A\ex_M230\debug\Exe\M230.d51      #
#                            Format: debug                                     #
#                            UBROF version 10.0.3                              #
#                            Using library modules for C-SPY (-rt)             #
#           Command line  =  "-IC:\Program Files (x86)\IAR Systems\Embedded Wo #
#                            rkbench 6.0 Evaluation\8051\CONFIG\"              #
#                            -D_NR_OF_BANKS=0x07 -D_CODEBANK_END=0xFFFF        #
#                            -D_CODEBANK_START=0x8000 -D?CBANK_MASK=0x07       #
#                            -D?CBANK=0x9F                                     #
#                            C:\Users\´^§Ó»¨\Desktop\DSP_Wireless_¶i¶¥´Ú\DSP_2 #
#                            530_Code\Master_A\ex_M230\debug\Obj\M230.r51      #
#                            C:\Users\´^§Ó»¨\Desktop\DSP_Wireless_¶i¶¥´Ú\DSP_2 #
#                            530_Code\Master_A\ex_M230\debug\Obj\Master_A.r51  #
#                            C:\Users\´^§Ó»¨\Desktop\DSP_Wireless_¶i¶¥´Ú\DSP_2 #
#                            530_Code\Master_A\ex_M230\debug\Obj\basic_rf.r51  #
#                            C:\Users\´^§Ó»¨\Desktop\DSP_Wireless_¶i¶¥´Ú\DSP_2 #
#                            530_Code\Master_A\ex_M230\debug\Obj\basic_rf_secu #
#                            rity.r51                                          #
#                            C:\Users\´^§Ó»¨\Desktop\DSP_Wireless_¶i¶¥´Ú\DSP_2 #
#                            530_Code\Master_A\ex_M230\debug\Obj\hal_adc.r51   #
#                            C:\Users\´^§Ó»¨\Desktop\DSP_Wireless_¶i¶¥´Ú\DSP_2 #
#                            530_Code\Master_A\ex_M230\debug\Obj\hal_board.r51 #
#                            C:\Users\´^§Ó»¨\Desktop\DSP_Wireless_¶i¶¥´Ú\DSP_2 #
#                            530_Code\Master_A\ex_M230\debug\Obj\hal_button.r5 #
#                            1                                                 #
#                            C:\Users\´^§Ó»¨\Desktop\DSP_Wireless_¶i¶¥´Ú\DSP_2 #
#                            530_Code\Master_A\ex_M230\debug\Obj\hal_buzzer.r5 #
#                            1                                                 #
#                            C:\Users\´^§Ó»¨\Desktop\DSP_Wireless_¶i¶¥´Ú\DSP_2 #
#                            530_Code\Master_A\ex_M230\debug\Obj\hal_clock.r51 #
#                            C:\Users\´^§Ó»¨\Desktop\DSP_Wireless_¶i¶¥´Ú\DSP_2 #
#                            530_Code\Master_A\ex_M230\debug\Obj\hal_digio.r51 #
#                            C:\Users\´^§Ó»¨\Desktop\DSP_Wireless_¶i¶¥´Ú\DSP_2 #
#                            530_Code\Master_A\ex_M230\debug\Obj\hal_drink.r51 #
#                            C:\Users\´^§Ó»¨\Desktop\DSP_Wireless_¶i¶¥´Ú\DSP_2 #
#                            530_Code\Master_A\ex_M230\debug\Obj\hal_int.r51   #
#                            C:\Users\´^§Ó»¨\Desktop\DSP_Wireless_¶i¶¥´Ú\DSP_2 #
#                            530_Code\Master_A\ex_M230\debug\Obj\hal_keypad.r5 #
#                            1                                                 #
#                            C:\Users\´^§Ó»¨\Desktop\DSP_Wireless_¶i¶¥´Ú\DSP_2 #
#                            530_Code\Master_A\ex_M230\debug\Obj\hal_lcd.r51   #
#                            C:\Users\´^§Ó»¨\Desktop\DSP_Wireless_¶i¶¥´Ú\DSP_2 #
#                            530_Code\Master_A\ex_M230\debug\Obj\hal_led.r51   #
#                            C:\Users\´^§Ó»¨\Desktop\DSP_Wireless_¶i¶¥´Ú\DSP_2 #
#                            530_Code\Master_A\ex_M230\debug\Obj\hal_ledmatrix #
#                            .r51                                              #
#                            C:\Users\´^§Ó»¨\Desktop\DSP_Wireless_¶i¶¥´Ú\DSP_2 #
#                            530_Code\Master_A\ex_M230\debug\Obj\hal_mcu.r51   #
#                            C:\Users\´^§Ó»¨\Desktop\DSP_Wireless_¶i¶¥´Ú\DSP_2 #
#                            530_Code\Master_A\ex_M230\debug\Obj\hal_rf.r51    #
#                            C:\Users\´^§Ó»¨\Desktop\DSP_Wireless_¶i¶¥´Ú\DSP_2 #
#                            530_Code\Master_A\ex_M230\debug\Obj\hal_rf_securi #
#                            ty.r51                                            #
#                            C:\Users\´^§Ó»¨\Desktop\DSP_Wireless_¶i¶¥´Ú\DSP_2 #
#                            530_Code\Master_A\ex_M230\debug\Obj\hal_rf_util.r #
#                            51                                                #
#                            C:\Users\´^§Ó»¨\Desktop\DSP_Wireless_¶i¶¥´Ú\DSP_2 #
#                            530_Code\Master_A\ex_M230\debug\Obj\hal_uart.r51  #
#                            C:\Users\´^§Ó»¨\Desktop\DSP_Wireless_¶i¶¥´Ú\DSP_2 #
#                            530_Code\Master_A\ex_M230\debug\Obj\util.r51      #
#                            C:\Users\´^§Ó»¨\Desktop\DSP_Wireless_¶i¶¥´Ú\DSP_2 #
#                            530_Code\Master_A\ex_M230\debug\Obj\util_buffer.r #
#                            51                                                #
#                            C:\Users\´^§Ó»¨\Desktop\DSP_Wireless_¶i¶¥´Ú\DSP_2 #
#                            530_Code\Master_A\ex_M230\debug\Obj\util_lcd.r51  #
#                            -o                                                #
#                            C:\Users\´^§Ó»¨\Desktop\DSP_Wireless_¶i¶¥´Ú\DSP_2 #
#                            530_Code\Master_A\ex_M230\debug\Exe\M230.d51      #
#                            -l                                                #
#                            C:\Users\´^§Ó»¨\Desktop\DSP_Wireless_¶i¶¥´Ú\DSP_2 #
#                            530_Code\Master_A\ex_M230\debug\List\M230.map     #
#                            -xmsn                                             #
#                            "-IC:\Program Files (x86)\IAR Systems\Embedded Wo #
#                            rkbench 6.0 Evaluation\8051\CONFIG\"              #
#                            -f                                                #
#                            "C:\Program Files (x86)\IAR Systems\Embedded Work #
#                            bench 6.0 Evaluation\8051\config\devices\Texas In #
#                            struments\lnk51ew_cc2530F256_banked.xcl"          #
#                            (-D_IDATA0_START=0x00 -D_IDATA0_END=0xFF          #
#                            -D_PDATA0_START=0x1E00 -D_PDATA0_END=0x1EFF       #
#                            -D_IXDATA0_START=0x0001 -D_IXDATA0_END=0x1EFF     #
#                            -D_XDATA0_START=_IXDATA0_START                    #
#                            -D_XDATA0_END=_IXDATA0_END                        #
#                            -D_NEAR_CODE_START=0x0000                         #
#                            -D_FIRST_BANK_ADDR=0x10000 -D?REGISTER_BANK=0x0   #
#                            -D_REGISTER_BANK_START=0x0 -D_BREG_START=0x00     #
#                            -D?VB=0x20 -D?ESP=0x9B -Z(BIT)BREG=_BREG_START    #
#                            -Z(BIT)BIT_N=0-7F                                 #
#                            -Z(DATA)REGISTERS+8=_REGISTER_BANK_START          #
#                            -Z(DATA)BDATA_Z,BDATA_N,BDATA_I=20-2F             #
#                            -Z(DATA)VREG+_NR_OF_VIRTUAL_REGISTERS=08-7F       #
#                            -Z(DATA)PSP,XSP=08-7F -Z(DATA)DOVERLAY=08-7F      #
#                            -Z(DATA)DATA_I,DATA_Z,DATA_N=08-7F                #
#                            -U(IDATA)0-7F=(DATA)0-7F                          #
#                            -Z(IDATA)IDATA_I,IDATA_Z,IDATA_N=08-_IDATA0_END   #
#                            -Z(IDATA)ISTACK+_IDATA_STACK_SIZE#08-_IDATA0_END  #
#                            -Z(IDATA)IOVERLAY=08-FF -Z(CODE)INTVEC=0          #
#                            -Z(CODE)CSTART=_NEAR_CODE_START-(_CODEBANK_START- #
#                            1)                                                #
#                            -Z(CODE)BIT_ID,BDATA_ID,DATA_ID,IDATA_ID,IXDATA_I #
#                            D,PDATA_ID,XDATA_ID=_NEAR_CODE_START-(_CODEBANK_S #
#                            TART-1)                                           #
#                            -Z(CODE)BANK_RELAYS,RCODE,DIFUNCT,CODE_C,CODE_N,N #
#                            EAR_CODE=_NEAR_CODE_START-(_CODEBANK_START-1)     #
#                            -P(CODE)BANKED_CODE=_NEAR_CODE_START-(_CODEBANK_S #
#                            TART-1),[(_CODEBANK_START+_FIRST_BANK_ADDR)-(_COD #
#                            EBANK_END+_FIRST_BANK_ADDR)]*_NR_OF_BANKS+10000   #
#                            -Z(CODE)CHECKSUM#(_CODEBANK_START-1)              #
#                            -Z(XDATA)PDATA_Z,PDATA_I=_PDATA0_START-_PDATA0_EN #
#                            D                                                 #
#                            -P(XDATA)PDATA_N=_PDATA0_START-_PDATA0_END        #
#                            -Z(XDATA)PSTACK+_PDATA_STACK_SIZE=_PDATA0_START-_ #
#                            PDATA0_END                                        #
#                            -Z(XDATA)EXT_STACK+_EXTENDED_STACK_SIZE=_EXTENDED #
#                            _STACK_START                                      #
#                            -Z(XDATA)XSTACK+_XDATA_STACK_SIZE=_XDATA0_START-_ #
#                            XDATA0_END                                        #
#                            -Z(XDATA)IXDATA_Z,IXDATA_I=_IXDATA0_START-_IXDATA #
#                            0_END                                             #
#                            -P(XDATA)IXDATA_N=_IXDATA0_START-_IXDATA0_END     #
#                            -Z(XDATA)XDATA_Z,XDATA_I=_XDATA0_START-_XDATA0_EN #
#                            D                                                 #
#                            -P(XDATA)XDATA_N=_XDATA0_START-_XDATA0_END        #
#                            -Z(XDATA)XDATA_HEAP+_XDATA_HEAP_SIZE=_XDATA0_STAR #
#                            T-_XDATA0_END                                     #
#                            -Z(CONST)XDATA_ROM_C=_XDATA0_START-_XDATA0_END    #
#                            -cx51                                             #
#                            -M(CODE)[(_CODEBANK_START+_FIRST_BANK_ADDR)-(_COD #
#                            EBANK_END+_FIRST_BANK_ADDR)]*_NR_OF_BANKS+0x10000 #
#                            =0x8000                                           #
#                            -ww69=i -D_BANK0_START=0x00000                    #
#                            -D_BANK0_END=0x07FFF -D_BANK1_START=0x18000       #
#                            -D_BANK1_END=0x1FFFF -D_BANK2_START=0x28000       #
#                            -D_BANK2_END=0x2FFFF -D_BANK3_START=0x38000       #
#                            -D_BANK3_END=0x3FFFF -D_BANK4_START=0x48000       #
#                            -D_BANK4_END=0x4FFFF -D_BANK5_START=0x58000       #
#                            -D_BANK5_END=0x5FFFF -D_BANK6_START=0x68000       #
#                            -D_BANK6_END=0x6FFFF -D_BANK7_START=0x78000       #
#                            -D_BANK7_END=0x7FFFF                              #
#                            -P(CODE)BANK0=_BANK0_START-_BANK0_END             #
#                            -P(CODE)BANK1=_BANK1_START-_BANK1_END             #
#                            -P(CODE)BANK2=_BANK2_START-_BANK2_END             #
#                            -P(CODE)BANK3=_BANK3_START-_BANK3_END             #
#                            -P(CODE)BANK4=_BANK4_START-_BANK4_END             #
#                            -P(CODE)BANK5=_BANK5_START-_BANK5_END             #
#                            -P(CODE)BANK6=_BANK6_START-_BANK6_END             #
#                            -P(CODE)BANK7=_BANK7_START-_BANK7_END             #
#                            -D_FLASH_LOCK_BITS_START=0x7FFF0                  #
#                            -D_FLASH_LOCK_BITS_END=0x7FFFF                    #
#                            -Z(CODE)FLASH_LOCK_BITS=_FLASH_LOCK_BITS_START-_F #
#                            LASH_LOCK_BITS_END                                #
#                            -U(CODE)0x0000=(CODE)_FLASH_LOCK_BITS_START-_FLAS #
#                            H_LOCK_BITS_END)                                  #
#                            -e?BCALL_07=?BCALL -e?BRET_07=?BRET               #
#                            -e?BDISPATCH_07=?BDISPATCH                        #
#                            -D_NR_OF_VIRTUAL_REGISTERS=8 -D?PBANK=0xA0        #
#                            -e_medium_write=_formatted_write                  #
#                            -e_medium_read=_formatted_read -rt                #
#                            -Ointel-extended=C:\Users\´^§Ó»¨\Desktop\DSP_Wire #
#                            less_¶i¶¥´Ú\DSP_2530_Code\Master_A\ex_M230\debug\ #
#                            Exe\M230.hex                                      #
#                            -s __program_start                                #
#                            "C:\Program Files (x86)\IAR Systems\Embedded Work #
#                            bench 6.0 Evaluation\8051\LIB\CLIB\cl-pli-blxd-1e #
#                            16x01.r51"                                        #
#                            -D_IDATA_STACK_SIZE=0x40                          #
#                            -D_EXTENDED_STACK_START=0x00                      #
#                            -D_EXTENDED_STACK_SIZE=0x00                       #
#                            -D_PDATA_STACK_SIZE=0x80                          #
#                            -D_XDATA_STACK_SIZE=0x100                         #
#                            -D_XDATA_HEAP_SIZE=0xFF -D_FAR_HEAP_SIZE=0xFFF    #
#                            -D_HUGE_HEAP_SIZE=0xFFF                           #
#                            -D_FAR22_HEAP_SIZE=0xFFF                          #
#                                                                              #
#                           Copyright (C) 1987-2010 IAR Systems AB.            #
################################################################################





                ****************************************
                *                                      *
                *           CROSS REFERENCE            *
                *                                      *
                ****************************************

       Program entry at : CODE      000000E3  Relocatable, from module : CSTARTUP




                ****************************************
                *                                      *
                *            RUNTIME MODEL             *
                *                                      *
                ****************************************

  __SystemLibrary          = CLib
  __calling_convention     = xdata_reentrant
  __code_model             = banked
  __core                   = plain
  __data_model             = large
  __dptr_size              = 16
  __extended_stack         = disabled
  __location_for_constants = data
  __number_of_dptrs        = 1
  __rt_version             = 1



                ****************************************
                *                                      *
                *              MODULE MAP              *
                *                                      *
                ****************************************


  DEFINED ABSOLUTE ENTRIES
    *************************************************************************

  DEFINED ABSOLUTE ENTRIES
  PROGRAM MODULE, NAME : ?ABS_ENTRY_MOD

Absolute parts
           ENTRY                   ADDRESS         REF BY
           =====                   =======         ======
           _FAR22_HEAP_SIZE        00000FFF 
           _HUGE_HEAP_SIZE         00000FFF 
           _FAR_HEAP_SIZE          00000FFF 
           _XDATA_HEAP_SIZE        000000FF 
           _XDATA_STACK_SIZE       00000100 
           _PDATA_STACK_SIZE       00000080 
           _EXTENDED_STACK_SIZE    00000000 
           _EXTENDED_STACK_START   00000000 
           _IDATA_STACK_SIZE       00000040 
           ?PBANK                  000000A0 
           _NR_OF_VIRTUAL_REGISTERS
                                   00000008 
           _FLASH_LOCK_BITS_END    0003FFFF 
           _FLASH_LOCK_BITS_START
                                   0003FFF0 
           _BANK7_END              0003FFFF 
           _BANK7_START            00038000 
           _BANK6_END              00037FFF 
           _BANK6_START            00030000 
           _BANK5_END              0002FFFF 
           _BANK5_START            00028000 
           _BANK4_END              00027FFF 
           _BANK4_START            00020000 
           _BANK3_END              0001FFFF 
           _BANK3_START            00018000 
           _BANK2_END              00017FFF 
           _BANK2_START            00010000 
           _BANK1_END              0000FFFF 
           _BANK1_START            00008000 
           _BANK0_END              00007FFF 
           _BANK0_START            00000000 
           ?ESP                    0000009B 
           ?VB                     00000020        ?BANKED_ENTER_XDATA (?BANKED_ENTER_XDATA)
                                                   ?BANKED_LEAVE_XDATA (?BANKED_LEAVE_XDATA)
                                                   ?INTERRUPT_ENTER_XSP (?INTERRUPT_ENTER_XSP)
                                                   ?INTERRUPT_LEAVE_XSP (?INTERRUPT_LEAVE_XSP)
           _BREG_START             00000000 
           _REGISTER_BANK_START    00000000 
           ?REGISTER_BANK          00000000        Segment part 6 (CSTARTUP)
           _FIRST_BANK_ADDR        00010000 
           _NEAR_CODE_START        00000000 
           _XDATA0_END             00001EFF 
           _XDATA0_START           00000001 
           _IXDATA0_END            00001EFF 
           _IXDATA0_START          00000001 
           _PDATA0_END             00001EFF 
           _PDATA0_START           00001E00 
           _IDATA0_END             000000FF 
           _IDATA0_START           00000000 
           ?CBANK                  0000009F        ?RESET_CODE_BANK (CSTARTUP)
                                                   Segment part 3 (?BANKED_CODE_SUPPORT)
           ?CBANK_MASK             00000007 
           _CODEBANK_START         00008000 
           _CODEBANK_END           0000FFFF 
           _NR_OF_BANKS            00000007 
    *************************************************************************

  FILE NAME : C:\Users\´^§Ó»¨\Desktop\DSP_Wireless_¶i¶¥´Ú\DSP_2530_Code\Master_A\ex_M230\debug\Obj\M230.r51
  PROGRAM MODULE, NAME : M230

  SEGMENTS IN THE MODULE
  ======================
SFR_AN
  Relative segment, address: DATA 00000080 - 00000080 (0x1 bytes), align: 0
  Segment part 1. ROOT.       Intra module refs:   M230_I2cAck
                                                   M230_I2cNack
                                                   M230_I2cRead
                                                   M230_I2cStart
                                                   M230_I2cStop
                                                   M230_I2cWrite
                                                   M230_Init
                                                   halBoardInit (hal_board)
                                                   lcdControl (hal_lcd)
                                                   lcdWrite (hal_lcd)
           ENTRY                   ADDRESS         REF BY
           =====                   =======         ======
           _A_P0                   00000080 
           LOCAL                   ADDRESS         
           =====                   =======         
           P0                      00000080 
    -------------------------------------------------------------------------
SFR_AN
  Relative segment, address: DATA 0000008F - 0000008F (0x1 bytes), align: 0
  Segment part 2. ROOT.       Intra module refs:   M230_I2cRead
           ENTRY                   ADDRESS         REF BY
           =====                   =======         ======
           P0INP                   0000008F 
    -------------------------------------------------------------------------
SFR_AN
  Relative segment, address: DATA 000000F3 - 000000F3 (0x1 bytes), align: 0
  Segment part 3. ROOT.       Intra module refs:   M230_I2cRead
                                                   M230_Init
                                                   halBoardInit (hal_board)
                                                   halUartInit (hal_uart)
           ENTRY                   ADDRESS         REF BY
           =====                   =======         ======
           P0SEL                   000000F3 
    -------------------------------------------------------------------------
SFR_AN
  Relative segment, address: DATA 000000F7 - 000000F7 (0x1 bytes), align: 0
  Segment part 4. ROOT.       Intra module refs:   M230_I2cRead
                                                   halBoardInit (hal_board)
                                                   halKeypadI2cRead (hal_keypad)
           ENTRY                   ADDRESS         REF BY
           =====                   =======         ======
           P2INP                   000000F7 
    -------------------------------------------------------------------------
SFR_AN
  Relative segment, address: DATA 000000FD - 000000FD (0x1 bytes), align: 0
  Segment part 5. ROOT.       Intra module refs:   M230_I2cRead
                                                   M230_Init
                                                   halBoardInit (hal_board)
                                                   halLcdInit (hal_lcd)
                                                   lcdControl (hal_lcd)
                                                   lcdWrite (hal_lcd)
           ENTRY                   ADDRESS         REF BY
           =====                   =======         ======
           P0DIR                   000000FD 
    -------------------------------------------------------------------------
<BANKED_CODE> 1 (was BANKED_CODE)
  Relative segment, address: CODE 00001611 - 00001623 (0x13 bytes), align: 0
  Segment part 11.            Intra module refs:   M230_I2cStart::?relay
           ENTRY                   ADDRESS         REF BY
           =====                   =======         ======
           M230_I2cStart           00001611 
               calls direct
               XSTACK = 00000009 ( 00000000 )
               ISTACK = 00000000 ( 00000002 )
    -------------------------------------------------------------------------
<BANKED_CODE> 1 (was BANKED_CODE)
  Relative segment, address: CODE 00001624 - 00001625 (0x2 bytes), align: 0
  Segment part 13.            Intra module refs:   M230_I2cAck
                                                   M230_I2cNack
           LOCAL                   ADDRESS         
           =====                   =======         
           ?Subroutine0            00001624 
    -------------------------------------------------------------------------
<BANKED_CODE> 1 (was BANKED_CODE)
  Relative segment, address: CODE 00001626 - 0000162E (0x9 bytes), align: 0
  Segment part 14.            Intra module refs:   ?Subroutine0
                                                   M230_I2cStart
    -------------------------------------------------------------------------
<BANKED_CODE> 1 (was BANKED_CODE)
  Relative segment, address: CODE 0000162F - 00001635 (0x7 bytes), align: 0
  Segment part 15.            Intra module refs:   M230_I2cStop
                                                   Segment part 14
    -------------------------------------------------------------------------
<BANKED_CODE> 1 (was BANKED_CODE)
  Relative segment, address: CODE 00001636 - 0000163C (0x7 bytes), align: 0
  Segment part 16.            Intra module refs:   M230_Init
                                                   Segment part 15
    -------------------------------------------------------------------------
<BANKED_CODE> 1 (was BANKED_CODE)
  Relative segment, address: CODE 0000163D - 00001656 (0x1a bytes), align: 0
  Segment part 17.            Intra module refs:   M230_I2cStop::?relay
           ENTRY                   ADDRESS         REF BY
           =====                   =======         ======
           M230_I2cStop            0000163D 
               calls direct
               XSTACK = 00000009 ( 00000000 )
               ISTACK = 00000000 ( 00000002 )
    -------------------------------------------------------------------------
<BANKED_CODE> 1 (was BANKED_CODE)
  Relative segment, address: CODE 00001657 - 0000165E (0x8 bytes), align: 0
  Segment part 19.            Intra module refs:   M230_I2cAck::?relay
           ENTRY                   ADDRESS         REF BY
           =====                   =======         ======
           M230_I2cAck             00001657 
               calls direct
               XSTACK = 00000009 ( 00000000 )
               ISTACK = 00000000 ( 00000002 )
    -------------------------------------------------------------------------
<BANKED_CODE> 1 (was BANKED_CODE)
  Relative segment, address: CODE 0000165F - 00001666 (0x8 bytes), align: 0
  Segment part 21.            Intra module refs:   M230_I2cNack::?relay
           ENTRY                   ADDRESS         REF BY
           =====                   =======         ======
           M230_I2cNack            0000165F 
               calls direct
               XSTACK = 00000009 ( 00000000 )
               ISTACK = 00000000 ( 00000002 )
    -------------------------------------------------------------------------
<BANKED_CODE> 1 (was BANKED_CODE)
  Relative segment, address: CODE 00001667 - 00001688 (0x22 bytes), align: 0
  Segment part 23.            Intra module refs:   M230_I2cWrite::?relay
           ENTRY                   ADDRESS         REF BY
           =====                   =======         ======
           M230_I2cWrite           00001667 
               calls direct
               XSTACK = 00000009 ( 00000009 )
    -------------------------------------------------------------------------
<BANKED_CODE> 1 (was BANKED_CODE)
  Relative segment, address: CODE 00001689 - 0000168A (0x2 bytes), align: 0
  Segment part 25.            Intra module refs:   M230_I2cRead
                                                   M230_ReadEEPROM
           LOCAL                   ADDRESS         
           =====                   =======         
           ?Subroutine1            00001689 
    -------------------------------------------------------------------------
<BANKED_CODE> 1 (was BANKED_CODE)
  Relative segment, address: CODE 0000168B - 0000168F (0x5 bytes), align: 0
  Segment part 26.            Intra module refs:   ?Subroutine1
                                                   M230_I2cWrite
                                                   M230_WriteEEPROM
    -------------------------------------------------------------------------
<BANKED_CODE> 1 (was BANKED_CODE)
  Relative segment, address: CODE 00001690 - 000016C6 (0x37 bytes), align: 0
  Segment part 27.            Intra module refs:   M230_I2cRead::?relay
           ENTRY                   ADDRESS         REF BY
           =====                   =======         ======
           M230_I2cRead            00001690 
               calls direct
               XSTACK = 00000009 ( 00000009 )
    -------------------------------------------------------------------------
<BANKED_CODE> 1 (was BANKED_CODE)
  Relative segment, address: CODE 000016C7 - 000016D7 (0x11 bytes), align: 0
  Segment part 29.            Intra module refs:   M230_I2cRead
                                                   M230_I2cWrite
           LOCAL                   ADDRESS         
           =====                   =======         
           ?Subroutine3            000016C7 
    -------------------------------------------------------------------------
<BANKED_CODE> 1 (was BANKED_CODE)
  Relative segment, address: CODE 000016D8 - 000016EE (0x17 bytes), align: 0
  Segment part 30.            Intra module refs:   M230_Init::?relay
           ENTRY                   ADDRESS         REF BY
           =====                   =======         ======
           M230_Init               000016D8 
               calls direct
               ISTACK = 00000000 ( 00000002 )
    -------------------------------------------------------------------------
<BANKED_CODE> 1 (was BANKED_CODE)
  Relative segment, address: CODE 000016EF - 000016F7 (0x9 bytes), align: 0
  Segment part 32.            Intra module refs:   M230_I2cRead
                                                   M230_Init
           LOCAL                   ADDRESS         
           =====                   =======         
           ?Subroutine4            000016EF 
    -------------------------------------------------------------------------
<BANKED_CODE> 1 (was BANKED_CODE)
  Relative segment, address: CODE 000016F8 - 00001714 (0x1d bytes), align: 0
  Segment part 33.            Intra module refs:   M230_WriteEEPROM::?relay
           ENTRY                   ADDRESS         REF BY
           =====                   =======         ======
           M230_WriteEEPROM        000016F8 
               calls direct
               XSTACK = 00000000 ( 00000009 )
    -------------------------------------------------------------------------
<BANKED_CODE> 1 (was BANKED_CODE)
  Relative segment, address: CODE 00001715 - 00001734 (0x20 bytes), align: 0
  Segment part 35.            Intra module refs:   M230_ReadEEPROM::?relay
           ENTRY                   ADDRESS         REF BY
           =====                   =======         ======
           M230_ReadEEPROM         00001715 
               calls direct
               XSTACK = 00000000 ( 00000009 )
    -------------------------------------------------------------------------
<BANKED_CODE> 1 (was BANKED_CODE)
  Relative segment, address: CODE 00001735 - 00001741 (0xd bytes), align: 0
  Segment part 37.            Intra module refs:   M230_ReadEEPROM
                                                   M230_WriteEEPROM
           LOCAL                   ADDRESS         
           =====                   =======         
           ?Subroutine2            00001735 
    -------------------------------------------------------------------------
<BANKED_CODE> 1 (was BANKED_CODE)
  Relative segment, address: CODE 00001742 - 00001742 (0x1 bytes), align: 0
  Segment part 38.            Intra module refs:   ?Subroutine2
                                                   M230_WriteEEPROM
           LOCAL                   ADDRESS         
           =====                   =======         
           ?Subroutine5            00001742 
    -------------------------------------------------------------------------
<BANKED_CODE> 1 (was BANKED_CODE)
  Relative segment, address: CODE 00001743 - 00001749 (0x7 bytes), align: 0
  Segment part 39.            Intra module refs:   ?Subroutine2
                                                   ?Subroutine5
                                                   M230_ReadEEPROM
    -------------------------------------------------------------------------
BANK_RELAYS
  Relative segment, address: CODE 0000024F - 00000254 (0x6 bytes), align: 0
  Segment part 12.            Intra module refs:   ?Subroutine2
                                                   M230_ReadEEPROM
           ENTRY                   ADDRESS         REF BY
           =====                   =======         ======
           M230_I2cStart::?relay   0000024F 
    -------------------------------------------------------------------------
BANK_RELAYS
  Relative segment, address: CODE 00000255 - 0000025A (0x6 bytes), align: 0
  Segment part 18.            Intra module refs:   M230_ReadEEPROM
                                                   M230_WriteEEPROM
           ENTRY                   ADDRESS         REF BY
           =====                   =======         ======
           M230_I2cStop::?relay    00000255 
    -------------------------------------------------------------------------
BANK_RELAYS
  Relative segment, address: CODE 0000025B - 00000260 (0x6 bytes), align: 0
  Segment part 20.            Intra module refs:   Segment part 39
           ENTRY                   ADDRESS         REF BY
           =====                   =======         ======
           M230_I2cAck::?relay     0000025B 
    -------------------------------------------------------------------------
BANK_RELAYS
  Relative segment, address: CODE 00000261 - 00000266 (0x6 bytes), align: 0
  Segment part 22.            Intra module refs:   M230_ReadEEPROM
           ENTRY                   ADDRESS         REF BY
           =====                   =======         ======
           M230_I2cNack::?relay    00000261 
    -------------------------------------------------------------------------
BANK_RELAYS
  Relative segment, address: CODE 00000267 - 0000026C (0x6 bytes), align: 0
  Segment part 24.            Intra module refs:   Segment part 39
           ENTRY                   ADDRESS         REF BY
           =====                   =======         ======
           M230_I2cWrite::?relay   00000267 
    -------------------------------------------------------------------------
BANK_RELAYS
  Relative segment, address: CODE 0000026D - 00000272 (0x6 bytes), align: 0
  Segment part 28.            Intra module refs:   M230_ReadEEPROM
           ENTRY                   ADDRESS         REF BY
           =====                   =======         ======
           M230_I2cRead::?relay    0000026D 
    -------------------------------------------------------------------------
BANK_RELAYS
  Relative segment, address: CODE 00000273 - 00000278 (0x6 bytes), align: 0
  Segment part 31.
           ENTRY                   ADDRESS         REF BY
           =====                   =======         ======
           M230_Init::?relay       00000273        MasterInit (Master_A)
    -------------------------------------------------------------------------
BANK_RELAYS
  Relative segment, address: CODE 00000279 - 0000027E (0x6 bytes), align: 0
  Segment part 34.
           ENTRY                   ADDRESS         REF BY
           =====                   =======         ======
           M230_WriteEEPROM::?relay
                                   00000279        WriteEEPROM (Master_A)
    -------------------------------------------------------------------------
BANK_RELAYS
  Relative segment, address: CODE 0000027F - 00000284 (0x6 bytes), align: 0
  Segment part 36.            Intra module refs:   M230_Init
           ENTRY                   ADDRESS         REF BY
           =====                   =======         ======
           M230_ReadEEPROM::?relay
                                   0000027F        SendData (Master_A)

    *************************************************************************

  FILE NAME : C:\Users\´^§Ó»¨\Desktop\DSP_Wireless_¶i¶¥´Ú\DSP_2530_Code\Master_A\ex_M230\debug\Obj\Master_A.r51
  PROGRAM MODULE, NAME : Master_A

  SEGMENTS IN THE MODULE
  ======================
XDATA_Z
  Relative segment, address: XDATA 00000101 - 000001FF (0xff bytes), align: 0
  Segment part 46.            Intra module refs:   ?Subroutine9
                                                   Client_Program_Order
                                                   Client_Program_Time
                                                   SendData
                                                   WriteEEPROM
           LOCAL                   ADDRESS         
           =====                   =======         
           pTxData                 00000101 
    -------------------------------------------------------------------------
XDATA_Z
  Relative segment, address: XDATA 00000200 - 000002FE (0xff bytes), align: 0
  Segment part 47.            Intra module refs:   ShowZoneMode
           LOCAL                   ADDRESS         
           =====                   =======         
           pRxData                 00000200 
    -------------------------------------------------------------------------
XDATA_Z
  Relative segment, address: XDATA 000002FF - 00000304 (0x6 bytes), align: 0
  Segment part 48.            Intra module refs:   MasterInit
           LOCAL                   ADDRESS         
           =====                   =======         
           basicRfConfig           000002FF 
    -------------------------------------------------------------------------
XDATA_Z
  Relative segment, address: XDATA 00000305 - 00000305 (0x1 bytes), align: 0
  Segment part 49.            Intra module refs:   ?Subroutine10
                                                   Client_Program_Order
           ENTRY                   ADDRESS         REF BY
           =====                   =======         ======
           key                     00000305 
    -------------------------------------------------------------------------
XDATA_Z
  Relative segment, address: XDATA 00000306 - 00000306 (0x1 bytes), align: 0
  Segment part 50.            Intra module refs:   ?Subroutine3
                                                   ?Subroutine4
                                                   Client_Program_Order
                                                   Client_Program_Time
           ENTRY                   ADDRESS         REF BY
           =====                   =======         ======
           KeyCount                00000306 
    -------------------------------------------------------------------------
XDATA_Z
  Relative segment, address: XDATA 00000307 - 00000316 (0x10 bytes), align: 0
  Segment part 51.            Intra module refs:   Client_Program_Order
           ENTRY                   ADDRESS         REF BY
           =====                   =======         ======
           ProgramA                00000307 
    -------------------------------------------------------------------------
XDATA_Z
  Relative segment, address: XDATA 00000317 - 00000319 (0x3 bytes), align: 0
  Segment part 52.            Intra module refs:   MasterInit
           ENTRY                   ADDRESS         REF BY
           =====                   =======         ======
           ShowMode                00000317 
    -------------------------------------------------------------------------
XDATA_Z
  Relative segment, address: XDATA 0000031A - 0000031C (0x3 bytes), align: 0
  Segment part 53.            Intra module refs:   ShowZoneMode
           ENTRY                   ADDRESS         REF BY
           =====                   =======         ======
           RxData                  0000031A 
    -------------------------------------------------------------------------
<BANKED_CODE> 1 (was BANKED_CODE)
  Relative segment, address: CODE 000009D0 - 000009EF (0x20 bytes), align: 0
  Segment part 54.
           ENTRY                   ADDRESS         REF BY
           =====                   =======         ======
           main                    000009D0        ?call_main (?cmain)
               calls direct
    -------------------------------------------------------------------------
<BANKED_CODE> 1 (was BANKED_CODE)
  Relative segment, address: CODE 000009F0 - 00000A48 (0x59 bytes), align: 0
  Segment part 56.            Intra module refs:   MasterInit::?relay
           ENTRY                   ADDRESS         REF BY
           =====                   =======         ======
           MasterInit              000009F0 
               calls direct
               ISTACK = 00000000 ( 00000002 )
    -------------------------------------------------------------------------
<BANKED_CODE> 1 (was BANKED_CODE)
  Relative segment, address: CODE 00000A49 - 00000A4F (0x7 bytes), align: 0
  Segment part 58.            Intra module refs:   MasterInit
                                                   ReadKeyInt
           LOCAL                   ADDRESS         
           =====                   =======         
           ?Subroutine0            00000A49 
    -------------------------------------------------------------------------
<BANKED_CODE> 1 (was BANKED_CODE)
  Relative segment, address: CODE 00000A50 - 00000B57 (0x108 bytes), align: 0
  Segment part 59.            Intra module refs:   Client_Program_Order::?relay
           ENTRY                   ADDRESS         REF BY
           =====                   =======         ======
           Client_Program_Order    00000A50 
               calls direct
               XSTACK = 00000009 ( 0000000C )
               ISTACK = 00000000 ( 00000001 )
    -------------------------------------------------------------------------
<BANKED_CODE> 1 (was BANKED_CODE)
  Relative segment, address: CODE 00000B58 - 00000B5C (0x5 bytes), align: 0
  Segment part 61.            Intra module refs:   Client_Program_Order
                                                   SendData
           LOCAL                   ADDRESS         
           =====                   =======         
           ?Subroutine1            00000B58 
    -------------------------------------------------------------------------
<BANKED_CODE> 1 (was BANKED_CODE)
  Relative segment, address: CODE 00000B5D - 00000B6C (0x10 bytes), align: 0
  Segment part 62.            Intra module refs:   Client_Program_Order
           LOCAL                   ADDRESS         
           =====                   =======         
           ?Subroutine4            00000B5D 
    -------------------------------------------------------------------------
<BANKED_CODE> 1 (was BANKED_CODE)
  Relative segment, address: CODE 00000B6D - 00000BA2 (0x36 bytes), align: 0
  Segment part 63.            Intra module refs:   halLcdWriteIntToChar::?relay
           ENTRY                   ADDRESS         REF BY
           =====                   =======         ======
           halLcdWriteIntToChar    00000B6D 
               calls direct
               XSTACK = 0000000C ( 0000000C )
    -------------------------------------------------------------------------
<BANKED_CODE> 1 (was BANKED_CODE)
  Relative segment, address: CODE 00000BA3 - 00000C3A (0x98 bytes), align: 0
  Segment part 65.            Intra module refs:   Client_Program_Time::?relay
           ENTRY                   ADDRESS         REF BY
           =====                   =======         ======
           Client_Program_Time     00000BA3 
               calls direct
               XSTACK = 00000009 ( 0000000B )
               ISTACK = 00000000 ( 00000002 )
    -------------------------------------------------------------------------
<BANKED_CODE> 1 (was BANKED_CODE)
  Relative segment, address: CODE 00000C3B - 00000C40 (0x6 bytes), align: 0
  Segment part 67.            Intra module refs:   Client_Program_Order
                                                   Client_Program_Time
           LOCAL                   ADDRESS         
           =====                   =======         
           ?Subroutine5            00000C3B 
    -------------------------------------------------------------------------
<BANKED_CODE> 1 (was BANKED_CODE)
  Relative segment, address: CODE 00000C41 - 00000C59 (0x19 bytes), align: 0
  Segment part 68.            Intra module refs:   Client_Program_Order
                                                   Client_Program_Time
           LOCAL                   ADDRESS         
           =====                   =======         
           ?Subroutine3            00000C41 
    -------------------------------------------------------------------------
<BANKED_CODE> 1 (was BANKED_CODE)
  Relative segment, address: CODE 00000C5A - 00000C60 (0x7 bytes), align: 0
  Segment part 69.            Intra module refs:   CommandZone
                                                   ShowZoneMode
           LOCAL                   ADDRESS         
           =====                   =======         
           ?Subroutine2            00000C5A 
    -------------------------------------------------------------------------
<BANKED_CODE> 1 (was BANKED_CODE)
  Relative segment, address: CODE 00000C61 - 00000C65 (0x5 bytes), align: 0
  Segment part 70.            Intra module refs:   ?Subroutine2
                                                   Client_Program_Time
                                                   CommandAction
    -------------------------------------------------------------------------
<BANKED_CODE> 1 (was BANKED_CODE)
  Relative segment, address: CODE 00000C66 - 00000CCA (0x65 bytes), align: 0
  Segment part 71.            Intra module refs:   ReadKeyInt::?relay
           ENTRY                   ADDRESS         REF BY
           =====                   =======         ======
           ReadKeyInt              00000C66 
               calls direct
               XSTACK = 0000000C ( 00000000 )
               ISTACK = 00000000 ( 00000002 )
    -------------------------------------------------------------------------
<BANKED_CODE> 1 (was BANKED_CODE)
  Relative segment, address: CODE 00000CCB - 00000CCE (0x4 bytes), align: 0
  Segment part 73.            Intra module refs:   Client_Program_Order
                                                   ReadKeyInt
                                                   ShowZoneMode
                                                   main
           LOCAL                   ADDRESS         
           =====                   =======         
           ?Subroutine6            00000CCB 
    -------------------------------------------------------------------------
<BANKED_CODE> 1 (was BANKED_CODE)
  Relative segment, address: CODE 00000CCF - 00000CD7 (0x9 bytes), align: 0
  Segment part 74.            Intra module refs:   ?Subroutine5
                                                   ?Subroutine6
           LOCAL                   ADDRESS         
           =====                   =======         
           ?Subroutine10           00000CCF 
    -------------------------------------------------------------------------
<BANKED_CODE> 1 (was BANKED_CODE)
  Relative segment, address: CODE 00000CD8 - 00000D4E (0x77 bytes), align: 0
  Segment part 75.            Intra module refs:   CommandZone::?relay
           ENTRY                   ADDRESS         REF BY
           =====                   =======         ======
           CommandZone             00000CD8 
               calls direct
               XSTACK = 00000000 ( 00000009 )
    -------------------------------------------------------------------------
<BANKED_CODE> 1 (was BANKED_CODE)
  Relative segment, address: CODE 00000D4F - 00000DBD (0x6f bytes), align: 0
  Segment part 77.            Intra module refs:   CommandAction::?relay
           ENTRY                   ADDRESS         REF BY
           =====                   =======         ======
           CommandAction           00000D4F 
               calls direct
               XSTACK = 00000009 ( 00000009 )
    -------------------------------------------------------------------------
<BANKED_CODE> 1 (was BANKED_CODE)
  Relative segment, address: CODE 00000DBE - 00000E77 (0xba bytes), align: 0
  Segment part 79.            Intra module refs:   ShowZoneMode::?relay
           ENTRY                   ADDRESS         REF BY
           =====                   =======         ======
           ShowZoneMode            00000DBE 
               calls direct
               XSTACK = 00000009 ( 00000009 )
    -------------------------------------------------------------------------
<BANKED_CODE> 1 (was BANKED_CODE)
  Relative segment, address: CODE 00000E78 - 00000E86 (0xf bytes), align: 0
  Segment part 81.            Intra module refs:   CommandZone
                                                   ShowZoneMode
           LOCAL                   ADDRESS         
           =====                   =======         
           ?Subroutine7            00000E78 
    -------------------------------------------------------------------------
<BANKED_CODE> 1 (was BANKED_CODE)
  Relative segment, address: CODE 00000E87 - 00000EE5 (0x5f bytes), align: 0
  Segment part 82.            Intra module refs:   WriteEEPROM::?relay
           ENTRY                   ADDRESS         REF BY
           =====                   =======         ======
           WriteEEPROM             00000E87 
               calls direct
               XSTACK = 00000009 ( 0000000B )
    -------------------------------------------------------------------------
<BANKED_CODE> 1 (was BANKED_CODE)
  Relative segment, address: CODE 00000EE6 - 00000F35 (0x50 bytes), align: 0
  Segment part 86.            Intra module refs:   SendData::?relay
           ENTRY                   ADDRESS         REF BY
           =====                   =======         ======
           SendData                00000EE6 
               calls direct
               XSTACK = 00000009 ( 0000000A )
               ISTACK = 00000000 ( 00000001 )
    -------------------------------------------------------------------------
<BANKED_CODE> 1 (was BANKED_CODE)
  Relative segment, address: CODE 00000F36 - 00000F3B (0x6 bytes), align: 0
  Segment part 88.            Intra module refs:   SendData
           LOCAL                   ADDRESS         
           =====                   =======         
           ?Subroutine8            00000F36 
    -------------------------------------------------------------------------
<BANKED_CODE> 1 (was BANKED_CODE)
  Relative segment, address: CODE 00000F3C - 00000F48 (0xd bytes), align: 0
  Segment part 89.            Intra module refs:   ?Subroutine8
                                                   WriteEEPROM
           LOCAL                   ADDRESS         
           =====                   =======         
           ?Subroutine9            00000F3C 
    -------------------------------------------------------------------------
XDATA_ID
  Relative segment, address: CODE 00000142 - 00000152 (0x11 bytes), align: 0
  Segment part 7.             Intra module refs:   Segment part 6
    -------------------------------------------------------------------------
XDATA_ID
  Relative segment, address: CODE 00000153 - 00000160 (0xe bytes), align: 0
  Segment part 9.             Intra module refs:   Segment part 8
    -------------------------------------------------------------------------
XDATA_ID
  Relative segment, address: CODE 00000161 - 00000170 (0x10 bytes), align: 0
  Segment part 11.            Intra module refs:   Segment part 10
    -------------------------------------------------------------------------
XDATA_ID
  Relative segment, address: CODE 00000171 - 00000173 (0x3 bytes), align: 0
  Segment part 13.            Intra module refs:   Segment part 12
    -------------------------------------------------------------------------
XDATA_ID
  Relative segment, address: CODE 00000174 - 00000180 (0xd bytes), align: 0
  Segment part 15.            Intra module refs:   Segment part 14
    -------------------------------------------------------------------------
XDATA_ID
  Relative segment, address: CODE 00000181 - 00000190 (0x10 bytes), align: 0
  Segment part 17.            Intra module refs:   Segment part 16
    -------------------------------------------------------------------------
XDATA_ID
  Relative segment, address: CODE 00000191 - 000001A1 (0x11 bytes), align: 0
  Segment part 19.            Intra module refs:   Segment part 18
    -------------------------------------------------------------------------
XDATA_ID
  Relative segment, address: CODE 000001A2 - 000001B2 (0x11 bytes), align: 0
  Segment part 21.            Intra module refs:   Segment part 20
    -------------------------------------------------------------------------
XDATA_ID
  Relative segment, address: CODE 000001B3 - 000001C3 (0x11 bytes), align: 0
  Segment part 23.            Intra module refs:   Segment part 22
    -------------------------------------------------------------------------
XDATA_ID
  Relative segment, address: CODE 000001C4 - 000001D4 (0x11 bytes), align: 0
  Segment part 25.            Intra module refs:   Segment part 24
    -------------------------------------------------------------------------
XDATA_ID
  Relative segment, address: CODE 000001D5 - 000001E5 (0x11 bytes), align: 0
  Segment part 27.            Intra module refs:   Segment part 26
    -------------------------------------------------------------------------
XDATA_ID
  Relative segment, address: CODE 000001E6 - 000001F4 (0xf bytes), align: 0
  Segment part 29.            Intra module refs:   Segment part 28
    -------------------------------------------------------------------------
XDATA_ID
  Relative segment, address: CODE 000001F5 - 00000203 (0xf bytes), align: 0
  Segment part 31.            Intra module refs:   Segment part 30
    -------------------------------------------------------------------------
XDATA_ID
  Relative segment, address: CODE 00000204 - 00000212 (0xf bytes), align: 0
  Segment part 33.            Intra module refs:   Segment part 32
    -------------------------------------------------------------------------
XDATA_ID
  Relative segment, address: CODE 00000213 - 00000220 (0xe bytes), align: 0
  Segment part 35.            Intra module refs:   Segment part 34
    -------------------------------------------------------------------------
XDATA_ID
  Relative segment, address: CODE 00000221 - 00000229 (0x9 bytes), align: 0
  Segment part 37.            Intra module refs:   Segment part 36
    -------------------------------------------------------------------------
XDATA_ID
  Relative segment, address: CODE 0000022A - 0000022B (0x2 bytes), align: 0
  Segment part 39.            Intra module refs:   Segment part 38
    -------------------------------------------------------------------------
XDATA_ID
  Relative segment, address: CODE 0000022C - 0000022D (0x2 bytes), align: 0
  Segment part 41.            Intra module refs:   Segment part 40
    -------------------------------------------------------------------------
XDATA_ID
  Relative segment, address: CODE 0000022E - 0000022F (0x2 bytes), align: 0
  Segment part 43.            Intra module refs:   Segment part 42
    -------------------------------------------------------------------------
XDATA_ID
  Relative segment, address: CODE 00000230 - 0000023A (0xb bytes), align: 0
  Segment part 45.            Intra module refs:   Segment part 44
    -------------------------------------------------------------------------
BANK_RELAYS
  Relative segment, address: CODE 00000285 - 0000028A (0x6 bytes), align: 0
  Segment part 57.            Intra module refs:   main
           ENTRY                   ADDRESS         REF BY
           =====                   =======         ======
           MasterInit::?relay      00000285 
    -------------------------------------------------------------------------
BANK_RELAYS
  Relative segment, address: CODE 0000028B - 00000290 (0x6 bytes), align: 0
  Segment part 60.            Intra module refs:   CommandAction
           ENTRY                   ADDRESS         REF BY
           =====                   =======         ======
           Client_Program_Order::?relay
                                   0000028B 
    -------------------------------------------------------------------------
BANK_RELAYS
  Relative segment, address: CODE 00000291 - 00000296 (0x6 bytes), align: 0
  Segment part 64.            Intra module refs:   Client_Program_Order
                                                   Client_Program_Time
                                                   ShowZoneMode
           ENTRY                   ADDRESS         REF BY
           =====                   =======         ======
           halLcdWriteIntToChar::?relay
                                   00000291 
    -------------------------------------------------------------------------
BANK_RELAYS
  Relative segment, address: CODE 00000297 - 0000029C (0x6 bytes), align: 0
  Segment part 66.            Intra module refs:   CommandAction
           ENTRY                   ADDRESS         REF BY
           =====                   =======         ======
           Client_Program_Time::?relay
                                   00000297 
    -------------------------------------------------------------------------
BANK_RELAYS
  Relative segment, address: CODE 0000029D - 000002A2 (0x6 bytes), align: 0
  Segment part 72.            Intra module refs:   Client_Program_Order
                                                   Client_Program_Time
                                                   CommandAction
           ENTRY                   ADDRESS         REF BY
           =====                   =======         ======
           ReadKeyInt::?relay      0000029D 
    -------------------------------------------------------------------------
BANK_RELAYS
  Relative segment, address: CODE 000002A3 - 000002A8 (0x6 bytes), align: 0
  Segment part 76.            Intra module refs:   main
           ENTRY                   ADDRESS         REF BY
           =====                   =======         ======
           CommandZone::?relay     000002A3 
    -------------------------------------------------------------------------
BANK_RELAYS
  Relative segment, address: CODE 000002A9 - 000002AE (0x6 bytes), align: 0
  Segment part 78.            Intra module refs:   CommandZone
           ENTRY                   ADDRESS         REF BY
           =====                   =======         ======
           CommandAction::?relay   000002A9 
    -------------------------------------------------------------------------
BANK_RELAYS
  Relative segment, address: CODE 000002AF - 000002B4 (0x6 bytes), align: 0
  Segment part 80.            Intra module refs:   CommandAction
           ENTRY                   ADDRESS         REF BY
           =====                   =======         ======
           ShowZoneMode::?relay    000002AF 
    -------------------------------------------------------------------------
BANK_RELAYS
  Relative segment, address: CODE 000002B5 - 000002BA (0x6 bytes), align: 0
  Segment part 83.            Intra module refs:   CommandAction
           ENTRY                   ADDRESS         REF BY
           =====                   =======         ======
           WriteEEPROM::?relay     000002B5 
    -------------------------------------------------------------------------
BANK_RELAYS
  Relative segment, address: CODE 000002BB - 000002C0 (0x6 bytes), align: 0
  Segment part 87.            Intra module refs:   CommandZone
           ENTRY                   ADDRESS         REF BY
           =====                   =======         ======
           SendData::?relay        000002BB 
    -------------------------------------------------------------------------
XDATA_I
  Relative segment, address: XDATA 00000559 - 00000569 (0x11 bytes), align: 0
  Segment part 6.             Intra module refs:   ?Subroutine7
                                                   MasterInit
    -------------------------------------------------------------------------
XDATA_I
  Relative segment, address: XDATA 0000056A - 00000577 (0xe bytes), align: 0
  Segment part 8.             Intra module refs:   CommandZone
                                                   MasterInit
    -------------------------------------------------------------------------
XDATA_I
  Relative segment, address: XDATA 00000578 - 00000587 (0x10 bytes), align: 0
  Segment part 10.            Intra module refs:   Client_Program_Order
    -------------------------------------------------------------------------
XDATA_I
  Relative segment, address: XDATA 00000588 - 0000058A (0x3 bytes), align: 0
  Segment part 12.            Intra module refs:   Client_Program_Order
    -------------------------------------------------------------------------
XDATA_I
  Relative segment, address: XDATA 0000058B - 00000597 (0xd bytes), align: 0
  Segment part 14.            Intra module refs:   Client_Program_Order
    -------------------------------------------------------------------------
XDATA_I
  Relative segment, address: XDATA 00000598 - 000005A7 (0x10 bytes), align: 0
  Segment part 16.            Intra module refs:   ?Subroutine4
    -------------------------------------------------------------------------
XDATA_I
  Relative segment, address: XDATA 000005A8 - 000005B8 (0x11 bytes), align: 0
  Segment part 18.            Intra module refs:   Client_Program_Time
    -------------------------------------------------------------------------
XDATA_I
  Relative segment, address: XDATA 000005B9 - 000005C9 (0x11 bytes), align: 0
  Segment part 20.            Intra module refs:   CommandZone
    -------------------------------------------------------------------------
XDATA_I
  Relative segment, address: XDATA 000005CA - 000005DA (0x11 bytes), align: 0
  Segment part 22.            Intra module refs:   CommandZone
    -------------------------------------------------------------------------
XDATA_I
  Relative segment, address: XDATA 000005DB - 000005EB (0x11 bytes), align: 0
  Segment part 24.            Intra module refs:   CommandZone
    -------------------------------------------------------------------------
XDATA_I
  Relative segment, address: XDATA 000005EC - 000005FC (0x11 bytes), align: 0
  Segment part 26.            Intra module refs:   CommandZone
    -------------------------------------------------------------------------
XDATA_I
  Relative segment, address: XDATA 000005FD - 0000060B (0xf bytes), align: 0
  Segment part 28.            Intra module refs:   CommandAction
    -------------------------------------------------------------------------
XDATA_I
  Relative segment, address: XDATA 0000060C - 0000061A (0xf bytes), align: 0
  Segment part 30.            Intra module refs:   CommandAction
    -------------------------------------------------------------------------
XDATA_I
  Relative segment, address: XDATA 0000061B - 00000629 (0xf bytes), align: 0
  Segment part 32.            Intra module refs:   CommandAction
    -------------------------------------------------------------------------
XDATA_I
  Relative segment, address: XDATA 0000062A - 00000637 (0xe bytes), align: 0
  Segment part 34.            Intra module refs:   ShowZoneMode
    -------------------------------------------------------------------------
XDATA_I
  Relative segment, address: XDATA 00000638 - 00000640 (0x9 bytes), align: 0
  Segment part 36.            Intra module refs:   ShowZoneMode
    -------------------------------------------------------------------------
XDATA_I
  Relative segment, address: XDATA 00000641 - 00000642 (0x2 bytes), align: 0
  Segment part 38.            Intra module refs:   ShowZoneMode
    -------------------------------------------------------------------------
XDATA_I
  Relative segment, address: XDATA 00000643 - 00000644 (0x2 bytes), align: 0
  Segment part 40.            Intra module refs:   ShowZoneMode
    -------------------------------------------------------------------------
XDATA_I
  Relative segment, address: XDATA 00000645 - 00000646 (0x2 bytes), align: 0
  Segment part 42.            Intra module refs:   ShowZoneMode
    -------------------------------------------------------------------------
XDATA_I
  Relative segment, address: XDATA 00000647 - 00000651 (0xb bytes), align: 0
  Segment part 44.            Intra module refs:   ShowZoneMode

    *************************************************************************

  FILE NAME : C:\Users\´^§Ó»¨\Desktop\DSP_Wireless_¶i¶¥´Ú\DSP_2530_Code\Master_A\ex_M230\debug\Obj\basic_rf.r51
  PROGRAM MODULE, NAME : basic_rf

  SEGMENTS IN THE MODULE
  ======================
XDATA_I
  Relative segment, address: XDATA 00000652 - 0000065D (0xc bytes), align: 0
  Segment part 6.             Intra module refs:   ?Subroutine2
                                                   basicRfInit
                                                   basicRfPacketIsReady
                                                   basicRfReceive
                                                   basicRfRxFrmDoneIsr
           LOCAL                   ADDRESS         
           =====                   =======         
           rxi                     00000652 
    -------------------------------------------------------------------------
XDATA_I
  Relative segment, address: XDATA 0000065E - 00000661 (0x4 bytes), align: 0
  Segment part 12.            Intra module refs:   basicRfInit
                                                   convInt32ToText (util)
           ENTRY                   ADDRESS         REF BY
           =====                   =======         ======
           __Constant_0            0000065E 
    -------------------------------------------------------------------------
XDATA_Z
  Relative segment, address: XDATA 0000031D - 00000323 (0x7 bytes), align: 0
  Segment part 8.             Intra module refs:   basicRfInit
                                                   basicRfReceiveOn
                                                   basicRfRxFrmDoneIsr
                                                   basicRfSendPacket
           LOCAL                   ADDRESS         
           =====                   =======         
           txState                 0000031D 
    -------------------------------------------------------------------------
XDATA_Z
  Relative segment, address: XDATA 00000324 - 00000325 (0x2 bytes), align: 0
  Segment part 9.             Intra module refs:   ?Subroutine5
                                                   ?Subroutine6
                                                   basicRfInit
                                                   basicRfSendPacket
           LOCAL                   ADDRESS         
           =====                   =======         
           pConfig                 00000324 
    -------------------------------------------------------------------------
XDATA_Z
  Relative segment, address: XDATA 00000326 - 00000398 (0x73 bytes), align: 0
  Segment part 10.            Intra module refs:   basicRfSendPacket
           LOCAL                   ADDRESS         
           =====                   =======         
           txMpdu                  00000326 
    -------------------------------------------------------------------------
XDATA_Z
  Relative segment, address: XDATA 00000399 - 00000418 (0x80 bytes), align: 0
  Segment part 11.            Intra module refs:   ?Subroutine4
                                                   basicRfRxFrmDoneIsr
           LOCAL                   ADDRESS         
           =====                   =======         
           rxMpdu                  00000399 
    -------------------------------------------------------------------------
<BANKED_CODE> 1 (was BANKED_CODE)
  Relative segment, address: CODE 00000F49 - 0000101D (0xd5 bytes), align: 0
  Segment part 14.            Intra module refs:   basicRfRxFrmDoneIsr::?relay
           LOCAL                   ADDRESS         
           =====                   =======         
           basicRfRxFrmDoneIsr     00000F49 
               calls direct, is indirectly called
               ISTACK = 00000000 ( 00000002 )
    -------------------------------------------------------------------------
<BANKED_CODE> 1 (was BANKED_CODE)
  Relative segment, address: CODE 0000101E - 0000102B (0xe bytes), align: 0
  Segment part 16.            Intra module refs:   basicRfRxFrmDoneIsr
           LOCAL                   ADDRESS         
           =====                   =======         
           ?Subroutine4            0000101E 
    -------------------------------------------------------------------------
<BANKED_CODE> 1 (was BANKED_CODE)
  Relative segment, address: CODE 0000102C - 0000102E (0x3 bytes), align: 0
  Segment part 17.            Intra module refs:   basicRfReceive
                                                   basicRfRxFrmDoneIsr
           LOCAL                   ADDRESS         
           =====                   =======         
           ?Subroutine2            0000102C 
    -------------------------------------------------------------------------
<BANKED_CODE> 1 (was BANKED_CODE)
  Relative segment, address: CODE 0000102F - 00001035 (0x7 bytes), align: 0
  Segment part 18.            Intra module refs:   ?Subroutine2
                                                   basicRfReceive
    -------------------------------------------------------------------------
<BANKED_CODE> 1 (was BANKED_CODE)
  Relative segment, address: CODE 00001036 - 00001036 (0x1 bytes), align: 0
  Segment part 19.            Intra module refs:   basicRfPacketIsReady
           LOCAL                   ADDRESS         
           =====                   =======         
           ?Subroutine0            00001036 
    -------------------------------------------------------------------------
<BANKED_CODE> 1 (was BANKED_CODE)
  Relative segment, address: CODE 00001037 - 0000103D (0x7 bytes), align: 0
  Segment part 20.            Intra module refs:   ?Subroutine0
                                                   basicRfReceiveOn
                                                   basicRfRxFrmDoneIsr
    -------------------------------------------------------------------------
<BANKED_CODE> 1 (was BANKED_CODE)
  Relative segment, address: CODE 0000103E - 000010A5 (0x68 bytes), align: 0
  Segment part 21.            Intra module refs:   basicRfInit::?relay
           ENTRY                   ADDRESS         REF BY
           =====                   =======         ======
           basicRfInit             0000103E 
               calls direct
               XSTACK = 00000000 ( 00000009 )
    -------------------------------------------------------------------------
<BANKED_CODE> 1 (was BANKED_CODE)
  Relative segment, address: CODE 000010A6 - 000010A9 (0x4 bytes), align: 0
  Segment part 23.            Intra module refs:   basicRfInit
           LOCAL                   ADDRESS         
           =====                   =======         
           ?Subroutine3            000010A6 
    -------------------------------------------------------------------------
<BANKED_CODE> 1 (was BANKED_CODE)
  Relative segment, address: CODE 000010AA - 000010AF (0x6 bytes), align: 0
  Segment part 24.            Intra module refs:   ?Subroutine1
                                                   ?Subroutine3
           LOCAL                   ADDRESS         
           =====                   =======         
           ?Subroutine6            000010AA 
    -------------------------------------------------------------------------
<BANKED_CODE> 1 (was BANKED_CODE)
  Relative segment, address: CODE 000010B0 - 000010B7 (0x8 bytes), align: 0
  Segment part 25.            Intra module refs:   ?Subroutine6
                                                   basicRfSendPacket
    -------------------------------------------------------------------------
<BANKED_CODE> 1 (was BANKED_CODE)
  Relative segment, address: CODE 000010B8 - 000011A4 (0xed bytes), align: 0
  Segment part 26.            Intra module refs:   basicRfSendPacket::?relay
           ENTRY                   ADDRESS         REF BY
           =====                   =======         ======
           basicRfSendPacket       000010B8 
               calls direct
               XSTACK = 00000000 ( 0000000C )
               ISTACK = 00000000 ( 00000001 )
    -------------------------------------------------------------------------
<BANKED_CODE> 1 (was BANKED_CODE)
  Relative segment, address: CODE 000011A5 - 000011B1 (0xd bytes), align: 0
  Segment part 28.            Intra module refs:   basicRfInit
                                                   basicRfSendPacket
           LOCAL                   ADDRESS         
           =====                   =======         
           ?Subroutine5            000011A5 
    -------------------------------------------------------------------------
<BANKED_CODE> 1 (was BANKED_CODE)
  Relative segment, address: CODE 000011B2 - 000011B9 (0x8 bytes), align: 0
  Segment part 29.            Intra module refs:   basicRfSendPacket
           LOCAL                   ADDRESS         
           =====                   =======         
           ?Subroutine1            000011B2 
    -------------------------------------------------------------------------
<BANKED_CODE> 1 (was BANKED_CODE)
  Relative segment, address: CODE 000011BA - 000011C4 (0xb bytes), align: 0
  Segment part 30.            Intra module refs:   basicRfPacketIsReady::?relay
           ENTRY                   ADDRESS         REF BY
           =====                   =======         ======
           basicRfPacketIsReady    000011BA 
               ISTACK = 00000000 ( 00000002 )
    -------------------------------------------------------------------------
<BANKED_CODE> 1 (was BANKED_CODE)
  Relative segment, address: CODE 000011C5 - 00001259 (0x95 bytes), align: 0
  Segment part 32.            Intra module refs:   basicRfReceive::?relay
           ENTRY                   ADDRESS         REF BY
           =====                   =======         ======
           basicRfReceive          000011C5 
               calls direct
               XSTACK = 00000000 ( 00000010 )
    -------------------------------------------------------------------------
<BANKED_CODE> 1 (was BANKED_CODE)
  Relative segment, address: CODE 0000125A - 00001269 (0x10 bytes), align: 0
  Segment part 36.            Intra module refs:   basicRfReceiveOn::?relay
           ENTRY                   ADDRESS         REF BY
           =====                   =======         ======
           basicRfReceiveOn        0000125A 
               calls direct
               ISTACK = 00000000 ( 00000002 )
    -------------------------------------------------------------------------
XDATA_ID
  Relative segment, address: CODE 0000023B - 00000246 (0xc bytes), align: 0
  Segment part 7.             Intra module refs:   rxi
    -------------------------------------------------------------------------
XDATA_ID
  Relative segment, address: CODE 00000247 - 0000024A (0x4 bytes), align: 0
  Segment part 13.            Intra module refs:   __Constant_0
    -------------------------------------------------------------------------
BANK_RELAYS
  Relative segment, address: CODE 000002C1 - 000002C6 (0x6 bytes), align: 0
  Segment part 15.            Intra module refs:   basicRfInit
           LOCAL                   ADDRESS         
           =====                   =======         
           basicRfRxFrmDoneIsr::?relay
                                   000002C1 
    -------------------------------------------------------------------------
BANK_RELAYS
  Relative segment, address: CODE 000002C7 - 000002CC (0x6 bytes), align: 0
  Segment part 22.
           ENTRY                   ADDRESS         REF BY
           =====                   =======         ======
           basicRfInit::?relay     000002C7        MasterInit (Master_A)
    -------------------------------------------------------------------------
BANK_RELAYS
  Relative segment, address: CODE 000002CD - 000002D2 (0x6 bytes), align: 0
  Segment part 27.
           ENTRY                   ADDRESS         REF BY
           =====                   =======         ======
           basicRfSendPacket::?relay
                                   000002CD        SendData (Master_A)
    -------------------------------------------------------------------------
BANK_RELAYS
  Relative segment, address: CODE 000002D3 - 000002D8 (0x6 bytes), align: 0
  Segment part 31.
           ENTRY                   ADDRESS         REF BY
           =====                   =======         ======
           basicRfPacketIsReady::?relay
                                   000002D3        ShowZoneMode (Master_A)
    -------------------------------------------------------------------------
BANK_RELAYS
  Relative segment, address: CODE 000002D9 - 000002DE (0x6 bytes), align: 0
  Segment part 33.
           ENTRY                   ADDRESS         REF BY
           =====                   =======         ======
           basicRfReceive::?relay
                                   000002D9        ShowZoneMode (Master_A)
    -------------------------------------------------------------------------
BANK_RELAYS
  Relative segment, address: CODE 000002DF - 000002E4 (0x6 bytes), align: 0
  Segment part 37.
           ENTRY                   ADDRESS         REF BY
           =====                   =======         ======
           basicRfReceiveOn::?relay
                                   000002DF        MasterInit (Master_A)

    *************************************************************************

  FILE NAME : C:\Users\´^§Ó»¨\Desktop\DSP_Wireless_¶i¶¥´Ú\DSP_2530_Code\Master_A\ex_M230\debug\Obj\basic_rf_security.r51
    *************************************************************************

  FILE NAME : C:\Users\´^§Ó»¨\Desktop\DSP_Wireless_¶i¶¥´Ú\DSP_2530_Code\Master_A\ex_M230\debug\Obj\hal_adc.r51
  PROGRAM MODULE, NAME : hal_adc

  SEGMENTS IN THE MODULE
  ======================
SFR_AN
  Relative segment, address: DATA 00000088 - 00000088 (0x1 bytes), align: 0
  Segment part 1. ROOT.
           ENTRY                   ADDRESS         REF BY
           =====                   =======         ======
           _A_TCON                 00000088 
           LOCAL                   ADDRESS         
           =====                   =======         
           TCON                    00000088 
    -------------------------------------------------------------------------
SFR_AN
  Relative segment, address: DATA 000000B6 - 000000B6 (0x1 bytes), align: 0
  Segment part 2. ROOT.
           ENTRY                   ADDRESS         REF BY
           =====                   =======         ======
           ADCCON3                 000000B6 
    -------------------------------------------------------------------------
SFR_AN
  Relative segment, address: DATA 000000BA - 000000BA (0x1 bytes), align: 0
  Segment part 3. ROOT.
           ENTRY                   ADDRESS         REF BY
           =====                   =======         ======
           ADCL                    000000BA 
    -------------------------------------------------------------------------
SFR_AN
  Relative segment, address: DATA 000000BB - 000000BB (0x1 bytes), align: 0
  Segment part 4. ROOT.
           ENTRY                   ADDRESS         REF BY
           =====                   =======         ======
           ADCH                    000000BB 
    -------------------------------------------------------------------------
SFR_AN
  Relative segment, address: DATA 000000F2 - 000000F2 (0x1 bytes), align: 0
[...]
RCODE
  Relative segment, address: CODE 00000583 - 0000059D (0x1b bytes), align: 0
  Segment part 1.
           ENTRY                   ADDRESS         REF BY
           =====                   =======         ======
           ?ADD_XSTACK_DISP0_8     00000583        ?PUSH_XSTACK_I (?PUSH_XSTACK_I)

    -------------------------------------------------------------------------
  LIBRARY MODULE, NAME : ?XSTACK_DISP8

  SEGMENTS IN THE MODULE
  ======================
RCODE
  Relative segment, address: CODE 0000059E - 000005A7 (0xa bytes), align: 0
  Segment part 1.
           ENTRY                   ADDRESS         REF BY
           =====                   =======         ======
           ?XSTACK_DISP0_8         0000059E        Client_Program_Order (Master_A)
                                                   Client_Program_Time (Master_A)
                                                   convInt32ToText (util)
                                                   memcpy (?memcpy)

    -------------------------------------------------------------------------
  LIBRARY MODULE, NAME : ?CALL_IND

  SEGMENTS IN THE MODULE
  ======================
RCODE
  Relative segment, address: CODE 000005A8 - 000005A9 (0x2 bytes), align: 0
  Segment part 0.
           ENTRY                   ADDRESS         REF BY
           =====                   =======         ======
           ?CALL_IND               000005A8        port0_ISR (hal_digio)
                                                   port1_ISR (hal_digio)
                                                   port2_ISR (hal_digio)
                                                   rfIsr (hal_rf)

    -------------------------------------------------------------------------
  LIBRARY MODULE, NAME : ?BANKED_ENTER_XDATA

  SEGMENTS IN THE MODULE
  ======================
RCODE
  Relative segment, address: CODE 000005AA - 00000615 (0x6c bytes), align: 0
  Segment part 1.
           ENTRY                   ADDRESS         REF BY
           =====                   =======         ======
           ?BANKED_ENTER_XDATA     000005AA        Client_Program_Order (Master_A)
                                                   Client_Program_Time (Master_A)
                                                   CommandAction (Master_A)
                                                   CommandZone (Master_A)
                                                   M230_I2cRead (M230)
                                                   M230_I2cWrite (M230)
                                                   M230_ReadEEPROM (M230)
                                                   M230_WriteEEPROM (M230)
                                                   SendData (Master_A)
                                                   ShowZoneMode (Master_A)
                                                   WriteEEPROM (Master_A)
                                                   basicRfInit (basic_rf)
                                                   basicRfReceive (basic_rf)
                                                   basicRfSendPacket (basic_rf)
                                                   convInt32ToText (util)
                                                   halKeypadI2cRead (hal_keypad)
                                                   halKeypadI2cWrite (hal_keypad)
                                                   halKeypadPushed (hal_keypad)
                                                   halKeypadSensorData (hal_keypad)
                                                   halKeypadWriteRegister (hal_keypad)
                                                   halLcdClear (hal_lcd)
                                                   halLcdWriteChar (hal_lcd)
                                                   halLcdWriteIntToChar (Master_A)
                                                   halLcdWriteString (hal_lcd)
                                                   halMcuWaitMs (hal_mcu)
                                                   halRfWriteTxBuf (hal_rf)
                                                   lcdControl (hal_lcd)
                                                   lcdWrite (hal_lcd)
                                                   lcdWriteMany (hal_lcd)
                                                   memcpy (?memcpy)

    -------------------------------------------------------------------------
  LIBRARY MODULE, NAME : ?BANKED_LEAVE_XDATA

  SEGMENTS IN THE MODULE
  ======================
RCODE
  Relative segment, address: CODE 00000616 - 0000065B (0x46 bytes), align: 0
  Segment part 1.
           ENTRY                   ADDRESS         REF BY
           =====                   =======         ======
           ?BANKED_LEAVE_XDATA     00000616        ?Subroutine1 (Master_A)
                                                   ?Subroutine1 (hal_lcd)
                                                   ?Subroutine2 (hal_keypad)
                                                   ?Subroutine2 (hal_rf)
                                                   Segment part 26 (M230)
                                                   Segment part 26 (hal_keypad)
                                                   Segment part 32 (hal_lcd)
                                                   Segment part 70 (Master_A)
                                                   WriteEEPROM (Master_A)
                                                   basicRfInit (basic_rf)
                                                   basicRfReceive (basic_rf)
                                                   basicRfSendPacket (basic_rf)
                                                   convInt32ToText (util)
                                                   halLcdWriteIntToChar (Master_A)
                                                   halMcuWaitMs (hal_mcu)
                                                   memcpy (?memcpy)

    -------------------------------------------------------------------------
  LIBRARY MODULE, NAME : ?INTERRUPT_ENTER_XSP

  SEGMENTS IN THE MODULE
  ======================
RCODE
  Relative segment, address: CODE 0000065C - 000006BA (0x5f bytes), align: 0
  Segment part 1.
           ENTRY                   ADDRESS         REF BY
           =====                   =======         ======
           ?INTERRUPT_ENTER_XSP    0000065C        port0_ISR (hal_digio)
                                                   port1_ISR (hal_digio)
                                                   port2_ISR (hal_digio)
                                                   rfIsr (hal_rf)

    -------------------------------------------------------------------------
  LIBRARY MODULE, NAME : ?INTERRUPT_LEAVE_XSP

  SEGMENTS IN THE MODULE
  ======================
RCODE
  Relative segment, address: CODE 000006BB - 00000712 (0x58 bytes), align: 0
  Segment part 1.
           ENTRY                   ADDRESS         REF BY
           =====                   =======         ======
           ?INTERRUPT_LEAVE_XSP    000006BB        ?Subroutine1 (hal_digio)
                                                   rfIsr (hal_rf)

    -------------------------------------------------------------------------
  LIBRARY MODULE, NAME : ?PUSH_XSTACK_I

  SEGMENTS IN THE MODULE
  ======================
RCODE
  Relative segment, address: CODE 00000713 - 00000716 (0x4 bytes), align: 0
  Segment part 2.
           ENTRY                   ADDRESS         REF BY
           =====                   =======         ======
           ?PUSH_XSTACK_I_TWO      00000713        basicRfReceive (basic_rf)
    -------------------------------------------------------------------------
RCODE
  Relative segment, address: CODE 00000717 - 00000723 (0xd bytes), align: 0
  Segment part 4.             Intra module refs:   ?PUSH_XSTACK_I_TWO
           ENTRY                   ADDRESS         REF BY
           =====                   =======         ======
           ?PUSH_XSTACK_I          00000717 

    -------------------------------------------------------------------------
  LIBRARY MODULE, NAME : ?US_SWITCH_SPARSE

  SEGMENTS IN THE MODULE
  ======================
RCODE
  Relative segment, address: CODE 00000724 - 0000072D (0xa bytes), align: 0
  Segment part 0.
           ENTRY                   ADDRESS         REF BY
           =====                   =======         ======
           ?US_SWITCH_SPARSE       00000724        halKeypadPushed (hal_keypad)
    -------------------------------------------------------------------------
RCODE
  Relative segment, address: CODE 0000072E - 0000076E (0x41 bytes), align: 0
  Segment part 2.             Intra module refs:   ?US_SWITCH_SPARSE
           ENTRY                   ADDRESS         REF BY
           =====                   =======         ======
           ?US_SWITCH_SPARSE_LEAVE
                                   00000760        ?US_JMP_IF_IN_RANGE (?US_JMP_IF_IN_RANGE)
                                                   ?US_JMP_IF_VALUE (?US_JMP_IF_VALUE)
    -------------------------------------------------------------------------
RCODE
  Relative segment, address: CODE 0000076F - 0000076F (0x1 bytes), align: 0
  Segment part 4.             Intra module refs:   ?US_SWITCH_SPARSE

    -------------------------------------------------------------------------
  LIBRARY MODULE, NAME : ?US_JMP_IF_IN_RANGE

  SEGMENTS IN THE MODULE
  ======================
RCODE
  Relative segment, address: CODE 00000770 - 000007AE (0x3f bytes), align: 0
  Segment part 0.
           ENTRY                   ADDRESS         REF BY
           =====                   =======         ======
           ?US_JMP_IF_IN_RANGE     00000770        ?US_SWITCH_SPARSE_LEAVE (?US_SWITCH_SPARSE)

    -------------------------------------------------------------------------
  LIBRARY MODULE, NAME : ?US_JMP_IF_VALUE

  SEGMENTS IN THE MODULE
  ======================
RCODE
  Relative segment, address: CODE 000007AF - 000007D9 (0x2b bytes), align: 0
  Segment part 0.
           ENTRY                   ADDRESS         REF BY
           =====                   =======         ======
           ?US_JMP_IF_VALUE        000007AF        ?US_SWITCH_SPARSE_LEAVE (?US_SWITCH_SPARSE)

    -------------------------------------------------------------------------
  LIBRARY MODULE, NAME : ?memcpy

  SEGMENTS IN THE MODULE
  ======================
<BANKED_CODE> 1 (was BANKED_CODE)
  Relative segment, address: CODE 00001AFB - 00001B40 (0x46 bytes), align: 0
  Segment part 6.             Intra module refs:   memcpy::?relay
           ENTRY                   ADDRESS         REF BY
           =====                   =======         ======
           memcpy                  00001AFB 
               XSTACK = 00000002 ( 0000000A )
               ISTACK = 00000000 ( 00000001 )
    -------------------------------------------------------------------------
BANK_RELAYS
  Relative segment, address: CODE 000003F3 - 000003F8 (0x6 bytes), align: 0
  Segment part 7.
           ENTRY                   ADDRESS         REF BY
           =====                   =======         ======
           memcpy::?relay          000003F3        basicRfReceive (basic_rf)

    -------------------------------------------------------------------------
  LIBRARY MODULE, NAME : ?strlen

  SEGMENTS IN THE MODULE
  ======================
<BANKED_CODE> 1 (was BANKED_CODE)
  Relative segment, address: CODE 00001BB5 - 00001BD2 (0x1e bytes), align: 0
  Segment part 6.             Intra module refs:   strlen::?relay
           ENTRY                   ADDRESS         REF BY
           =====                   =======         ======
           strlen                  00001BB5 
               ISTACK = 00000000 ( 00000002 )
    -------------------------------------------------------------------------
BANK_RELAYS
  Relative segment, address: CODE 000003F9 - 000003FE (0x6 bytes), align: 0
  Segment part 7.
           ENTRY                   ADDRESS         REF BY
           =====                   =======         ======
           strlen::?relay          000003F9        halLcdWriteString (hal_lcd)

    -------------------------------------------------------------------------
  LIBRARY MODULE, NAME : ?low_level_init

  SEGMENTS IN THE MODULE
  ======================
CSTART
  Relative segment, address: CODE 0000013F - 00000141 (0x3 bytes), align: 0
  Segment part 6. ROOT.
           ENTRY                   ADDRESS         REF BY
           =====                   =======         ======
           __low_level_init        0000013F        __low_level_init_call (?cmain)




                ****************************************
                *                                      *
                *            MODULE SUMMARY            *
                *                                      *
                ****************************************

Module                    CODE      DATA      XDATA  IDATA    BIT
------                    ----      ----      -----  -----    ---
                         (Rel)  (Rel)  (Abs)  (Rel)  (Rel)  (Rel)
?ADD_XSTACK_DISP8           27
?ALLOC_XSTACK8              22
?BANKED_CODE_SUPPORT        74
?BANKED_ENTER_XDATA        108
?BANKED_LEAVE_XDATA         70
?CALL_IND                    2
?DEALLOC_XSTACK8            26
?INTERRUPT_ENTER_XSP        95
?INTERRUPT_LEAVE_XSP        88
?L_DIV_MOD                  87
?L_MOV_TO_X                 15
?L_MOV_X                    15
?L_NEG                      17
?L_NEG_R1                   17
?MOVE_LONG8_XDATA_IDATA     13
?PUSH_XSTACK_I              17
?SL_GT_X                    21
?S_SHL                      19
?UL_DIV_MOD                112
?US_JMP_IF_IN_RANGE         63
?US_JMP_IF_VALUE            43
?US_SWITCH_SPARSE           76
?XLOAD_R2345                12
?XSTACK_DISP8               10
?XSTORE_R2345               12
?cexit                       5
?cmain                      88
?low_level_init              3
?memcpy                     76
?strlen                     36
CSTARTUP                    18
  + common                   3
M230                       367             1
  + shared                                 4
Master_A                 1 710                  789
VIRTUAL_REGISTERS                   2                           8
basic_rf                   853                  264
  + shared                                        4
hal_adc                                    4
  + shared                                 1
hal_board                   90                    1
  + shared                                 6
hal_buzzer                  27
hal_clock                   58             4
hal_digio                  285             9     42
  + shared                 126             3
  + common
hal_int                     22
hal_keypad                 668                    1
hal_lcd                    369
hal_led                    216
hal_mcu                    117             1
hal_rf                     414             5      2
  + common                 134
hal_rf_security                            3
hal_uart                   231             7    262
  + common                  62
util                       294                   16
N/A (command line)                 16           256     64
N/A (alignment)
----------               -----     --     --  -----     --      -
Total:                   7 008     18     48  1 637     64      8
  + common                 134


                ****************************************
                *                                      *
                *      SEGMENTS IN ADDRESS ORDER       *
                *                                      *
                ****************************************


SEGMENT              SPACE    START ADDRESS   END ADDRESS     SIZE  TYPE  ALIGN
=======              =====    =============   ===========     ====  ====  =====
INTVEC               CODE          00000000 - 00000085          86   com    0
CSTART               CODE          00000086 - 00000141          BC   rel    0
BDATA_ID             CODE               00000142                     dse    0
BIT_ID               CODE               00000142                     dse    0
DATA_ID              CODE               00000142                     dse    0
IDATA_ID             CODE               00000142                     dse    0
IXDATA_ID            CODE               00000142                     dse    0
PDATA_ID             CODE               00000142                     dse    0
XDATA_ID             CODE          00000142 - 0000024E         10D   rel    0
BANK_RELAYS          CODE          0000024F - 000003FE         1B0   rel    0
RCODE                CODE          000003FF - 000007D9         3DB   rel    0
CODE_C               CODE               000007DA                     dse    0
DIFUNCT              CODE               000007DA                     dse    0
CODE_N               CODE               000007DA                     dse    0
NEAR_CODE            CODE          000007DA - 000009CF         1F6   rel    0
<BANKED_CODE> 1      CODE          000009D0 - 00001BE5        1216   rel    0
REGISTERS            DATA          00000000 - 00000007           8   rel    0
VREG                 DATA          00000008 - 0000000F           8   rel    0
PSP                  DATA               00000010                     dse    0
XSP                  DATA          00000010 - 00000011           2   rel    0
BREG                 BIT        00000020.0  -  00000020.7        8   rel    0
SFR_AN               DATA          00000080 - 00000080           1   rel    0
                     DATA          00000086 - 00000086           1 
                     DATA          00000088 - 0000008D           6 
                     DATA          0000008F - 00000091           3 
                     DATA          00000095 - 00000095           1 
                     DATA          0000009A - 0000009B           2 
                     DATA          0000009D - 0000009E           2 
                     DATA          000000A0 - 000000A0           1 
                     DATA          000000A8 - 000000A8           1 
                     DATA          000000AB - 000000AC           2 
                     DATA          000000B1 - 000000B3           3 
                     DATA          000000B6 - 000000B6           1 
                     DATA          000000B8 - 000000B8           1 
                     DATA          000000BA - 000000BB           2 
                     DATA          000000BE - 000000BE           1 
                     DATA          000000C0 - 000000C2           3 
                     DATA          000000C4 - 000000C6           3 
                     DATA          000000C9 - 000000C9           1 
                     DATA          000000D9 - 000000D9           1 
                     DATA          000000E1 - 000000E1           1 
                     DATA          000000E8 - 000000E9           2 
                     DATA          000000F1 - 000000F5           5 
                     DATA          000000F7 - 000000F7           1 
                     DATA          000000FD - 000000FF           3 
XSTACK               XDATA         00000001 - 00000100         100   rel    0
XDATA_Z              XDATA         00000101 - 00000558         458   rel    0
XDATA_I              XDATA         00000559 - 00000665         10D   rel    0
ISTACK               IDATA         000000C0 - 000000FF          40   rel    0

                ****************************************
                *                                      *
                *        END OF CROSS REFERENCE        *
                *                                      *
                ****************************************

 7 142 bytes of CODE  memory
    18 bytes of DATA  memory (+ 48 absolute )
 1 637 bytes of XDATA memory
    64 bytes of IDATA memory
     8 bits  of BIT   memory

Errors: none
Warnings: none

