################################################################################
#                                                                              #
#      IAR Universal Linker V5.0.2.5/W32                                       #
#                                                                              #
#           Link time     =  05/Jan/2018  00:19:25                             #
#           Target CPU    =  x51                                               #
#           List file     =  C:\Users\´^§Ó»¨\Desktop\DSP_Wireless_¶i¶¥´Ú\DSP_2 #
#                            530_Code\Slave_A\ex_M230\debug\List\M230.map      #
#           Output file 1 =  C:\Users\´^§Ó»¨\Desktop\DSP_Wireless_¶i¶¥´Ú\DSP_2 #
#                            530_Code\Slave_A\ex_M230\debug\Exe\M230.hex       #
#                            Format: intel-extended                            #
#           Output file 2 =  C:\Users\´^§Ó»¨\Desktop\DSP_Wireless_¶i¶¥´Ú\DSP_2 #
#                            530_Code\Slave_A\ex_M230\debug\Exe\M230.d51       #
#                            Format: debug                                     #
#                            UBROF version 10.0.3                              #
#                            Using library modules for C-SPY (-rt)             #
#           Command line  =  "-IC:\Program Files (x86)\IAR Systems\Embedded Wo #
#                            rkbench 6.0 Evaluation\8051\CONFIG\"              #
#                            -D_NR_OF_BANKS=0x07 -D_CODEBANK_END=0xFFFF        #
#                            -D_CODEBANK_START=0x8000 -D?CBANK_MASK=0x07       #
#                            -D?CBANK=0x9F                                     #
#                            C:\Users\´^§Ó»¨\Desktop\DSP_Wireless_¶i¶¥´Ú\DSP_2 #
#                            530_Code\Slave_A\ex_M230\debug\Obj\M230.r51       #
#                            C:\Users\´^§Ó»¨\Desktop\DSP_Wireless_¶i¶¥´Ú\DSP_2 #
#                            530_Code\Slave_A\ex_M230\debug\Obj\Program.r51    #
#                            C:\Users\´^§Ó»¨\Desktop\DSP_Wireless_¶i¶¥´Ú\DSP_2 #
#                            530_Code\Slave_A\ex_M230\debug\Obj\Slave_A.r51    #
#                            C:\Users\´^§Ó»¨\Desktop\DSP_Wireless_¶i¶¥´Ú\DSP_2 #
#                            530_Code\Slave_A\ex_M230\debug\Obj\basic_rf.r51   #
#                            C:\Users\´^§Ó»¨\Desktop\DSP_Wireless_¶i¶¥´Ú\DSP_2 #
#                            530_Code\Slave_A\ex_M230\debug\Obj\basic_rf_secur #
#                            ity.r51                                           #
#                            C:\Users\´^§Ó»¨\Desktop\DSP_Wireless_¶i¶¥´Ú\DSP_2 #
#                            530_Code\Slave_A\ex_M230\debug\Obj\hal_adc.r51    #
#                            C:\Users\´^§Ó»¨\Desktop\DSP_Wireless_¶i¶¥´Ú\DSP_2 #
#                            530_Code\Slave_A\ex_M230\debug\Obj\hal_board.r51  #
#                            C:\Users\´^§Ó»¨\Desktop\DSP_Wireless_¶i¶¥´Ú\DSP_2 #
#                            530_Code\Slave_A\ex_M230\debug\Obj\hal_button.r51 #
#                            C:\Users\´^§Ó»¨\Desktop\DSP_Wireless_¶i¶¥´Ú\DSP_2 #
#                            530_Code\Slave_A\ex_M230\debug\Obj\hal_buzzer.r51 #
#                            C:\Users\´^§Ó»¨\Desktop\DSP_Wireless_¶i¶¥´Ú\DSP_2 #
#                            530_Code\Slave_A\ex_M230\debug\Obj\hal_clock.r51  #
#                            C:\Users\´^§Ó»¨\Desktop\DSP_Wireless_¶i¶¥´Ú\DSP_2 #
#                            530_Code\Slave_A\ex_M230\debug\Obj\hal_digio.r51  #
#                            C:\Users\´^§Ó»¨\Desktop\DSP_Wireless_¶i¶¥´Ú\DSP_2 #
#                            530_Code\Slave_A\ex_M230\debug\Obj\hal_drink.r51  #
#                            C:\Users\´^§Ó»¨\Desktop\DSP_Wireless_¶i¶¥´Ú\DSP_2 #
#                            530_Code\Slave_A\ex_M230\debug\Obj\hal_int.r51    #
#                            C:\Users\´^§Ó»¨\Desktop\DSP_Wireless_¶i¶¥´Ú\DSP_2 #
#                            530_Code\Slave_A\ex_M230\debug\Obj\hal_keypad.r51 #
#                            C:\Users\´^§Ó»¨\Desktop\DSP_Wireless_¶i¶¥´Ú\DSP_2 #
#                            530_Code\Slave_A\ex_M230\debug\Obj\hal_lcd.r51    #
#                            C:\Users\´^§Ó»¨\Desktop\DSP_Wireless_¶i¶¥´Ú\DSP_2 #
#                            530_Code\Slave_A\ex_M230\debug\Obj\hal_led.r51    #
#                            C:\Users\´^§Ó»¨\Desktop\DSP_Wireless_¶i¶¥´Ú\DSP_2 #
#                            530_Code\Slave_A\ex_M230\debug\Obj\hal_ledmatrix. #
#                            r51                                               #
#                            C:\Users\´^§Ó»¨\Desktop\DSP_Wireless_¶i¶¥´Ú\DSP_2 #
#                            530_Code\Slave_A\ex_M230\debug\Obj\hal_mcu.r51    #
#                            C:\Users\´^§Ó»¨\Desktop\DSP_Wireless_¶i¶¥´Ú\DSP_2 #
#                            530_Code\Slave_A\ex_M230\debug\Obj\hal_rf.r51     #
#                            C:\Users\´^§Ó»¨\Desktop\DSP_Wireless_¶i¶¥´Ú\DSP_2 #
#                            530_Code\Slave_A\ex_M230\debug\Obj\hal_rf_securit #
#                            y.r51                                             #
#                            C:\Users\´^§Ó»¨\Desktop\DSP_Wireless_¶i¶¥´Ú\DSP_2 #
#                            530_Code\Slave_A\ex_M230\debug\Obj\hal_rf_util.r5 #
#                            1                                                 #
#                            C:\Users\´^§Ó»¨\Desktop\DSP_Wireless_¶i¶¥´Ú\DSP_2 #
#                            530_Code\Slave_A\ex_M230\debug\Obj\hal_uart.r51   #
#                            C:\Users\´^§Ó»¨\Desktop\DSP_Wireless_¶i¶¥´Ú\DSP_2 #
#                            530_Code\Slave_A\ex_M230\debug\Obj\util.r51       #
#                            C:\Users\´^§Ó»¨\Desktop\DSP_Wireless_¶i¶¥´Ú\DSP_2 #
#                            530_Code\Slave_A\ex_M230\debug\Obj\util_buffer.r5 #
#                            1                                                 #
#                            C:\Users\´^§Ó»¨\Desktop\DSP_Wireless_¶i¶¥´Ú\DSP_2 #
#                            530_Code\Slave_A\ex_M230\debug\Obj\util_lcd.r51   #
#                            -o                                                #
#                            C:\Users\´^§Ó»¨\Desktop\DSP_Wireless_¶i¶¥´Ú\DSP_2 #
#                            530_Code\Slave_A\ex_M230\debug\Exe\M230.d51       #
#                            -l                                                #
#                            C:\Users\´^§Ó»¨\Desktop\DSP_Wireless_¶i¶¥´Ú\DSP_2 #
#                            530_Code\Slave_A\ex_M230\debug\List\M230.map      #
#                            -xmsn                                             #
#                            "-IC:\Program Files (x86)\IAR Systems\Embedded Wo #
#                            rkbench 6.0 Evaluation\8051\CONFIG\"              #
#                            -f                                                #
#                            "C:\Program Files (x86)\IAR Systems\Embedded Work #
#                            bench 6.0 Evaluation\8051\config\devices\Texas In #
#                            struments\lnk51ew_cc2530F256_banked.xcl"          #
#                            (-D_IDATA0_START=0x00 -D_IDATA0_END=0xFF          #
#                            -D_PDATA0_START=0x1E00 -D_PDATA0_END=0x1EFF       #
#                            -D_IXDATA0_START=0x0001 -D_IXDATA0_END=0x1EFF     #
#                            -D_XDATA0_START=_IXDATA0_START                    #
#                            -D_XDATA0_END=_IXDATA0_END                        #
#                            -D_NEAR_CODE_START=0x0000                         #
#                            -D_FIRST_BANK_ADDR=0x10000 -D?REGISTER_BANK=0x0   #
#                            -D_REGISTER_BANK_START=0x0 -D_BREG_START=0x00     #
#                            -D?VB=0x20 -D?ESP=0x9B -Z(BIT)BREG=_BREG_START    #
#                            -Z(BIT)BIT_N=0-7F                                 #
#                            -Z(DATA)REGISTERS+8=_REGISTER_BANK_START          #
#                            -Z(DATA)BDATA_Z,BDATA_N,BDATA_I=20-2F             #
#                            -Z(DATA)VREG+_NR_OF_VIRTUAL_REGISTERS=08-7F       #
#                            -Z(DATA)PSP,XSP=08-7F -Z(DATA)DOVERLAY=08-7F      #
#                            -Z(DATA)DATA_I,DATA_Z,DATA_N=08-7F                #
#                            -U(IDATA)0-7F=(DATA)0-7F                          #
#                            -Z(IDATA)IDATA_I,IDATA_Z,IDATA_N=08-_IDATA0_END   #
#                            -Z(IDATA)ISTACK+_IDATA_STACK_SIZE#08-_IDATA0_END  #
#                            -Z(IDATA)IOVERLAY=08-FF -Z(CODE)INTVEC=0          #
#                            -Z(CODE)CSTART=_NEAR_CODE_START-(_CODEBANK_START- #
#                            1)                                                #
#                            -Z(CODE)BIT_ID,BDATA_ID,DATA_ID,IDATA_ID,IXDATA_I #
#                            D,PDATA_ID,XDATA_ID=_NEAR_CODE_START-(_CODEBANK_S #
#                            TART-1)                                           #
#                            -Z(CODE)BANK_RELAYS,RCODE,DIFUNCT,CODE_C,CODE_N,N #
#                            EAR_CODE=_NEAR_CODE_START-(_CODEBANK_START-1)     #
#                            -P(CODE)BANKED_CODE=_NEAR_CODE_START-(_CODEBANK_S #
#                            TART-1),[(_CODEBANK_START+_FIRST_BANK_ADDR)-(_COD #
#                            EBANK_END+_FIRST_BANK_ADDR)]*_NR_OF_BANKS+10000   #
#                            -Z(CODE)CHECKSUM#(_CODEBANK_START-1)              #
#                            -Z(XDATA)PDATA_Z,PDATA_I=_PDATA0_START-_PDATA0_EN #
#                            D                                                 #
#                            -P(XDATA)PDATA_N=_PDATA0_START-_PDATA0_END        #
#                            -Z(XDATA)PSTACK+_PDATA_STACK_SIZE=_PDATA0_START-_ #
#                            PDATA0_END                                        #
#                            -Z(XDATA)EXT_STACK+_EXTENDED_STACK_SIZE=_EXTENDED #
#                            _STACK_START                                      #
#                            -Z(XDATA)XSTACK+_XDATA_STACK_SIZE=_XDATA0_START-_ #
#                            XDATA0_END                                        #
#                            -Z(XDATA)IXDATA_Z,IXDATA_I=_IXDATA0_START-_IXDATA #
#                            0_END                                             #
#                            -P(XDATA)IXDATA_N=_IXDATA0_START-_IXDATA0_END     #
#                            -Z(XDATA)XDATA_Z,XDATA_I=_XDATA0_START-_XDATA0_EN #
#                            D                                                 #
#                            -P(XDATA)XDATA_N=_XDATA0_START-_XDATA0_END        #
#                            -Z(XDATA)XDATA_HEAP+_XDATA_HEAP_SIZE=_XDATA0_STAR #
#                            T-_XDATA0_END                                     #
#                            -Z(CONST)XDATA_ROM_C=_XDATA0_START-_XDATA0_END    #
#                            -cx51                                             #
#                            -M(CODE)[(_CODEBANK_START+_FIRST_BANK_ADDR)-(_COD #
#                            EBANK_END+_FIRST_BANK_ADDR)]*_NR_OF_BANKS+0x10000 #
#                            =0x8000                                           #
#                            -ww69=i -D_BANK0_START=0x00000                    #
#                            -D_BANK0_END=0x07FFF -D_BANK1_START=0x18000       #
#                            -D_BANK1_END=0x1FFFF -D_BANK2_START=0x28000       #
#                            -D_BANK2_END=0x2FFFF -D_BANK3_START=0x38000       #
#                            -D_BANK3_END=0x3FFFF -D_BANK4_START=0x48000       #
#                            -D_BANK4_END=0x4FFFF -D_BANK5_START=0x58000       #
#                            -D_BANK5_END=0x5FFFF -D_BANK6_START=0x68000       #
#                            -D_BANK6_END=0x6FFFF -D_BANK7_START=0x78000       #
#                            -D_BANK7_END=0x7FFFF                              #
#                            -P(CODE)BANK0=_BANK0_START-_BANK0_END             #
#                            -P(CODE)BANK1=_BANK1_START-_BANK1_END             #
#                            -P(CODE)BANK2=_BANK2_START-_BANK2_END             #
#                            -P(CODE)BANK3=_BANK3_START-_BANK3_END             #
#                            -P(CODE)BANK4=_BANK4_START-_BANK4_END             #
#                            -P(CODE)BANK5=_BANK5_START-_BANK5_END             #
#                            -P(CODE)BANK6=_BANK6_START-_BANK6_END             #
#                            -P(CODE)BANK7=_BANK7_START-_BANK7_END             #
#                            -D_FLASH_LOCK_BITS_START=0x7FFF0                  #
#                            -D_FLASH_LOCK_BITS_END=0x7FFFF                    #
#                            -Z(CODE)FLASH_LOCK_BITS=_FLASH_LOCK_BITS_START-_F #
#                            LASH_LOCK_BITS_END                                #
#                            -U(CODE)0x0000=(CODE)_FLASH_LOCK_BITS_START-_FLAS #
#                            H_LOCK_BITS_END)                                  #
#                            -e?BCALL_07=?BCALL -e?BRET_07=?BRET               #
#                            -e?BDISPATCH_07=?BDISPATCH                        #
#                            -D_NR_OF_VIRTUAL_REGISTERS=8 -D?PBANK=0xA0        #
#                            -e_medium_write=_formatted_write                  #
#                            -e_medium_read=_formatted_read -rt                #
#                            -Ointel-extended=C:\Users\´^§Ó»¨\Desktop\DSP_Wire #
#                            less_¶i¶¥´Ú\DSP_2530_Code\Slave_A\ex_M230\debug\E #
#                            xe\M230.hex                                       #
#                            -s __program_start                                #
#                            "C:\Program Files (x86)\IAR Systems\Embedded Work #
#                            bench 6.0 Evaluation\8051\LIB\CLIB\cl-pli-blxd-1e #
#                            16x01.r51"                                        #
#                            -D_IDATA_STACK_SIZE=0x40                          #
#                            -D_EXTENDED_STACK_START=0x00                      #
#                            -D_EXTENDED_STACK_SIZE=0x00                       #
#                            -D_PDATA_STACK_SIZE=0x80                          #
#                            -D_XDATA_STACK_SIZE=0x100                         #
#                            -D_XDATA_HEAP_SIZE=0xFF -D_FAR_HEAP_SIZE=0xFFF    #
#                            -D_HUGE_HEAP_SIZE=0xFFF                           #
#                            -D_FAR22_HEAP_SIZE=0xFFF                          #
#                                                                              #
#                           Copyright (C) 1987-2010 IAR Systems AB.            #
################################################################################





                ****************************************
                *                                      *
                *           CROSS REFERENCE            *
                *                                      *
                ****************************************

       Program entry at : CODE      000000E3  Relocatable, from module : CSTARTUP




                ****************************************
                *                                      *
                *            RUNTIME MODEL             *
                *                                      *
                ****************************************

  __SystemLibrary          = CLib
  __calling_convention     = xdata_reentrant
  __code_model             = banked
  __core                   = plain
  __data_model             = large
  __dptr_size              = 16
  __extended_stack         = disabled
  __location_for_constants = data
  __number_of_dptrs        = 1
  __rt_version             = 1



                ****************************************
                *                                      *
                *              MODULE MAP              *
                *                                      *
                ****************************************


  DEFINED ABSOLUTE ENTRIES
    *************************************************************************

  DEFINED ABSOLUTE ENTRIES
  PROGRAM MODULE, NAME : ?ABS_ENTRY_MOD

Absolute parts
           ENTRY                   ADDRESS         REF BY
           =====                   =======         ======
           _FAR22_HEAP_SIZE        00000FFF 
           _HUGE_HEAP_SIZE         00000FFF 
           _FAR_HEAP_SIZE          00000FFF 
           _XDATA_HEAP_SIZE        000000FF 
           _XDATA_STACK_SIZE       00000100 
           _PDATA_STACK_SIZE       00000080 
           _EXTENDED_STACK_SIZE    00000000 
           _EXTENDED_STACK_START   00000000 
           _IDATA_STACK_SIZE       00000040 
           ?PBANK                  000000A0 
           _NR_OF_VIRTUAL_REGISTERS
                                   00000008 
           _FLASH_LOCK_BITS_END    0003FFFF 
           _FLASH_LOCK_BITS_START
                                   0003FFF0 
           _BANK7_END              0003FFFF 
           _BANK7_START            00038000 
           _BANK6_END              00037FFF 
           _BANK6_START            00030000 
           _BANK5_END              0002FFFF 
           _BANK5_START            00028000 
           _BANK4_END              00027FFF 
           _BANK4_START            00020000 
           _BANK3_END              0001FFFF 
           _BANK3_START            00018000 
           _BANK2_END              00017FFF 
           _BANK2_START            00010000 
           _BANK1_END              0000FFFF 
           _BANK1_START            00008000 
           _BANK0_END              00007FFF 
           _BANK0_START            00000000 
           ?ESP                    0000009B 
           ?VB                     00000020        ?BANKED_ENTER_XDATA (?BANKED_ENTER_XDATA)
                                                   ?BANKED_LEAVE_XDATA (?BANKED_LEAVE_XDATA)
                                                   ?INTERRUPT_ENTER_XSP (?INTERRUPT_ENTER_XSP)
                                                   ?INTERRUPT_LEAVE_XSP (?INTERRUPT_LEAVE_XSP)
           _BREG_START             00000000 
           _REGISTER_BANK_START    00000000 
           ?REGISTER_BANK          00000000        Segment part 6 (CSTARTUP)
           _FIRST_BANK_ADDR        00010000 
           _NEAR_CODE_START        00000000 
           _XDATA0_END             00001EFF 
           _XDATA0_START           00000001 
           _IXDATA0_END            00001EFF 
           _IXDATA0_START          00000001 
           _PDATA0_END             00001EFF 
           _PDATA0_START           00001E00 
           _IDATA0_END             000000FF 
           _IDATA0_START           00000000 
           ?CBANK                  0000009F        ?RESET_CODE_BANK (CSTARTUP)
                                                   Segment part 3 (?BANKED_CODE_SUPPORT)
           ?CBANK_MASK             00000007 
           _CODEBANK_START         00008000 
           _CODEBANK_END           0000FFFF 
           _NR_OF_BANKS            00000007 
    *************************************************************************

  FILE NAME : C:\Users\´^§Ó»¨\Desktop\DSP_Wireless_¶i¶¥´Ú\DSP_2530_Code\Slave_A\ex_M230\debug\Obj\M230.r51
  PROGRAM MODULE, NAME : M230

  SEGMENTS IN THE MODULE
  ======================
SFR_AN
  Relative segment, address: DATA 00000080 - 00000080 (0x1 bytes), align: 0
  Segment part 1. ROOT.       Intra module refs:   halBoardInit (hal_board)
           ENTRY                   ADDRESS         REF BY
           =====                   =======         ======
           _A_P0                   00000080 
           LOCAL                   ADDRESS         
           =====                   =======         
           P0                      00000080 
    -------------------------------------------------------------------------
SFR_AN
  Relative segment, address: DATA 0000008F - 0000008F (0x1 bytes), align: 0
  Segment part 2. ROOT.
           ENTRY                   ADDRESS         REF BY
           =====                   =======         ======
           P0INP                   0000008F 
    -------------------------------------------------------------------------
SFR_AN
  Relative segment, address: DATA 000000F3 - 000000F3 (0x1 bytes), align: 0
  Segment part 3. ROOT.       Intra module refs:   halBoardInit (hal_board)
                                                   halUartInit (hal_uart)
           ENTRY                   ADDRESS         REF BY
           =====                   =======         ======
           P0SEL                   000000F3 
    -------------------------------------------------------------------------
SFR_AN
  Relative segment, address: DATA 000000F7 - 000000F7 (0x1 bytes), align: 0
  Segment part 4. ROOT.       Intra module refs:   halBoardInit (hal_board)
           ENTRY                   ADDRESS         REF BY
           =====                   =======         ======
           P2INP                   000000F7 
    -------------------------------------------------------------------------
SFR_AN
  Relative segment, address: DATA 000000FD - 000000FD (0x1 bytes), align: 0
  Segment part 5. ROOT.       Intra module refs:   halBoardInit (hal_board)
           ENTRY                   ADDRESS         REF BY
           =====                   =======         ======
           P0DIR                   000000FD 

    *************************************************************************

  FILE NAME : C:\Users\´^§Ó»¨\Desktop\DSP_Wireless_¶i¶¥´Ú\DSP_2530_Code\Slave_A\ex_M230\debug\Obj\Program.r51
  PROGRAM MODULE, NAME : Program

  SEGMENTS IN THE MODULE
  ======================
XDATA_Z
  Relative segment, address: XDATA 00000101 - 00000108 (0x8 bytes), align: 0
  Segment part 7.             Intra module refs:   ?Subroutine13
                                                   ?Subroutine21
                                                   ?Subroutine27
                                                   LedProgram
                                                   READProgram
           ENTRY                   ADDRESS         REF BY
           =====                   =======         ======
           ProgramROM              00000101 
    -------------------------------------------------------------------------
<BANKED_CODE> 1 (was BANKED_CODE)
  Relative segment, address: CODE 00000E67 - 00000E85 (0x1f bytes), align: 0
  Segment part 8.             Intra module refs:   LedProgram::?relay
           ENTRY                   ADDRESS         REF BY
           =====                   =======         ======
           LedProgram              00000E67 
               calls direct
               XSTACK = 00000000 ( 0000000A )
    -------------------------------------------------------------------------
<BANKED_CODE> 1 (was BANKED_CODE)
  Relative segment, address: CODE 00000E86 - 0000195A (0xad5 bytes), align: 0
  Segment part 10.            Intra module refs:   READProgram::?relay
           ENTRY                   ADDRESS         REF BY
           =====                   =======         ======
           READProgram             00000E86 
               ISTACK = 00000000 ( 00000002 )
    -------------------------------------------------------------------------
<BANKED_CODE> 1 (was BANKED_CODE)
  Relative segment, address: CODE 0000195B - 00001963 (0x9 bytes), align: 0
  Segment part 12.            Intra module refs:   READProgram
           LOCAL                   ADDRESS         
           =====                   =======         
           ?Subroutine35           0000195B 
    -------------------------------------------------------------------------
<BANKED_CODE> 1 (was BANKED_CODE)
  Relative segment, address: CODE 00001964 - 0000196C (0x9 bytes), align: 0
  Segment part 13.            Intra module refs:   READProgram
           LOCAL                   ADDRESS         
           =====                   =======         
           ?Subroutine34           00001964 
    -------------------------------------------------------------------------
<BANKED_CODE> 1 (was BANKED_CODE)
  Relative segment, address: CODE 0000196D - 00001973 (0x7 bytes), align: 0
  Segment part 14.            Intra module refs:   READProgram
           LOCAL                   ADDRESS         
           =====                   =======         
           ?Subroutine33           0000196D 
    -------------------------------------------------------------------------
<BANKED_CODE> 1 (was BANKED_CODE)
  Relative segment, address: CODE 00001974 - 0000197A (0x7 bytes), align: 0
  Segment part 15.            Intra module refs:   READProgram
           LOCAL                   ADDRESS         
           =====                   =======         
           ?Subroutine32           00001974 
    -------------------------------------------------------------------------
<BANKED_CODE> 1 (was BANKED_CODE)
  Relative segment, address: CODE 0000197B - 00001981 (0x7 bytes), align: 0
  Segment part 16.            Intra module refs:   READProgram
           LOCAL                   ADDRESS         
           =====                   =======         
           ?Subroutine31           0000197B 
    -------------------------------------------------------------------------
<BANKED_CODE> 1 (was BANKED_CODE)
  Relative segment, address: CODE 00001982 - 00001988 (0x7 bytes), align: 0
  Segment part 17.            Intra module refs:   READProgram
           LOCAL                   ADDRESS         
           =====                   =======         
           ?Subroutine30           00001982 
    -------------------------------------------------------------------------
<BANKED_CODE> 1 (was BANKED_CODE)
  Relative segment, address: CODE 00001989 - 0000198F (0x7 bytes), align: 0
  Segment part 18.            Intra module refs:   READProgram
           LOCAL                   ADDRESS         
           =====                   =======         
           ?Subroutine29           00001989 
    -------------------------------------------------------------------------
<BANKED_CODE> 1 (was BANKED_CODE)
  Relative segment, address: CODE 00001990 - 0000199A (0xb bytes), align: 0
  Segment part 19.            Intra module refs:   READProgram
           LOCAL                   ADDRESS         
           =====                   =======         
           ?Subroutine28           00001990 
    -------------------------------------------------------------------------
<BANKED_CODE> 1 (was BANKED_CODE)
  Relative segment, address: CODE 0000199B - 0000199F (0x5 bytes), align: 0
  Segment part 20.            Intra module refs:   READProgram
           LOCAL                   ADDRESS         
           =====                   =======         
           ?Subroutine27           0000199B 
    -------------------------------------------------------------------------
<BANKED_CODE> 1 (was BANKED_CODE)
  Relative segment, address: CODE 000019A0 - 000019A3 (0x4 bytes), align: 0
  Segment part 21.            Intra module refs:   ?Subroutine27
                                                   READProgram
    -------------------------------------------------------------------------
<BANKED_CODE> 1 (was BANKED_CODE)
  Relative segment, address: CODE 000019A4 - 000019A9 (0x6 bytes), align: 0
  Segment part 22.            Intra module refs:   READProgram
           LOCAL                   ADDRESS         
           =====                   =======         
           ?Subroutine26           000019A4 
    -------------------------------------------------------------------------
<BANKED_CODE> 1 (was BANKED_CODE)
  Relative segment, address: CODE 000019AA - 000019B0 (0x7 bytes), align: 0
  Segment part 23.            Intra module refs:   READProgram
           LOCAL                   ADDRESS         
           =====                   =======         
           ?Subroutine25           000019AA 
    -------------------------------------------------------------------------
<BANKED_CODE> 1 (was BANKED_CODE)
  Relative segment, address: CODE 000019B1 - 000019B7 (0x7 bytes), align: 0
  Segment part 24.            Intra module refs:   READProgram
           LOCAL                   ADDRESS         
           =====                   =======         
           ?Subroutine24           000019B1 
    -------------------------------------------------------------------------
<BANKED_CODE> 1 (was BANKED_CODE)
  Relative segment, address: CODE 000019B8 - 000019BE (0x7 bytes), align: 0
  Segment part 25.            Intra module refs:   READProgram
           LOCAL                   ADDRESS         
           =====                   =======         
           ?Subroutine23           000019B8 
    -------------------------------------------------------------------------
<BANKED_CODE> 1 (was BANKED_CODE)
  Relative segment, address: CODE 000019BF - 000019C5 (0x7 bytes), align: 0
  Segment part 26.            Intra module refs:   READProgram
           LOCAL                   ADDRESS         
           =====                   =======         
           ?Subroutine22           000019BF 
    -------------------------------------------------------------------------
<BANKED_CODE> 1 (was BANKED_CODE)
  Relative segment, address: CODE 000019C6 - 000019CA (0x5 bytes), align: 0
  Segment part 27.            Intra module refs:   READProgram
           LOCAL                   ADDRESS         
           =====                   =======         
           ?Subroutine21           000019C6 
    -------------------------------------------------------------------------
<BANKED_CODE> 1 (was BANKED_CODE)
  Relative segment, address: CODE 000019CB - 000019D1 (0x7 bytes), align: 0
  Segment part 28.            Intra module refs:   ?Subroutine21
                                                   READProgram
    -------------------------------------------------------------------------
<BANKED_CODE> 1 (was BANKED_CODE)
  Relative segment, address: CODE 000019D2 - 000019DA (0x9 bytes), align: 0
  Segment part 29.            Intra module refs:   READProgram
           LOCAL                   ADDRESS         
           =====                   =======         
           ?Subroutine20           000019D2 
    -------------------------------------------------------------------------
<BANKED_CODE> 1 (was BANKED_CODE)
  Relative segment, address: CODE 000019DB - 000019E1 (0x7 bytes), align: 0
  Segment part 30.            Intra module refs:   READProgram
           LOCAL                   ADDRESS         
           =====                   =======         
           ?Subroutine19           000019DB 
    -------------------------------------------------------------------------
<BANKED_CODE> 1 (was BANKED_CODE)
  Relative segment, address: CODE 000019E2 - 000019EA (0x9 bytes), align: 0
  Segment part 31.            Intra module refs:   READProgram
           LOCAL                   ADDRESS         
           =====                   =======         
           ?Subroutine18           000019E2 
    -------------------------------------------------------------------------
<BANKED_CODE> 1 (was BANKED_CODE)
  Relative segment, address: CODE 000019EB - 000019EC (0x2 bytes), align: 0
  Segment part 32.            Intra module refs:   ?Subroutine3
           LOCAL                   ADDRESS         
           =====                   =======         
           ?Subroutine36           000019EB 
    -------------------------------------------------------------------------
<BANKED_CODE> 1 (was BANKED_CODE)
  Relative segment, address: CODE 000019ED - 000019F2 (0x6 bytes), align: 0
  Segment part 33.            Intra module refs:   ?Subroutine1
                                                   ?Subroutine16
                                                   ?Subroutine18
                                                   ?Subroutine20
                                                   ?Subroutine26
                                                   ?Subroutine36
                                                   Segment part 21
    -------------------------------------------------------------------------
<BANKED_CODE> 1 (was BANKED_CODE)
  Relative segment, address: CODE 000019F3 - 000019F9 (0x7 bytes), align: 0
  Segment part 34.            Intra module refs:   READProgram
           LOCAL                   ADDRESS         
           =====                   =======         
           ?Subroutine17           000019F3 
    -------------------------------------------------------------------------
<BANKED_CODE> 1 (was BANKED_CODE)
  Relative segment, address: CODE 000019FA - 00001A02 (0x9 bytes), align: 0
  Segment part 35.            Intra module refs:   READProgram
           LOCAL                   ADDRESS         
           =====                   =======         
           ?Subroutine16           000019FA 
    -------------------------------------------------------------------------
<BANKED_CODE> 1 (was BANKED_CODE)
  Relative segment, address: CODE 00001A03 - 00001A11 (0xf bytes), align: 0
  Segment part 36.            Intra module refs:   READProgram
           LOCAL                   ADDRESS         
           =====                   =======         
           ?Subroutine15           00001A03 
    -------------------------------------------------------------------------
<BANKED_CODE> 1 (was BANKED_CODE)
  Relative segment, address: CODE 00001A12 - 00001A20 (0xf bytes), align: 0
  Segment part 37.            Intra module refs:   READProgram
           LOCAL                   ADDRESS         
           =====                   =======         
           ?Subroutine14           00001A12 
    -------------------------------------------------------------------------
<BANKED_CODE> 1 (was BANKED_CODE)
  Relative segment, address: CODE 00001A21 - 00001A25 (0x5 bytes), align: 0
  Segment part 38.            Intra module refs:   READProgram
           LOCAL                   ADDRESS         
           =====                   =======         
           ?Subroutine13           00001A21 
    -------------------------------------------------------------------------
<BANKED_CODE> 1 (was BANKED_CODE)
  Relative segment, address: CODE 00001A26 - 00001A29 (0x4 bytes), align: 0
  Segment part 39.            Intra module refs:   ?Subroutine13
                                                   READProgram
    -------------------------------------------------------------------------
<BANKED_CODE> 1 (was BANKED_CODE)
  Relative segment, address: CODE 00001A2A - 00001A32 (0x9 bytes), align: 0
  Segment part 40.            Intra module refs:   READProgram
           LOCAL                   ADDRESS         
           =====                   =======         
           ?Subroutine12           00001A2A 
    -------------------------------------------------------------------------
<BANKED_CODE> 1 (was BANKED_CODE)
  Relative segment, address: CODE 00001A33 - 00001A39 (0x7 bytes), align: 0
  Segment part 41.            Intra module refs:   ?Subroutine11
                                                   ?Subroutine12
                                                   Segment part 39
           LOCAL                   ADDRESS         
           =====                   =======         
           ?Subroutine37           00001A33 
    -------------------------------------------------------------------------
<BANKED_CODE> 1 (was BANKED_CODE)
  Relative segment, address: CODE 00001A3A - 00001A42 (0x9 bytes), align: 0
  Segment part 42.            Intra module refs:   READProgram
           LOCAL                   ADDRESS         
           =====                   =======         
           ?Subroutine11           00001A3A 
    -------------------------------------------------------------------------
<BANKED_CODE> 1 (was BANKED_CODE)
  Relative segment, address: CODE 00001A43 - 00001A49 (0x7 bytes), align: 0
  Segment part 43.            Intra module refs:   READProgram
           LOCAL                   ADDRESS         
           =====                   =======         
           ?Subroutine10           00001A43 
    -------------------------------------------------------------------------
<BANKED_CODE> 1 (was BANKED_CODE)
  Relative segment, address: CODE 00001A4A - 00001A4D (0x4 bytes), align: 0
  Segment part 44.            Intra module refs:   READProgram
           LOCAL                   ADDRESS         
           =====                   =======         
           ?Subroutine9            00001A4A 
    -------------------------------------------------------------------------
<BANKED_CODE> 1 (was BANKED_CODE)
  Relative segment, address: CODE 00001A4E - 00001A54 (0x7 bytes), align: 0
  Segment part 45.            Intra module refs:   ?Subroutine9
                                                   READProgram
    -------------------------------------------------------------------------
<BANKED_CODE> 1 (was BANKED_CODE)
  Relative segment, address: CODE 00001A55 - 00001A5B (0x7 bytes), align: 0
  Segment part 46.            Intra module refs:   READProgram
           LOCAL                   ADDRESS         
           =====                   =======         
           ?Subroutine8            00001A55 
    -------------------------------------------------------------------------
<BANKED_CODE> 1 (was BANKED_CODE)
  Relative segment, address: CODE 00001A5C - 00001A62 (0x7 bytes), align: 0
  Segment part 47.            Intra module refs:   READProgram
           LOCAL                   ADDRESS         
           =====                   =======         
           ?Subroutine7            00001A5C 
    -------------------------------------------------------------------------
<BANKED_CODE> 1 (was BANKED_CODE)
  Relative segment, address: CODE 00001A63 - 00001A64 (0x2 bytes), align: 0
  Segment part 48.            Intra module refs:   READProgram
           LOCAL                   ADDRESS         
           =====                   =======         
           ?Subroutine6            00001A63 
    -------------------------------------------------------------------------
<BANKED_CODE> 1 (was BANKED_CODE)
  Relative segment, address: CODE 00001A65 - 00001A6B (0x7 bytes), align: 0
  Segment part 49.            Intra module refs:   ?Subroutine6
                                                   READProgram
    -------------------------------------------------------------------------
<BANKED_CODE> 1 (was BANKED_CODE)
  Relative segment, address: CODE 00001A6C - 00001A72 (0x7 bytes), align: 0
  Segment part 50.            Intra module refs:   READProgram
           LOCAL                   ADDRESS         
           =====                   =======         
           ?Subroutine5            00001A6C 
    -------------------------------------------------------------------------
<BANKED_CODE> 1 (was BANKED_CODE)
  Relative segment, address: CODE 00001A73 - 00001A79 (0x7 bytes), align: 0
  Segment part 51.            Intra module refs:   READProgram
           LOCAL                   ADDRESS         
           =====                   =======         
           ?Subroutine4            00001A73 
    -------------------------------------------------------------------------
<BANKED_CODE> 1 (was BANKED_CODE)
  Relative segment, address: CODE 00001A7A - 00001A85 (0xc bytes), align: 0
  Segment part 52.            Intra module refs:   READProgram
           LOCAL                   ADDRESS         
           =====                   =======         
           ?Subroutine3            00001A7A 
    -------------------------------------------------------------------------
<BANKED_CODE> 1 (was BANKED_CODE)
  Relative segment, address: CODE 00001A86 - 00001A8C (0x7 bytes), align: 0
  Segment part 53.            Intra module refs:   READProgram
           LOCAL                   ADDRESS         
           =====                   =======         
           ?Subroutine2            00001A86 
    -------------------------------------------------------------------------
<BANKED_CODE> 1 (was BANKED_CODE)
  Relative segment, address: CODE 00001A8D - 00001A95 (0x9 bytes), align: 0
  Segment part 54.            Intra module refs:   READProgram
           LOCAL                   ADDRESS         
           =====                   =======         
           ?Subroutine1            00001A8D 
    -------------------------------------------------------------------------
<BANKED_CODE> 1 (was BANKED_CODE)
  Relative segment, address: CODE 00001A96 - 00001A9B (0x6 bytes), align: 0
  Segment part 55.            Intra module refs:   READProgram
           LOCAL                   ADDRESS         
           =====                   =======         
           ?Subroutine0            00001A96 
    -------------------------------------------------------------------------
<BANKED_CODE> 1 (was BANKED_CODE)
  Relative segment, address: CODE 00001A9C - 00001AA0 (0x5 bytes), align: 0
  Segment part 56.            Intra module refs:   ?Subroutine0
                                                   READProgram
           LOCAL                   ADDRESS         
           =====                   =======         
           ?Subroutine38           00001A9C 
    -------------------------------------------------------------------------
BANK_RELAYS
  Relative segment, address: CODE 000001AD - 000001B2 (0x6 bytes), align: 0
  Segment part 9.
           ENTRY                   ADDRESS         REF BY
           =====                   =======         ======
           LedProgram::?relay      000001AD        ?Subroutine3 (Slave_A)
    -------------------------------------------------------------------------
BANK_RELAYS
  Relative segment, address: CODE 000001B3 - 000001B8 (0x6 bytes), align: 0
  Segment part 11.
           ENTRY                   ADDRESS         REF BY
           =====                   =======         ======
           READProgram::?relay     000001B3        Mode (Slave_A)

    *************************************************************************

  FILE NAME : C:\Users\´^§Ó»¨\Desktop\DSP_Wireless_¶i¶¥´Ú\DSP_2530_Code\Slave_A\ex_M230\debug\Obj\Slave_A.r51
  PROGRAM MODULE, NAME : Slave_A

  SEGMENTS IN THE MODULE
  ======================
XDATA_Z
  Relative segment, address: XDATA 00000109 - 00000207 (0xff bytes), align: 0
  Segment part 20.            Intra module refs:   BreakMode
                                                   Mode
                                                   main
           LOCAL                   ADDRESS         
           =====                   =======         
           pRxData                 00000109 
    -------------------------------------------------------------------------
XDATA_Z
  Relative segment, address: XDATA 00000208 - 00000306 (0xff bytes), align: 0
  Segment part 21.            Intra module refs:   SendData
                                                   SlaveInit
           LOCAL                   ADDRESS         
           =====                   =======         
           pTxData                 00000208 
    -------------------------------------------------------------------------
XDATA_Z
  Relative segment, address: XDATA 00000307 - 0000030C (0x6 bytes), align: 0
  Segment part 22.            Intra module refs:   SlaveInit
           LOCAL                   ADDRESS         
           =====                   =======         
           basicRfConfig           00000307 
    -------------------------------------------------------------------------
XDATA_Z
  Relative segment, address: XDATA 0000030D - 0000030E (0x2 bytes), align: 0
  Segment part 24.            Intra module refs:   ?Subroutine4
                                                   Mode
                                                   ShowLCD
                                                   SlaveInit
           ENTRY                   ADDRESS         REF BY
           =====                   =======         ======
           ProgramDelay            0000030D 
    -------------------------------------------------------------------------
<BANKED_CODE> 1 (was BANKED_CODE)
  Relative segment, address: CODE 000020F6 - 00002120 (0x2b bytes), align: 0
  Segment part 25.
           ENTRY                   ADDRESS         REF BY
           =====                   =======         ======
           main                    000020F6        ?call_main (?cmain)
               calls direct
    -------------------------------------------------------------------------
<BANKED_CODE> 1 (was BANKED_CODE)
  Relative segment, address: CODE 00002121 - 0000212D (0xd bytes), align: 0
  Segment part 27.            Intra module refs:   main
           LOCAL                   ADDRESS         
           =====                   =======         
           ?Subroutine2            00002121 
    -------------------------------------------------------------------------
<BANKED_CODE> 1 (was BANKED_CODE)
  Relative segment, address: CODE 0000212E - 0000217F (0x52 bytes), align: 0
  Segment part 28.            Intra module refs:   SlaveInit::?relay
           ENTRY                   ADDRESS         REF BY
           =====                   =======         ======
           SlaveInit               0000212E 
               calls direct
               ISTACK = 00000000 ( 00000002 )
    -------------------------------------------------------------------------
<BANKED_CODE> 1 (was BANKED_CODE)
  Relative segment, address: CODE 00002180 - 00002186 (0x7 bytes), align: 0
  Segment part 30.            Intra module refs:   ShowLCD
                                                   SlaveInit
           LOCAL                   ADDRESS         
           =====                   =======         
           ?Subroutine0            00002180 
    -------------------------------------------------------------------------
<BANKED_CODE> 1 (was BANKED_CODE)
  Relative segment, address: CODE 00002187 - 0000227A (0xf4 bytes), align: 0
  Segment part 31.            Intra module refs:   Mode::?relay
           ENTRY                   ADDRESS         REF BY
           =====                   =======         ======
           Mode                    00002187 
               calls direct
               XSTACK = 00000000 ( 0000000B )
    -------------------------------------------------------------------------
<BANKED_CODE> 1 (was BANKED_CODE)
  Relative segment, address: CODE 0000227B - 00002286 (0xc bytes), align: 0
  Segment part 33.            Intra module refs:   Mode
           LOCAL                   ADDRESS         
           =====                   =======         
           ?Subroutine4            0000227B 
    -------------------------------------------------------------------------
<BANKED_CODE> 1 (was BANKED_CODE)
  Relative segment, address: CODE 00002287 - 00002291 (0xb bytes), align: 0
  Segment part 34.            Intra module refs:   Mode
           LOCAL                   ADDRESS         
           =====                   =======         
           ?Subroutine3            00002287 
    -------------------------------------------------------------------------
<BANKED_CODE> 1 (was BANKED_CODE)
  Relative segment, address: CODE 00002292 - 000022C2 (0x31 bytes), align: 0
  Segment part 35.            Intra module refs:   ShowLCD::?relay
           ENTRY                   ADDRESS         REF BY
           =====                   =======         ======
           ShowLCD                 00002292 
               calls direct
               XSTACK = 0000000B ( 00000000 )
               ISTACK = 00000000 ( 00000002 )
    -------------------------------------------------------------------------
<BANKED_CODE> 1 (was BANKED_CODE)
  Relative segment, address: CODE 000022C3 - 00002308 (0x46 bytes), align: 0
  Segment part 37.            Intra module refs:   BreakMode::?relay
           ENTRY                   ADDRESS         REF BY
           =====                   =======         ======
           BreakMode               000022C3 
               calls direct
               XSTACK = 0000000B ( 00000009 )
    -------------------------------------------------------------------------
<BANKED_CODE> 1 (was BANKED_CODE)
  Relative segment, address: CODE 00002309 - 0000230D (0x5 bytes), align: 0
  Segment part 39.            Intra module refs:   BreakMode
                                                   SendData
           LOCAL                   ADDRESS         
           =====                   =======         
           ?Subroutine1            00002309 
    -------------------------------------------------------------------------
<BANKED_CODE> 1 (was BANKED_CODE)
  Relative segment, address: CODE 0000230E - 00002326 (0x19 bytes), align: 0
  Segment part 40.            Intra module refs:   SendData::?relay
           ENTRY                   ADDRESS         REF BY
           =====                   =======         ======
           SendData                0000230E 
               calls direct
               XSTACK = 0000000B ( 00000009 )
    -------------------------------------------------------------------------
XDATA_ID
  Relative segment, address: CODE 00000142 - 0000014E (0xd bytes), align: 0
  Segment part 7.             Intra module refs:   Segment part 6
    -------------------------------------------------------------------------
XDATA_ID
  Relative segment, address: CODE 0000014F - 0000015E (0x10 bytes), align: 0
  Segment part 9.             Intra module refs:   Segment part 8
    -------------------------------------------------------------------------
XDATA_ID
  Relative segment, address: CODE 0000015F - 00000160 (0x2 bytes), align: 0
  Segment part 11.            Intra module refs:   Segment part 10
    -------------------------------------------------------------------------
XDATA_ID
  Relative segment, address: CODE 00000161 - 00000162 (0x2 bytes), align: 0
  Segment part 13.            Intra module refs:   Segment part 12
    -------------------------------------------------------------------------
XDATA_ID
  Relative segment, address: CODE 00000163 - 0000016F (0xd bytes), align: 0
  Segment part 15.            Intra module refs:   Segment part 14
    -------------------------------------------------------------------------
XDATA_ID
  Relative segment, address: CODE 00000170 - 00000178 (0x9 bytes), align: 0
  Segment part 17.            Intra module refs:   Segment part 16
    -------------------------------------------------------------------------
XDATA_ID
  Relative segment, address: CODE 00000179 - 00000188 (0x10 bytes), align: 0
  Segment part 19.            Intra module refs:   Segment part 18
    -------------------------------------------------------------------------
BANK_RELAYS
  Relative segment, address: CODE 000001B9 - 000001BE (0x6 bytes), align: 0
  Segment part 29.            Intra module refs:   main
           ENTRY                   ADDRESS         REF BY
           =====                   =======         ======
           SlaveInit::?relay       000001B9 
    -------------------------------------------------------------------------
BANK_RELAYS
  Relative segment, address: CODE 000001BF - 000001C4 (0x6 bytes), align: 0
  Segment part 32.            Intra module refs:   main
           ENTRY                   ADDRESS         REF BY
           =====                   =======         ======
           Mode::?relay            000001BF 
    -------------------------------------------------------------------------
BANK_RELAYS
  Relative segment, address: CODE 000001C5 - 000001CA (0x6 bytes), align: 0
  Segment part 36.            Intra module refs:   Mode
           ENTRY                   ADDRESS         REF BY
           =====                   =======         ======
           ShowLCD::?relay         000001C5 
    -------------------------------------------------------------------------
BANK_RELAYS
  Relative segment, address: CODE 000001CB - 000001D0 (0x6 bytes), align: 0
  Segment part 38.            Intra module refs:   Mode
           ENTRY                   ADDRESS         REF BY
           =====                   =======         ======
           BreakMode::?relay       000001CB 
    -------------------------------------------------------------------------
BANK_RELAYS
  Relative segment, address: CODE 000001D1 - 000001D6 (0x6 bytes), align: 0
  Segment part 41.            Intra module refs:   Mode
           ENTRY                   ADDRESS         REF BY
           =====                   =======         ======
           SendData::?relay        000001D1 
    -------------------------------------------------------------------------
XDATA_I
  Relative segment, address: XDATA 0000054A - 00000556 (0xd bytes), align: 0
  Segment part 6.             Intra module refs:   SlaveInit
    -------------------------------------------------------------------------
XDATA_I
  Relative segment, address: XDATA 00000557 - 00000566 (0x10 bytes), align: 0
  Segment part 8.             Intra module refs:   SlaveInit
    -------------------------------------------------------------------------
XDATA_I
  Relative segment, address: XDATA 00000567 - 00000568 (0x2 bytes), align: 0
  Segment part 10.            Intra module refs:   Mode
    -------------------------------------------------------------------------
XDATA_I
  Relative segment, address: XDATA 00000569 - 0000056A (0x2 bytes), align: 0
  Segment part 12.            Intra module refs:   Mode
    -------------------------------------------------------------------------
XDATA_I
  Relative segment, address: XDATA 0000056B - 00000577 (0xd bytes), align: 0
  Segment part 14.            Intra module refs:   ShowLCD
    -------------------------------------------------------------------------
XDATA_I
  Relative segment, address: XDATA 00000578 - 00000580 (0x9 bytes), align: 0
  Segment part 16.            Intra module refs:   ShowLCD
    -------------------------------------------------------------------------
XDATA_I
  Relative segment, address: XDATA 00000581 - 00000590 (0x10 bytes), align: 0
  Segment part 18.            Intra module refs:   BreakMode

    *************************************************************************

  FILE NAME : C:\Users\´^§Ó»¨\Desktop\DSP_Wireless_¶i¶¥´Ú\DSP_2530_Code\Slave_A\ex_M230\debug\Obj\basic_rf.r51
  PROGRAM MODULE, NAME : basic_rf

  SEGMENTS IN THE MODULE
  ======================
XDATA_I
  Relative segment, address: XDATA 00000591 - 0000059C (0xc bytes), align: 0
  Segment part 6.             Intra module refs:   ?Subroutine2
                                                   basicRfInit
                                                   basicRfPacketIsReady
                                                   basicRfReceive
                                                   basicRfRxFrmDoneIsr
           LOCAL                   ADDRESS         
           =====                   =======         
           rxi                     00000591 
    -------------------------------------------------------------------------
XDATA_I
  Relative segment, address: XDATA 0000059D - 000005A0 (0x4 bytes), align: 0
  Segment part 12.            Intra module refs:   basicRfInit
                                                   convInt32ToText (util)
           ENTRY                   ADDRESS         REF BY
           =====                   =======         ======
           __Constant_0            0000059D 
    -------------------------------------------------------------------------
XDATA_Z
  Relative segment, address: XDATA 0000030F - 00000315 (0x7 bytes), align: 0
  Segment part 8.             Intra module refs:   basicRfInit
                                                   basicRfReceiveOn
                                                   basicRfRxFrmDoneIsr
                                                   basicRfSendPacket
           LOCAL                   ADDRESS         
           =====                   =======         
           txState                 0000030F 
    -------------------------------------------------------------------------
XDATA_Z
  Relative segment, address: XDATA 00000316 - 00000317 (0x2 bytes), align: 0
  Segment part 9.             Intra module refs:   ?Subroutine5
                                                   ?Subroutine6
                                                   basicRfInit
                                                   basicRfSendPacket
           LOCAL                   ADDRESS         
           =====                   =======         
           pConfig                 00000316 
    -------------------------------------------------------------------------
XDATA_Z
  Relative segment, address: XDATA 00000318 - 0000038A (0x73 bytes), align: 0
  Segment part 10.            Intra module refs:   basicRfSendPacket
           LOCAL                   ADDRESS         
           =====                   =======         
           txMpdu                  00000318 
    -------------------------------------------------------------------------
XDATA_Z
  Relative segment, address: XDATA 0000038B - 0000040A (0x80 bytes), align: 0
  Segment part 11.            Intra module refs:   ?Subroutine4
                                                   basicRfRxFrmDoneIsr
           LOCAL                   ADDRESS         
           =====                   =======         
           rxMpdu                  0000038B 
    -------------------------------------------------------------------------
<BANKED_CODE> 1 (was BANKED_CODE)
  Relative segment, address: CODE 00001DD5 - 00001EA9 (0xd5 bytes), align: 0
  Segment part 14.            Intra module refs:   basicRfRxFrmDoneIsr::?relay
           LOCAL                   ADDRESS         
           =====                   =======         
           basicRfRxFrmDoneIsr     00001DD5 
               calls direct, is indirectly called
               ISTACK = 00000000 ( 00000002 )
    -------------------------------------------------------------------------
<BANKED_CODE> 1 (was BANKED_CODE)
  Relative segment, address: CODE 00001EAA - 00001EB7 (0xe bytes), align: 0
  Segment part 16.            Intra module refs:   basicRfRxFrmDoneIsr
           LOCAL                   ADDRESS         
           =====                   =======         
           ?Subroutine4            00001EAA 
    -------------------------------------------------------------------------
<BANKED_CODE> 1 (was BANKED_CODE)
  Relative segment, address: CODE 00001EB8 - 00001EBA (0x3 bytes), align: 0
  Segment part 17.            Intra module refs:   basicRfReceive
                                                   basicRfRxFrmDoneIsr
           LOCAL                   ADDRESS         
           =====                   =======         
           ?Subroutine2            00001EB8 
    -------------------------------------------------------------------------
<BANKED_CODE> 1 (was BANKED_CODE)
  Relative segment, address: CODE 00001EBB - 00001EC1 (0x7 bytes), align: 0
  Segment part 18.            Intra module refs:   ?Subroutine2
                                                   basicRfReceive
    -------------------------------------------------------------------------
<BANKED_CODE> 1 (was BANKED_CODE)
  Relative segment, address: CODE 00001EC2 - 00001EC2 (0x1 bytes), align: 0
  Segment part 19.            Intra module refs:   basicRfPacketIsReady
           LOCAL                   ADDRESS         
           =====                   =======         
           ?Subroutine0            00001EC2 
    -------------------------------------------------------------------------
<BANKED_CODE> 1 (was BANKED_CODE)
  Relative segment, address: CODE 00001EC3 - 00001EC9 (0x7 bytes), align: 0
  Segment part 20.            Intra module refs:   ?Subroutine0
                                                   basicRfReceiveOn
                                                   basicRfRxFrmDoneIsr
    -------------------------------------------------------------------------
<BANKED_CODE> 1 (was BANKED_CODE)
  Relative segment, address: CODE 00001ECA - 00001F31 (0x68 bytes), align: 0
  Segment part 21.            Intra module refs:   basicRfInit::?relay
           ENTRY                   ADDRESS         REF BY
           =====                   =======         ======
           basicRfInit             00001ECA 
               calls direct
               XSTACK = 00000000 ( 00000009 )
    -------------------------------------------------------------------------
<BANKED_CODE> 1 (was BANKED_CODE)
  Relative segment, address: CODE 00001F32 - 00001F35 (0x4 bytes), align: 0
  Segment part 23.            Intra module refs:   basicRfInit
           LOCAL                   ADDRESS         
           =====                   =======         
           ?Subroutine3            00001F32 
    -------------------------------------------------------------------------
<BANKED_CODE> 1 (was BANKED_CODE)
  Relative segment, address: CODE 00001F36 - 00001F3B (0x6 bytes), align: 0
  Segment part 24.            Intra module refs:   ?Subroutine1
                                                   ?Subroutine3
           LOCAL                   ADDRESS         
           =====                   =======         
           ?Subroutine6            00001F36 
    -------------------------------------------------------------------------
<BANKED_CODE> 1 (was BANKED_CODE)
  Relative segment, address: CODE 00001F3C - 00001F43 (0x8 bytes), align: 0
  Segment part 25.            Intra module refs:   ?Subroutine6
                                                   basicRfSendPacket
    -------------------------------------------------------------------------
<BANKED_CODE> 1 (was BANKED_CODE)
  Relative segment, address: CODE 00001F44 - 00002030 (0xed bytes), align: 0
  Segment part 26.            Intra module refs:   basicRfSendPacket::?relay
           ENTRY                   ADDRESS         REF BY
           =====                   =======         ======
           basicRfSendPacket       00001F44 
               calls direct
               XSTACK = 00000000 ( 0000000C )
               ISTACK = 00000000 ( 00000001 )
    -------------------------------------------------------------------------
<BANKED_CODE> 1 (was BANKED_CODE)
  Relative segment, address: CODE 00002031 - 0000203D (0xd bytes), align: 0
  Segment part 28.            Intra module refs:   basicRfInit
                                                   basicRfSendPacket
           LOCAL                   ADDRESS         
           =====                   =======         
           ?Subroutine5            00002031 
    -------------------------------------------------------------------------
<BANKED_CODE> 1 (was BANKED_CODE)
  Relative segment, address: CODE 0000203E - 00002045 (0x8 bytes), align: 0
  Segment part 29.            Intra module refs:   basicRfSendPacket
           LOCAL                   ADDRESS         
           =====                   =======         
           ?Subroutine1            0000203E 
    -------------------------------------------------------------------------
<BANKED_CODE> 1 (was BANKED_CODE)
  Relative segment, address: CODE 00002046 - 00002050 (0xb bytes), align: 0
  Segment part 30.            Intra module refs:   basicRfPacketIsReady::?relay
           ENTRY                   ADDRESS         REF BY
           =====                   =======         ======
           basicRfPacketIsReady    00002046 
               ISTACK = 00000000 ( 00000002 )
    -------------------------------------------------------------------------
<BANKED_CODE> 1 (was BANKED_CODE)
  Relative segment, address: CODE 00002051 - 000020E5 (0x95 bytes), align: 0
  Segment part 32.            Intra module refs:   basicRfReceive::?relay
           ENTRY                   ADDRESS         REF BY
           =====                   =======         ======
           basicRfReceive          00002051 
               calls direct
               XSTACK = 00000000 ( 00000010 )
    -------------------------------------------------------------------------
<BANKED_CODE> 1 (was BANKED_CODE)
  Relative segment, address: CODE 000020E6 - 000020F5 (0x10 bytes), align: 0
  Segment part 36.            Intra module refs:   basicRfReceiveOn::?relay
           ENTRY                   ADDRESS         REF BY
           =====                   =======         ======
           basicRfReceiveOn        000020E6 
               calls direct
               ISTACK = 00000000 ( 00000002 )
    -------------------------------------------------------------------------
XDATA_ID
  Relative segment, address: CODE 00000189 - 00000194 (0xc bytes), align: 0
  Segment part 7.             Intra module refs:   rxi
    -------------------------------------------------------------------------
XDATA_ID
  Relative segment, address: CODE 00000195 - 00000198 (0x4 bytes), align: 0
  Segment part 13.            Intra module refs:   __Constant_0
    -------------------------------------------------------------------------
BANK_RELAYS
  Relative segment, address: CODE 000001D7 - 000001DC (0x6 bytes), align: 0
  Segment part 15.            Intra module refs:   basicRfInit
           LOCAL                   ADDRESS         
           =====                   =======         
           basicRfRxFrmDoneIsr::?relay
                                   000001D7 
    -------------------------------------------------------------------------
BANK_RELAYS
  Relative segment, address: CODE 000001DD - 000001E2 (0x6 bytes), align: 0
  Segment part 22.
           ENTRY                   ADDRESS         REF BY
           =====                   =======         ======
           basicRfInit::?relay     000001DD        SlaveInit (Slave_A)
    -------------------------------------------------------------------------
BANK_RELAYS
  Relative segment, address: CODE 000001E3 - 000001E8 (0x6 bytes), align: 0
  Segment part 27.
           ENTRY                   ADDRESS         REF BY
           =====                   =======         ======
           basicRfSendPacket::?relay
                                   000001E3        SendData (Slave_A)
    -------------------------------------------------------------------------
BANK_RELAYS
  Relative segment, address: CODE 000001E9 - 000001EE (0x6 bytes), align: 0
  Segment part 31.
           ENTRY                   ADDRESS         REF BY
           =====                   =======         ======
           basicRfPacketIsReady::?relay
                                   000001E9        main (Slave_A)
    -------------------------------------------------------------------------
BANK_RELAYS
  Relative segment, address: CODE 000001EF - 000001F4 (0x6 bytes), align: 0
  Segment part 33.
           ENTRY                   ADDRESS         REF BY
           =====                   =======         ======
           basicRfReceive::?relay
                                   000001EF        BreakMode (Slave_A)
                                                   main (Slave_A)
    -------------------------------------------------------------------------
BANK_RELAYS
  Relative segment, address: CODE 000001F5 - 000001FA (0x6 bytes), align: 0
  Segment part 37.
           ENTRY                   ADDRESS         REF BY
           =====                   =======         ======
           basicRfReceiveOn::?relay
                                   000001F5        SlaveInit (Slave_A)

    *************************************************************************

  FILE NAME : C:\Users\´^§Ó»¨\Desktop\DSP_Wireless_¶i¶¥´Ú\DSP_2530_Code\Slave_A\ex_M230\debug\Obj\basic_rf_security.r51
    *************************************************************************

  FILE NAME : C:\Users\´^§Ó»¨\Desktop\DSP_Wireless_¶i¶¥´Ú\DSP_2530_Code\Slave_A\ex_M230\debug\Obj\hal_adc.r51
  PROGRAM MODULE, NAME : hal_adc

  SEGMENTS IN THE MODULE
  ======================
SFR_AN
  Relative segment, address: DATA 00000088 - 00000088 (0x1 bytes), align: 0
  Segment part 1. ROOT.
           ENTRY                   ADDRESS         REF BY
           =====                   =======         ======
           _A_TCON                 00000088 
           LOCAL                   ADDRESS         
           =====                   =======         
           TCON                    00000088 
    -------------------------------------------------------------------------
SFR_AN
  Relative segment, address: DATA 000000B6 - 000000B6 (0x1 bytes), align: 0
  Segment part 2. ROOT.
           ENTRY                   ADDRESS         REF BY
           =====                   =======         ======
           ADCCON3                 000000B6 
    -------------------------------------------------------------------------
SFR_AN
  Relative segment, address: DATA 000000BA - 000000BA (0x1 bytes), align: 0
  Segment part 3. ROOT.
           ENTRY                   ADDRESS         REF BY
           =====                   =======         ======
           ADCL                    000000BA 
    -------------------------------------------------------------------------
SFR_AN
  Relative segment, address: DATA 000000BB - 000000BB (0x1 bytes), align: 0
  Segment part 4. ROOT.
           ENTRY                   ADDRESS         REF BY
           =====                   =======         ======
           ADCH                    000000BB 
    -------------------------------------------------------------------------
SFR_AN
  Relative segment, address: DATA 000000F2 - 000000F2 (0x1 bytes), align: 0
  Segment part 5. ROOT.       Intra module refs:   halUartInit (hal_uart)
           ENTRY                   ADDRESS         REF BY
           =====                   =======         ======
           ADCCFG                  000000F2 

    *************************************************************************

  FILE NAME : C:\Users\´^§Ó»¨\Desktop\DSP_Wireless_¶i¶¥´Ú\DSP_2530_Code\Slave_A\ex_M230\debug\Obj\hal_board.r51
  PROGRAM MODULE, NAME : hal_board

  SEGMENTS IN THE MODULE
  ======================
SFR_AN
  Relative segment, address: DATA 00000090 - 00000090 (0x1 bytes), align: 0
  Segment part 2. ROOT.       Intra module refs:   halBoardInit
                                                   halLedSet (hal_led)
                                                   halLedSetPort (hal_led)
                                                   halLedToggle (hal_led)
                                                   lcdCommand (hal_lcd)
                                                   lcdData (hal_lcd)
           ENTRY                   ADDRESS         REF BY
           =====                   =======         ======
           _A_P1                   00000090 
           LOCAL                   ADDRESS         
           =====                   =======         
           P1                      00000090 
    -------------------------------------------------------------------------
SFR_AN
  Relative segment, address: DATA 000000A0 - 000000A0 (0x1 bytes), align: 0
  Segment part 3. ROOT.       Intra module refs:   halBoardInit
                                                   halKeypadI2cAck (hal_keypad)
                                                   halKeypadI2cStart (hal_keypad)
                                                   halKeypadI2cStop (hal_keypad)
                                                   halKeypadI2cWrite (hal_keypad)
                                                   lcdCommand (hal_lcd)
                                                   lcdData (hal_lcd)
           ENTRY                   ADDRESS         REF BY
           =====                   =======         ======
           _A_P2                   000000A0 
           LOCAL                   ADDRESS         
           =====                   =======         
           P2                      000000A0 
    -------------------------------------------------------------------------
SFR_AN
  Relative segment, address: DATA 000000F4 - 000000F4 (0x1 bytes), align: 0
  Segment part 5. ROOT.       Intra module refs:   halBoardInit
           ENTRY                   ADDRESS         REF BY
           =====                   =======         ======
           P1SEL                   000000F4 
    -------------------------------------------------------------------------
SFR_AN
  Relative segment, address: DATA 000000F5 - 000000F5 (0x1 bytes), align: 0
  Segment part 6. ROOT.       Intra module refs:   halBoardInit
           ENTRY                   ADDRESS         REF BY
           =====                   =======         ======
           P2SEL                   000000F5 
    -------------------------------------------------------------------------
SFR_AN
  Relative segment, address: DATA 000000FE - 000000FE (0x1 bytes), align: 0
  Segment part 9. ROOT.       Intra module refs:   halBoardInit
           ENTRY                   ADDRESS         REF BY
           =====                   =======         ======
           P1DIR                   000000FE 
    -------------------------------------------------------------------------
SFR_AN
  Relative segment, address: DATA 000000FF - 000000FF (0x1 bytes), align: 0
  Segment part 10. ROOT.      Intra module refs:   halBoardInit
           ENTRY                   ADDRESS         REF BY
           =====                   =======         ======
           P2DIR                   000000FF 
    -------------------------------------------------------------------------
XDATA_Z
  Relative segment, address: XDATA 0000040B - 0000040B (0x1 bytes), align: 0
  Segment part 18.            Intra module refs:   halBoardInit
           ENTRY                   ADDRESS         REF BY
           =====                   =======         ======
           pLedData                0000040B        ?Subroutine0 (hal_lcd)
                                                   ?Subroutine0 (hal_led)
                                                   halLedSet (hal_led)
                                                   halLedToggle (hal_led)
    -------------------------------------------------------------------------
<BANKED_CODE> 1 (was BANKED_CODE)
  Relative segment, address: CODE 0000277B - 000027CE (0x54 bytes), align: 0
  Segment part 19.            Intra module refs:   halBoardInit::?relay
           ENTRY                   ADDRESS         REF BY
           =====                   =======         ======
           halBoardInit            0000277B 
               calls direct
               ISTACK = 00000000 ( 00000002 )
    -------------------------------------------------------------------------
BANK_RELAYS
  Relative segment, address: CODE 000001FB - 00000200 (0x6 bytes), align: 0
  Segment part 20.
           ENTRY                   ADDRESS         REF BY
           =====                   =======         ======
           halBoardInit::?relay    000001FB        SlaveInit (Slave_A)

    *************************************************************************

  FILE NAME : C:\Users\´^§Ó»¨\Desktop\DSP_Wireless_¶i¶¥´Ú\DSP_2530_Code\Slave_A\ex_M230\debug\Obj\hal_button.r51
  PROGRAM MODULE, NAME : hal_button

  SEGMENTS IN THE MODULE
  ======================

    *************************************************************************

  FILE NAME : C:\Users\´^§Ó»¨\Desktop\DSP_Wireless_¶i¶¥´Ú\DSP_2530_Code\Slave_A\ex_M230\debug\Obj\hal_buzzer.r51
    *************************************************************************

  FILE NAME : C:\Users\´^§Ó»¨\Desktop\DSP_Wireless_¶i¶¥´Ú\DSP_2530_Code\Slave_A\ex_M230\debug\Obj\hal_clock.r51
  PROGRAM MODULE, NAME : hal_clock

  SEGMENTS IN THE MODULE
  ======================
SFR_AN
  Relative segment, address: DATA 0000009D - 0000009D (0x1 bytes), align: 0
  Segment part 1. ROOT.       Intra module refs:   clockSetMainSrc
           ENTRY                   ADDRESS         REF BY
           =====                   =======         ======
           SLEEPSTA                0000009D 
    -------------------------------------------------------------------------
SFR_AN
  Relative segment, address: DATA 0000009E - 0000009E (0x1 bytes), align: 0
  Segment part 2. ROOT.       Intra module refs:   clockSetMainSrc
           ENTRY                   ADDRESS         REF BY
           =====                   =======         ======
           CLKCONSTA               0000009E 
    -------------------------------------------------------------------------
SFR_AN
  Relative segment, address: DATA 000000BE - 000000BE (0x1 bytes), align: 0
  Segment part 3. ROOT.       Intra module refs:   clockSetMainSrc
           ENTRY                   ADDRESS         REF BY
           =====                   =======         ======
           SLEEPCMD                000000BE 
    -------------------------------------------------------------------------
SFR_AN
  Relative segment, address: DATA 000000C6 - 000000C6 (0x1 bytes), align: 0
  Segment part 4. ROOT.       Intra module refs:   clockSetMainSrc
           ENTRY                   ADDRESS         REF BY
           =====                   =======         ======
           CLKCONCMD               000000C6 
    -------------------------------------------------------------------------
<BANKED_CODE> 1 (was BANKED_CODE)
  Relative segment, address: CODE 00002855 - 00002888 (0x34 bytes), align: 0
  Segment part 10.            Intra module refs:   clockSetMainSrc::?relay
           ENTRY                   ADDRESS         REF BY
           =====                   =======         ======
           clockSetMainSrc         00002855 
    -------------------------------------------------------------------------
BANK_RELAYS
  Relative segment, address: CODE 00000201 - 00000206 (0x6 bytes), align: 0
  Segment part 11.
           ENTRY                   ADDRESS         REF BY
           =====                   =======         ======
           clockSetMainSrc::?relay
                                   00000201        halMcuInit (hal_mcu)

    *************************************************************************

  FILE NAME : C:\Users\´^§Ó»¨\Desktop\DSP_Wireless_¶i¶¥´Ú\DSP_2530_Code\Slave_A\ex_M230\debug\Obj\hal_digio.r51
  PROGRAM MODULE, NAME : hal_digio

  SEGMENTS IN THE MODULE
  ======================
SFR_AN
  Relative segment, address: DATA 00000089 - 00000089 (0x1 bytes), align: 0
  Segment part 2. ROOT.       Intra module refs:   port0_ISR
           ENTRY                   ADDRESS         REF BY
           =====                   =======         ======
           P0IFG                   00000089 
    -------------------------------------------------------------------------
SFR_AN
  Relative segment, address: DATA 0000008A - 0000008A (0x1 bytes), align: 0
  Segment part 3. ROOT.       Intra module refs:   port1_ISR
           ENTRY                   ADDRESS         REF BY
           =====                   =======         ======
           P1IFG                   0000008A 
    -------------------------------------------------------------------------
SFR_AN
  Relative segment, address: DATA 0000008B - 0000008B (0x1 bytes), align: 0
  Segment part 4. ROOT.       Intra module refs:   port2_ISR
           ENTRY                   ADDRESS         REF BY
           =====                   =======         ======
           P2IFG                   0000008B 
    -------------------------------------------------------------------------
SFR_AN
  Relative segment, address: DATA 0000008C - 0000008C (0x1 bytes), align: 0
  Segment part 5. ROOT.
[...]
           =====                   =======         ======
           ?S_SHL                  00000457        halLcdWriteChar (hal_lcd)
                                                   port0_ISR (hal_digio)
                                                   port1_ISR (hal_digio)
                                                   port2_ISR (hal_digio)
    -------------------------------------------------------------------------
RCODE
  Relative segment, address: CODE 0000045A - 0000045C (0x3 bytes), align: 0
  Segment part 1.             Intra module refs:   Segment part 2
           ENTRY                   ADDRESS         REF BY
           =====                   =======         ======
           ?S_SHL_REW              0000045A 
    -------------------------------------------------------------------------
RCODE
  Relative segment, address: CODE 0000045D - 00000469 (0xd bytes), align: 0
  Segment part 2.             Intra module refs:   ?S_SHL
                                                   ?S_SHL_REW

    -------------------------------------------------------------------------
  LIBRARY MODULE, NAME : ?ALLOC_XSTACK8

  SEGMENTS IN THE MODULE
  ======================
RCODE
  Relative segment, address: CODE 0000046A - 0000047F (0x16 bytes), align: 0
  Segment part 0.
           ENTRY                   ADDRESS         REF BY
           =====                   =======         ======
           ?ALLOC_XSTACK8          0000046A        convInt32ToText (util)

    -------------------------------------------------------------------------
  LIBRARY MODULE, NAME : ?DEALLOC_XSTACK8

  SEGMENTS IN THE MODULE
  ======================
RCODE
  Relative segment, address: CODE 00000480 - 00000499 (0x1a bytes), align: 0
  Segment part 0.
           ENTRY                   ADDRESS         REF BY
           =====                   =======         ======
           ?DEALLOC_XSTACK8        00000480        basicRfReceive (basic_rf)
                                                   convInt32ToText (util)

    -------------------------------------------------------------------------
  LIBRARY MODULE, NAME : ?ADD_XSTACK_DISP8

  SEGMENTS IN THE MODULE
  ======================
RCODE
  Relative segment, address: CODE 0000049A - 000004B4 (0x1b bytes), align: 0
  Segment part 1.
           ENTRY                   ADDRESS         REF BY
           =====                   =======         ======
           ?ADD_XSTACK_DISP0_8     0000049A        ?PUSH_XSTACK_I (?PUSH_XSTACK_I)

    -------------------------------------------------------------------------
  LIBRARY MODULE, NAME : ?XSTACK_DISP8

  SEGMENTS IN THE MODULE
  ======================
RCODE
  Relative segment, address: CODE 000004B5 - 000004BE (0xa bytes), align: 0
  Segment part 1.
           ENTRY                   ADDRESS         REF BY
           =====                   =======         ======
           ?XSTACK_DISP0_8         000004B5        convInt32ToText (util)
                                                   memcpy (?memcpy)

    -------------------------------------------------------------------------
  LIBRARY MODULE, NAME : ?CALL_IND

  SEGMENTS IN THE MODULE
  ======================
RCODE
  Relative segment, address: CODE 000004BF - 000004C0 (0x2 bytes), align: 0
  Segment part 0.
           ENTRY                   ADDRESS         REF BY
           =====                   =======         ======
           ?CALL_IND               000004BF        port0_ISR (hal_digio)
                                                   port1_ISR (hal_digio)
                                                   port2_ISR (hal_digio)
                                                   rfIsr (hal_rf)

    -------------------------------------------------------------------------
  LIBRARY MODULE, NAME : ?BANKED_ENTER_XDATA

  SEGMENTS IN THE MODULE
  ======================
RCODE
  Relative segment, address: CODE 000004C1 - 0000052C (0x6c bytes), align: 0
  Segment part 1.
           ENTRY                   ADDRESS         REF BY
           =====                   =======         ======
           ?BANKED_ENTER_XDATA     000004C1        BreakMode (Slave_A)
                                                   LedProgram (Program)
                                                   Mode (Slave_A)
                                                   SendData (Slave_A)
                                                   basicRfInit (basic_rf)
                                                   basicRfReceive (basic_rf)
                                                   basicRfSendPacket (basic_rf)
                                                   convInt32ToText (util)
                                                   halKeypadI2cWrite (hal_keypad)
                                                   halKeypadWriteRegister (hal_keypad)
                                                   halLcdClear (hal_lcd)
                                                   halLcdDisplayUint16 (hal_lcd)
                                                   halLcdDisplayUint8 (hal_lcd)
                                                   halLcdWriteChar (hal_lcd)
                                                   halLcdWriteString (hal_lcd)
                                                   halMcuWaitMs (hal_mcu)
                                                   halRfWriteTxBuf (hal_rf)
                                                   lcdCommand (hal_lcd)
                                                   lcdData (hal_lcd)
                                                   memcpy (?memcpy)

    -------------------------------------------------------------------------
  LIBRARY MODULE, NAME : ?BANKED_LEAVE_XDATA

  SEGMENTS IN THE MODULE
  ======================
RCODE
  Relative segment, address: CODE 0000052D - 00000572 (0x46 bytes), align: 0
  Segment part 1.
           ENTRY                   ADDRESS         REF BY
           =====                   =======         ======
           ?BANKED_LEAVE_XDATA     0000052D        ?Subroutine1 (Slave_A)
                                                   ?Subroutine1 (hal_lcd)
                                                   ?Subroutine2 (hal_lcd)
                                                   ?Subroutine2 (hal_rf)
                                                   ?Subroutine3 (hal_lcd)
                                                   ?Subroutine4 (hal_lcd)
                                                   LedProgram (Program)
                                                   Mode (Slave_A)
                                                   Segment part 23 (hal_lcd)
                                                   Segment part 26 (hal_keypad)
                                                   basicRfInit (basic_rf)
                                                   basicRfReceive (basic_rf)
                                                   basicRfSendPacket (basic_rf)
                                                   convInt32ToText (util)
                                                   halMcuWaitMs (hal_mcu)
                                                   memcpy (?memcpy)

    -------------------------------------------------------------------------
  LIBRARY MODULE, NAME : ?INTERRUPT_ENTER_XSP

  SEGMENTS IN THE MODULE
  ======================
RCODE
  Relative segment, address: CODE 00000573 - 000005D1 (0x5f bytes), align: 0
  Segment part 1.
           ENTRY                   ADDRESS         REF BY
           =====                   =======         ======
           ?INTERRUPT_ENTER_XSP    00000573        port0_ISR (hal_digio)
                                                   port1_ISR (hal_digio)
                                                   port2_ISR (hal_digio)
                                                   rfIsr (hal_rf)

    -------------------------------------------------------------------------
  LIBRARY MODULE, NAME : ?INTERRUPT_LEAVE_XSP

  SEGMENTS IN THE MODULE
  ======================
RCODE
  Relative segment, address: CODE 000005D2 - 00000629 (0x58 bytes), align: 0
  Segment part 1.
           ENTRY                   ADDRESS         REF BY
           =====                   =======         ======
           ?INTERRUPT_LEAVE_XSP    000005D2        ?Subroutine1 (hal_digio)
                                                   rfIsr (hal_rf)

    -------------------------------------------------------------------------
  LIBRARY MODULE, NAME : ?PUSH_XSTACK_I

  SEGMENTS IN THE MODULE
  ======================
RCODE
  Relative segment, address: CODE 0000062A - 0000062D (0x4 bytes), align: 0
  Segment part 2.
           ENTRY                   ADDRESS         REF BY
           =====                   =======         ======
           ?PUSH_XSTACK_I_TWO      0000062A        basicRfReceive (basic_rf)
    -------------------------------------------------------------------------
RCODE
  Relative segment, address: CODE 0000062E - 0000063A (0xd bytes), align: 0
  Segment part 4.             Intra module refs:   ?PUSH_XSTACK_I_TWO
           ENTRY                   ADDRESS         REF BY
           =====                   =======         ======
           ?PUSH_XSTACK_I          0000062E 

    -------------------------------------------------------------------------
  LIBRARY MODULE, NAME : ?UC_SWITCH_DENSE

  SEGMENTS IN THE MODULE
  ======================
RCODE
  Relative segment, address: CODE 0000063B - 00000640 (0x6 bytes), align: 0
  Segment part 0.
           ENTRY                   ADDRESS         REF BY
           =====                   =======         ======
           ?UC_SWITCH_DENSE        0000063B        READProgram (Program)
    -------------------------------------------------------------------------
RCODE
  Relative segment, address: CODE 00000641 - 0000066F (0x2f bytes), align: 0
  Segment part 2.             Intra module refs:   ?UC_SWITCH_DENSE
    -------------------------------------------------------------------------
RCODE
  Relative segment, address: CODE 00000670 - 00000670 (0x1 bytes), align: 0
  Segment part 4.             Intra module refs:   ?UC_SWITCH_DENSE

    -------------------------------------------------------------------------
  LIBRARY MODULE, NAME : ?memcpy

  SEGMENTS IN THE MODULE
  ======================
<BANKED_CODE> 1 (was BANKED_CODE)
  Relative segment, address: CODE 000027CF - 00002814 (0x46 bytes), align: 0
  Segment part 6.             Intra module refs:   memcpy::?relay
           ENTRY                   ADDRESS         REF BY
           =====                   =======         ======
           memcpy                  000027CF 
               XSTACK = 00000002 ( 0000000A )
               ISTACK = 00000000 ( 00000001 )
    -------------------------------------------------------------------------
BANK_RELAYS
  Relative segment, address: CODE 000002EB - 000002F0 (0x6 bytes), align: 0
  Segment part 7.
           ENTRY                   ADDRESS         REF BY
           =====                   =======         ======
           memcpy::?relay          000002EB        basicRfReceive (basic_rf)

    -------------------------------------------------------------------------
  LIBRARY MODULE, NAME : ?strlen

  SEGMENTS IN THE MODULE
  ======================
<BANKED_CODE> 1 (was BANKED_CODE)
  Relative segment, address: CODE 00002889 - 000028A6 (0x1e bytes), align: 0
  Segment part 6.             Intra module refs:   strlen::?relay
           ENTRY                   ADDRESS         REF BY
           =====                   =======         ======
           strlen                  00002889 
               ISTACK = 00000000 ( 00000002 )
    -------------------------------------------------------------------------
BANK_RELAYS
  Relative segment, address: CODE 000002F1 - 000002F6 (0x6 bytes), align: 0
  Segment part 7.
           ENTRY                   ADDRESS         REF BY
           =====                   =======         ======
           strlen::?relay          000002F1        halLcdWriteString (hal_lcd)

    -------------------------------------------------------------------------
  LIBRARY MODULE, NAME : ?low_level_init

  SEGMENTS IN THE MODULE
  ======================
CSTART
  Relative segment, address: CODE 0000013F - 00000141 (0x3 bytes), align: 0
  Segment part 6. ROOT.
           ENTRY                   ADDRESS         REF BY
           =====                   =======         ======
           __low_level_init        0000013F        __low_level_init_call (?cmain)




                ****************************************
                *                                      *
                *            MODULE SUMMARY            *
                *                                      *
                ****************************************

Module                     CODE      DATA      XDATA  IDATA    BIT
------                     ----      ----      -----  -----    ---
                          (Rel)  (Rel)  (Abs)  (Rel)  (Rel)  (Rel)
?ADD_XSTACK_DISP8            27
?ALLOC_XSTACK8               22
?BANKED_CODE_SUPPORT         74
?BANKED_ENTER_XDATA         108
?BANKED_LEAVE_XDATA          70
?CALL_IND                     2
?DEALLOC_XSTACK8             26
?INTERRUPT_ENTER_XSP         95
?INTERRUPT_LEAVE_XSP         88
?L_DIV_MOD                   87
?L_MOV_TO_X                  15
?L_MOV_X                     15
?L_NEG                       17
?L_NEG_R1                    17
?MOVE_LONG8_XDATA_IDATA      13
?PUSH_XSTACK_I               17
?SL_GT_X                     21
?SS_SHR                      16
?S_SHL                       19
?UC_SWITCH_DENSE             54
?UL_DIV_MOD                 112
?US_SHR                      15
?XLOAD_R2345                 12
?XSTACK_DISP8                10
?XSTORE_R2345                12
?cexit                        5
?cmain                       88
?low_level_init               3
?memcpy                      76
?strlen                      36
CSTARTUP                     18
  + common                    3
M230                                        1
  + shared                                  4
Program                   3 142                    8
Slave_A                     662                  589
VIRTUAL_REGISTERS                    2                           8
basic_rf                    853                  264
  + shared                                         4
hal_adc                                     4
  + shared                                  1
hal_board                    90                    1
  + shared                                  6
hal_clock                    58             4
hal_digio                   285             9     42
  + shared                  126             3
  + common
hal_int                      22
hal_keypad                  278
hal_lcd                   2 420                   16
hal_led                     227
hal_mcu                     117             1
hal_rf                      414             5      2
  + common                  134
hal_rf_security                             3
hal_uart                    231             7    262
  + common                   62
util                        294                   16
N/A (command line)                  16           256     64
N/A (alignment)
----------               ------     --     --  -----     --      -
Total:                   10 283     18     48  1 460     64      8
  + common                  134


                ****************************************
                *                                      *
                *      SEGMENTS IN ADDRESS ORDER       *
                *                                      *
                ****************************************


SEGMENT              SPACE    START ADDRESS   END ADDRESS     SIZE  TYPE  ALIGN
=======              =====    =============   ===========     ====  ====  =====
INTVEC               CODE          00000000 - 00000085          86   com    0
CSTART               CODE          00000086 - 00000141          BC   rel    0
BDATA_ID             CODE               00000142                     dse    0
BIT_ID               CODE               00000142                     dse    0
DATA_ID              CODE               00000142                     dse    0
IDATA_ID             CODE               00000142                     dse    0
IXDATA_ID            CODE               00000142                     dse    0
PDATA_ID             CODE               00000142                     dse    0
XDATA_ID             CODE          00000142 - 000001AC          6B   rel    0
BANK_RELAYS          CODE          000001AD - 000002F6         14A   rel    0
RCODE                CODE          000002F7 - 00000670         37A   rel    0
DIFUNCT              CODE               00000671                     dse    0
CODE_C               CODE          00000671 - 00000C70         600   rel    0
CODE_N               CODE               00000C71                     dse    0
NEAR_CODE            CODE          00000C71 - 00000E66         1F6   rel    0
<BANKED_CODE> 1      CODE          00000E67 - 000028B0        1A4A   rel    0
REGISTERS            DATA          00000000 - 00000007           8   rel    0
VREG                 DATA          00000008 - 0000000F           8   rel    0
PSP                  DATA               00000010                     dse    0
XSP                  DATA          00000010 - 00000011           2   rel    0
BREG                 BIT        00000020.0  -  00000020.7        8   rel    0
SFR_AN               DATA          00000080 - 00000080           1   rel    0
                     DATA          00000086 - 00000086           1 
                     DATA          00000088 - 0000008D           6 
                     DATA          0000008F - 00000091           3 
                     DATA          00000095 - 00000095           1 
                     DATA          0000009A - 0000009B           2 
                     DATA          0000009D - 0000009E           2 
                     DATA          000000A0 - 000000A0           1 
                     DATA          000000A8 - 000000A8           1 
                     DATA          000000AB - 000000AC           2 
                     DATA          000000B1 - 000000B3           3 
                     DATA          000000B6 - 000000B6           1 
                     DATA          000000B8 - 000000B8           1 
                     DATA          000000BA - 000000BB           2 
                     DATA          000000BE - 000000BE           1 
                     DATA          000000C0 - 000000C2           3 
                     DATA          000000C4 - 000000C6           3 
                     DATA          000000C9 - 000000C9           1 
                     DATA          000000D9 - 000000D9           1 
                     DATA          000000E1 - 000000E1           1 
                     DATA          000000E8 - 000000E9           2 
                     DATA          000000F1 - 000000F5           5 
                     DATA          000000F7 - 000000F7           1 
                     DATA          000000FD - 000000FF           3 
XSTACK               XDATA         00000001 - 00000100         100   rel    0
XDATA_Z              XDATA         00000101 - 00000549         449   rel    0
XDATA_I              XDATA         0000054A - 000005B4          6B   rel    0
ISTACK               IDATA         000000C0 - 000000FF          40   rel    0

                ****************************************
                *                                      *
                *        END OF CROSS REFERENCE        *
                *                                      *
                ****************************************

 10 417 bytes of CODE  memory
     18 bytes of DATA  memory (+ 48 absolute )
  1 460 bytes of XDATA memory
     64 bytes of IDATA memory
      8 bits  of BIT   memory

Errors: none
Warnings: none

